#
# A fatal error has been detected by the Java Runtime Environment:
#
#  EXCEPTION_ACCESS_VIOLATION (0xc0000005) at pc=0x0000017aa1fbfeee, pid=13472, tid=7224
#
# JRE version: OpenJDK Runtime Environment Microsoft-11369940 (21.0.7+6) (build 21.0.7+6-LTS)
# Java VM: OpenJDK 64-Bit Server VM Microsoft-11369940 (21.0.7+6-LTS, mixed mode, sharing, tiered, compressed oops, compressed class ptrs, g1 gc, windows-amd64)
# Problematic frame:
# C  0x0000017aa1fbfeee
#
# No core dump will be written. Minidumps are not enabled by default on client versions of Windows
#
# If you would like to submit a bug report, please visit:
#   https://github.com/microsoft/openjdk/issues
# The crash happened outside the Java Virtual Machine in native code.
# See problematic frame for where to report the bug.
#

---------------  S U M M A R Y ------------

Command Line: -Dfile.encoding=UTF-8 -Duser.country=US -Duser.language=en -Duser.variant Main

Host: Intel(R) Core(TM) i7-10700K CPU @ 3.80GHz, 16 cores, 15G,  Windows 11 , 64 bit Build 26100 (10.0.26100.5074)
Time: Sat Oct 11 18:48:59 2025 Arab Standard Time elapsed time: 11.407990 seconds (0d 0h 0m 11s)

---------------  T H R E A D  ---------------

Current thread (0x0000017a81ddf940):  JavaThread "main"             [_thread_in_native, id=7224, stack(0x0000002867400000,0x0000002867500000) (1024K)]

Stack: [0x0000002867400000,0x0000002867500000],  sp=0x00000028674fd7a8,  free space=1013k
Native frames: (J=compiled Java code, j=interpreted, Vv=VM code, C=native code)
C  0x0000017aa1fbfeee

Java frames: (J=compiled Java code, j=interpreted, Vv=VM code)
j  org.lwjgl.opengl.GL11C.nglTexImage2D(IIIIIIIIJ)V+0
j  org.lwjgl.opengl.GL11C.glTexImage2D(IIIIIIIILjava/nio/ByteBuffer;)V+17
j  org.lwjgl.opengl.GL11.glTexImage2D(IIIIIIIILjava/nio/ByteBuffer;)V+14
j  util.Utils.generateTexture(Ljava/nio/ByteBuffer;III)I+115
j  notspy.SpyScene.update(F)V+99
j  jade.Window.loop()V+62
j  jade.Window.run(Ljade/Scene;)V+23
j  Main.main([Ljava/lang/String;)V+12
v  ~StubRoutines::call_stub 0x0000017a9192100d

siginfo: EXCEPTION_ACCESS_VIOLATION (0xc0000005), reading address 0x0000000000000012


Registers:
RAX=0x0000017aa1fbfec0, RBX=0x0000017b04c571e0, RCX=0x0000000000000003, RDX=0x0000017b04c571e0
RSP=0x00000028674fd7a8, RBP=0x0000000000000500, RSI=0x0000000000000010, RDI=0x0000017b04c571e0
R8 =0x0000000000000500, R9 =0x0000017b04c571e0, R10=0x0000000000000010, R11=0x0000017b04c571e0
R12=0x0000000000001400, R13=0x00007ffc86da0db0, R14=0x0000017ae77a77a0, R15=0x0000000000000f00
RIP=0x0000017aa1fbfeee, EFLAGS=0x0000000000010206

XMM[0]=0x0000000000000000 0x0000000000000000
XMM[1]=0x0000000000000000 0x0000000000000000
XMM[2]=0x0000000000000000 0x0000000000000000
XMM[3]=0x0000000000000000 0x0000000000000000
XMM[4]=0x0000000000000000 0x0000000000000000
XMM[5]=0x0000000000000000 0x0000000000000000
XMM[6]=0x0000000000000000 0x0d4826c8bc2f9d17
XMM[7]=0x0000000000000000 0xd2f6eec84609ef0f
XMM[8]=0x0000000000000000 0x1fbe0ea397038fc4
XMM[9]=0x0000000000000000 0xa4c7cf2c325ac8c3
XMM[10]=0x0000000000000000 0x000000008d92f997
XMM[11]=0x0000000000000000 0xba0e0744ec68d007
XMM[12]=0x0000000000000000 0x00000000325ac8c3
XMM[13]=0x0000000000000000 0x0000000000000000
XMM[14]=0x0000000000000000 0x0000000000000000
XMM[15]=0x0000000000000000 0x0000000000000000
  MXCSR=0x00001fa0


Register to memory mapping:

RAX=0x0000017aa1fbfec0 points into unknown readable memory: 0x4c575653ec8b4855 | 55 48 8b ec 53 56 57 4c
RBX=0x0000017b04c571e0 points into unknown readable memory: 0x0000000000000000 | 00 00 00 00 00 00 00 00
RCX=0x0000000000000003 is an unknown value
RDX=0x0000017b04c571e0 points into unknown readable memory: 0x0000000000000000 | 00 00 00 00 00 00 00 00
RSP=0x00000028674fd7a8 is pointing into the stack for thread: 0x0000017a81ddf940
RBP=0x0000000000000500 is an unknown value
RSI=0x0000000000000010 is an unknown value
RDI=0x0000017b04c571e0 points into unknown readable memory: 0x0000000000000000 | 00 00 00 00 00 00 00 00
R8 =0x0000000000000500 is an unknown value
R9 =0x0000017b04c571e0 points into unknown readable memory: 0x0000000000000000 | 00 00 00 00 00 00 00 00
R10=0x0000000000000010 is an unknown value
R11=0x0000017b04c571e0 points into unknown readable memory: 0x0000000000000000 | 00 00 00 00 00 00 00 00
R12=0x0000000000001400 is an unknown value
R13=0x00007ffc86da0db0 nvoglv64.dll
R14=0x0000017ae77a77a0 points into unknown readable memory: 0x0000000004000000 | 00 00 00 04 00 00 00 00
R15=0x0000000000000f00 is an unknown value

Top of Stack: (sp=0x00000028674fd7a8)
0x00000028674fd7a8:   0000000000000010 00000028674fe7d0
0x00000028674fd7b8:   0000017b04c571e0 0000000000000066
0x00000028674fd7c8:   00007ffc86da1413 0000000000000000
0x00000028674fd7d8:   000000000000000a 0000000000000004
0x00000028674fd7e8:   ffff4a01674fd850 000000000000002c
0x00000028674fd7f8:   0000000000000000 0000000000000000
0x00000028674fd808:   0000017af28deee0 000000000000002e
0x00000028674fd818:   0000000000000298 000000000000002a
0x00000028674fd828:   0000000000000000 0000000004000004
0x00000028674fd838:   000000000000002e 000002d000000000
0x00000028674fd848:   00007ffd00000010 00007ffc86da0db0
0x00000028674fd858:   0000006600000000 0000017a00000066
0x00000028674fd868:   0000017b04c571e0 0000000019200000
0x00000028674fd878:   0000017af2876210 0000050000000000
0x00000028674fd888:   00000001000002d0 0000000000000002
0x00000028674fd898:   000002d000000500 0000000000000001
0x00000028674fd8a8:   0000000000000004 0000000000000001
0x00000028674fd8b8:   0000000000000000 0000000000000000
0x00000028674fd8c8:   0000000000000000 0000000000000000
0x00000028674fd8d8:   0000000000000000 0000000000000000
0x00000028674fd8e8:   0000000000000000 0000000000000000
0x00000028674fd8f8:   0000000000000000 0000000000000004
0x00000028674fd908:   0000000000000006 0000000000000000
0x00000028674fd918:   0000000000000000 0000000000000000
0x00000028674fd928:   0000000000000000 0000000000000000
0x00000028674fd938:   0000000000000000 0000000000000000
0x00000028674fd948:   0000000000000000 00000000000000d4
0x00000028674fd958:   0000000000000001 0000000000000001
0x00000028674fd968:   0000000000000298 0000000000000002
0x00000028674fd978:   0000017a00000004 0000000000000001
0x00000028674fd988:   0000000000000001 0000000000000000
0x00000028674fd998:   0000017a00000000 0000017a00000000 

Instructions: (pc=0x0000017aa1fbfeee)
0x0000017aa1fbfdee:   00 00 00 00 00 00 00 00 00 00 00 00 00 00 00 00
0x0000017aa1fbfdfe:   00 00 00 00 00 00 00 00 00 00 00 00 00 00 00 00
0x0000017aa1fbfe0e:   00 00 00 00 00 00 00 00 00 00 00 00 00 00 00 00
0x0000017aa1fbfe1e:   00 00 00 00 00 00 00 00 00 00 00 00 00 00 00 00
0x0000017aa1fbfe2e:   00 00 00 00 00 00 00 00 00 00 00 00 00 00 00 00
0x0000017aa1fbfe3e:   00 00 00 00 00 00 00 00 00 00 00 00 00 00 00 00
0x0000017aa1fbfe4e:   00 00 00 00 00 00 00 00 00 00 00 00 00 00 00 00
0x0000017aa1fbfe5e:   00 00 00 00 00 00 00 00 00 00 00 00 00 00 00 00
0x0000017aa1fbfe6e:   00 00 00 00 00 00 00 00 00 00 00 00 00 00 00 00
0x0000017aa1fbfe7e:   00 00 00 00 00 00 00 00 00 00 00 00 00 00 00 00
0x0000017aa1fbfe8e:   00 00 00 00 00 00 00 00 00 00 00 00 00 00 00 00
0x0000017aa1fbfe9e:   00 00 00 00 00 00 00 00 00 00 00 00 00 00 00 00
0x0000017aa1fbfeae:   00 00 00 00 00 00 00 00 00 00 80 ff ff ff 80 fe
0x0000017aa1fbfebe:   00 00 55 48 8b ec 53 56 57 4c 8b da 4c 8b d1 49
0x0000017aa1fbfece:   8b f2 49 8b fb 41 8b e8 85 ed 0f 84 30 00 00 00
0x0000017aa1fbfede:   b9 03 00 00 00 0f 8f 05 00 00 00 48 f7 d9 f7 dd
0x0000017aa1fbfeee:   0f b6 5e 02 c1 e3 10 0f b7 16 0b da 48 03 f1 48
0x0000017aa1fbfefe:   83 c7 04 81 e3 ff ff ff 00 ff cd 89 5f fc 75 e0
0x0000017aa1fbff0e:   5f 5e 5b 5d c3 00 00 00 00 00 00 00 00 00 00 00
0x0000017aa1fbff1e:   00 00 00 00 00 00 00 00 00 00 00 00 00 00 00 00
0x0000017aa1fbff2e:   00 00 00 00 00 00 00 00 00 00 80 ff ff ff 80 00
0x0000017aa1fbff3e:   00 00 55 48 8b ec 53 56 57 4c 8b da 4c 8b d1 49
0x0000017aa1fbff4e:   8b f2 49 8b fb 41 8b e8 85 ed 0f 84 30 00 00 00
0x0000017aa1fbff5e:   b9 04 00 00 00 0f 8f 05 00 00 00 48 f7 d9 f7 dd
0x0000017aa1fbff6e:   8b 1e 48 03 f1 48 83 c7 04 8b c3 81 e3 ff ff ff
0x0000017aa1fbff7e:   00 81 e0 00 00 00 ff 0b d8 ff cd 89 5f fc 75 e0
0x0000017aa1fbff8e:   5f 5e 5b 5d c3 00 00 00 00 00 00 00 00 00 00 00
0x0000017aa1fbff9e:   00 00 00 00 00 00 00 00 00 00 00 00 00 00 00 00
0x0000017aa1fbffae:   00 00 00 00 00 00 00 00 00 00 c0 ff ff ff 80 00
0x0000017aa1fbffbe:   00 00 48 b8 58 93 29 eb 7a 01 00 00 48 8b 00 49
0x0000017aa1fbffce:   ba 58 d9 24 eb 7a 01 00 00 48 83 ec 28 48 83 c4
0x0000017aa1fbffde:   28 c3 00 00 00 00 00 00 00 00 00 00 00 00 00 00 


Stack slot to memory mapping:

stack at sp + 0 slots: 0x0000000000000010 is an unknown value
stack at sp + 1 slots: 0x00000028674fe7d0 is pointing into the stack for thread: 0x0000017a81ddf940
stack at sp + 2 slots: 0x0000017b04c571e0 points into unknown readable memory: 0x0000000000000000 | 00 00 00 00 00 00 00 00
stack at sp + 3 slots: 0x0000000000000066 is an unknown value
stack at sp + 4 slots: 0x00007ffc86da1413 nvoglv64.dll
stack at sp + 5 slots: 0x0 is null
stack at sp + 6 slots: 0x000000000000000a is an unknown value
stack at sp + 7 slots: 0x0000000000000004 is an unknown value


---------------  P R O C E S S  ---------------

Threads class SMR info:
_java_thread_list=0x0000017ae70996d0, length=18, elements={
0x0000017a81ddf940, 0x0000017ae70004a0, 0x0000017ae70012a0, 0x0000017ae7004970,
0x0000017ae700a760, 0x0000017ae700b1b0, 0x0000017ae700cf70, 0x0000017ae7016da0,
0x0000017ae70179e0, 0x0000017ae71b9090, 0x0000017ae71bb0f0, 0x0000017af1bcb720,
0x0000017af1bcf5e0, 0x0000017ae73bc590, 0x0000017ae70bb040, 0x0000017af22e4e00,
0x0000017af2190d30, 0x0000017af2593600
}

Java Threads: ( => current thread )
=>0x0000017a81ddf940 JavaThread "main"                              [_thread_in_native, id=7224, stack(0x0000002867400000,0x0000002867500000) (1024K)]
  0x0000017ae70004a0 JavaThread "Reference Handler"          daemon [_thread_blocked, id=17056, stack(0x0000002867c00000,0x0000002867d00000) (1024K)]
  0x0000017ae70012a0 JavaThread "Finalizer"                  daemon [_thread_blocked, id=9812, stack(0x0000002867d00000,0x0000002867e00000) (1024K)]
  0x0000017ae7004970 JavaThread "Signal Dispatcher"          daemon [_thread_blocked, id=17460, stack(0x0000002867e00000,0x0000002867f00000) (1024K)]
  0x0000017ae700a760 JavaThread "Attach Listener"            daemon [_thread_blocked, id=24752, stack(0x0000002867f00000,0x0000002868000000) (1024K)]
  0x0000017ae700b1b0 JavaThread "Service Thread"             daemon [_thread_blocked, id=13280, stack(0x0000002868000000,0x0000002868100000) (1024K)]
  0x0000017ae700cf70 JavaThread "Monitor Deflation Thread"   daemon [_thread_blocked, id=9924, stack(0x0000002868100000,0x0000002868200000) (1024K)]
  0x0000017ae7016da0 JavaThread "C2 CompilerThread0"         daemon [_thread_blocked, id=6384, stack(0x0000002868200000,0x0000002868300000) (1024K)]
  0x0000017ae70179e0 JavaThread "C1 CompilerThread0"         daemon [_thread_blocked, id=6196, stack(0x0000002868300000,0x0000002868400000) (1024K)]
  0x0000017ae71b9090 JavaThread "Notification Thread"        daemon [_thread_blocked, id=16844, stack(0x0000002868600000,0x0000002868700000) (1024K)]
  0x0000017ae71bb0f0 JavaThread "Common-Cleaner"             daemon [_thread_blocked, id=16568, stack(0x0000002868700000,0x0000002868800000) (1024K)]
  0x0000017af1bcb720 JavaThread "Thread-0"                          [_thread_in_native, id=23944, stack(0x0000002869300000,0x0000002869400000) (1024K)]
  0x0000017af1bcf5e0 JavaThread "pool-1-thread-1"                   [_thread_in_native, id=448, stack(0x0000002868400000,0x0000002868500000) (1024K)]
  0x0000017ae73bc590 JavaThread "C1 CompilerThread1"         daemon [_thread_blocked, id=12708, stack(0x0000002868500000,0x0000002868600000) (1024K)]
  0x0000017ae70bb040 JavaThread "C1 CompilerThread2"         daemon [_thread_blocked, id=20640, stack(0x0000002868800000,0x0000002868900000) (1024K)]
  0x0000017af22e4e00 JavaThread "C2 CompilerThread1"         daemon [_thread_blocked, id=952, stack(0x0000002869500000,0x0000002869600000) (1024K)]
  0x0000017af2190d30 JavaThread "C2 CompilerThread2"         daemon [_thread_blocked, id=7452, stack(0x0000002869600000,0x0000002869700000) (1024K)]
  0x0000017af2593600 JavaThread "C2 CompilerThread3"         daemon [_thread_blocked, id=14572, stack(0x000000286a100000,0x000000286a200000) (1024K)]
Total: 18

Other Threads:
  0x0000017aa1422510 VMThread "VM Thread"                           [id=10064, stack(0x0000002867b00000,0x0000002867c00000) (1024K)]
  0x0000017aa140fef0 WatcherThread "VM Periodic Task Thread"        [id=22400, stack(0x0000002867a00000,0x0000002867b00000) (1024K)]
  0x0000017a81e448a0 WorkerThread "GC Thread#0"                     [id=10272, stack(0x0000002867500000,0x0000002867600000) (1024K)]
  0x0000017aa1420f50 WorkerThread "GC Thread#1"                     [id=23364, stack(0x0000002869700000,0x0000002869800000) (1024K)]
  0x0000017aa14212f0 WorkerThread "GC Thread#2"                     [id=16340, stack(0x0000002869800000,0x0000002869900000) (1024K)]
  0x0000017aa1421a30 WorkerThread "GC Thread#3"                     [id=5756, stack(0x0000002869900000,0x0000002869a00000) (1024K)]
  0x0000017aa1422170 WorkerThread "GC Thread#4"                     [id=22336, stack(0x0000002869a00000,0x0000002869b00000) (1024K)]
  0x0000017aa1421dd0 WorkerThread "GC Thread#5"                     [id=10516, stack(0x0000002869b00000,0x0000002869c00000) (1024K)]
  0x0000017af24ddf90 WorkerThread "GC Thread#6"                     [id=5228, stack(0x0000002869c00000,0x0000002869d00000) (1024K)]
  0x0000017af24de330 WorkerThread "GC Thread#7"                     [id=22180, stack(0x0000002869d00000,0x0000002869e00000) (1024K)]
  0x0000017af24dd4b0 WorkerThread "GC Thread#8"                     [id=2452, stack(0x0000002869e00000,0x0000002869f00000) (1024K)]
  0x0000017af24db7b0 WorkerThread "GC Thread#9"                     [id=9300, stack(0x0000002869f00000,0x000000286a000000) (1024K)]
  0x0000017af24dcd70 WorkerThread "GC Thread#10"                    [id=18584, stack(0x000000286a000000,0x000000286a100000) (1024K)]
  0x0000017a81e571e0 ConcurrentGCThread "G1 Main Marker"            [id=20304, stack(0x0000002867600000,0x0000002867700000) (1024K)]
  0x0000017a81e58480 WorkerThread "G1 Conc#0"                       [id=12576, stack(0x0000002867700000,0x0000002867800000) (1024K)]
  0x0000017a81e9eaa0 ConcurrentGCThread "G1 Refine#0"               [id=20880, stack(0x0000002867800000,0x0000002867900000) (1024K)]
  0x0000017aa12c7570 ConcurrentGCThread "G1 Service"                [id=23244, stack(0x0000002867900000,0x0000002867a00000) (1024K)]
Total: 17

Threads with active compile tasks:
Total: 0

VM state: not at safepoint (normal execution)

VM Mutex/Monitor currently owned by a thread: None

Heap address: 0x0000000701200000, size: 4078 MB, Compressed Oops mode: Zero based, Oop shift amount: 3

CDS archive(s) mapped at: [0x0000017aa2000000-0x0000017aa2c80000-0x0000017aa2c80000), size 13107200, SharedBaseAddress: 0x0000017aa2000000, ArchiveRelocationMode: 1.
Compressed class space mapped at: 0x0000017aa3000000-0x0000017ae3000000, reserved size: 1073741824
Narrow klass base: 0x0000017aa2000000, Narrow klass shift: 0, Narrow klass range: 0x100000000

GC Precious Log:
 CardTable entry size: 512
 Card Set container configuration: InlinePtr #cards 4 size 8 Array Of Cards #cards 16 size 48 Howl #buckets 8 coarsen threshold 3686 Howl Bitmap #cards 512 size 80 coarsen threshold 460 Card regions per heap region 1 cards per card region 4096
 CPUs: 16 total, 16 available
 Memory: 16305M
 Large Page Support: Disabled
 NUMA Support: Disabled
 Compressed Oops: Enabled (Zero based)
 Heap Region Size: 2M
 Heap Min Capacity: 8M
 Heap Initial Capacity: 256M
 Heap Max Capacity: 4078M
 Pre-touch: Disabled
 Parallel Workers: 13
 Concurrent Workers: 3
 Concurrent Refinement Workers: 13
 Periodic GC: Disabled

Heap:
 garbage-first heap   total 262144K, used 83029K [0x0000000701200000, 0x0000000800000000)
  region size 2048K, 13 young (26624K), 2 survivors (4096K)
 Metaspace       used 10672K, committed 10944K, reserved 1114112K
  class space    used 792K, committed 896K, reserved 1048576K

Heap Regions: E=young(eden), S=young(survivor), O=old, HS=humongous(starts), HC=humongous(continues), CS=collection set, F=free, TAMS=top-at-mark-start, PB=parsable bottom
|   0|0x0000000701200000, 0x0000000701400000, 0x0000000701400000|100%|HS|  |TAMS 0x0000000701200000| PB 0x0000000701200000| Complete 
|   1|0x0000000701400000, 0x0000000701600000, 0x0000000701600000|100%|HC|  |TAMS 0x0000000701400000| PB 0x0000000701400000| Complete 
|   2|0x0000000701600000, 0x0000000701800000, 0x0000000701800000|100%|HS|  |TAMS 0x0000000701600000| PB 0x0000000701600000| Complete 
|   3|0x0000000701800000, 0x0000000701a00000, 0x0000000701a00000|100%|HS|  |TAMS 0x0000000701800000| PB 0x0000000701800000| Complete 
|   4|0x0000000701a00000, 0x0000000701c00000, 0x0000000701c00000|100%|HC|  |TAMS 0x0000000701a00000| PB 0x0000000701a00000| Complete 
|   5|0x0000000701c00000, 0x0000000701e00000, 0x0000000701e00000|100%|HS|  |TAMS 0x0000000701c00000| PB 0x0000000701c00000| Complete 
|   6|0x0000000701e00000, 0x0000000702000000, 0x0000000702000000|100%|HC|  |TAMS 0x0000000701e00000| PB 0x0000000701e00000| Complete 
|   7|0x0000000702000000, 0x0000000702200000, 0x0000000702200000|100%|HS|  |TAMS 0x0000000702000000| PB 0x0000000702000000| Complete 
|   8|0x0000000702200000, 0x0000000702400000, 0x0000000702400000|100%|HC|  |TAMS 0x0000000702200000| PB 0x0000000702200000| Complete 
|   9|0x0000000702400000, 0x0000000702600000, 0x0000000702600000|100%|HC|  |TAMS 0x0000000702400000| PB 0x0000000702400000| Complete 
|  10|0x0000000702600000, 0x0000000702800000, 0x0000000702800000|100%|HS|  |TAMS 0x0000000702600000| PB 0x0000000702600000| Complete 
|  11|0x0000000702800000, 0x0000000702a00000, 0x0000000702a00000|100%|HC|  |TAMS 0x0000000702800000| PB 0x0000000702800000| Complete 
|  12|0x0000000702a00000, 0x0000000702c00000, 0x0000000702c00000|100%|HC|  |TAMS 0x0000000702a00000| PB 0x0000000702a00000| Complete 
|  13|0x0000000702c00000, 0x0000000702e00000, 0x0000000702e00000|100%|HC|  |TAMS 0x0000000702c00000| PB 0x0000000702c00000| Complete 
|  14|0x0000000702e00000, 0x0000000703000000, 0x0000000703000000|100%|HS|  |TAMS 0x0000000702e00000| PB 0x0000000702e00000| Complete 
|  15|0x0000000703000000, 0x0000000703200000, 0x0000000703200000|100%|HC|  |TAMS 0x0000000703000000| PB 0x0000000703000000| Complete 
|  16|0x0000000703200000, 0x0000000703400000, 0x0000000703400000|100%|HC|  |TAMS 0x0000000703200000| PB 0x0000000703200000| Complete 
|  17|0x0000000703400000, 0x0000000703600000, 0x0000000703600000|100%|HC|  |TAMS 0x0000000703400000| PB 0x0000000703400000| Complete 
|  18|0x0000000703600000, 0x0000000703800000, 0x0000000703800000|100%|HC|  |TAMS 0x0000000703600000| PB 0x0000000703600000| Complete 
|  19|0x0000000703800000, 0x0000000703a00000, 0x0000000703a00000|100%|HC|  |TAMS 0x0000000703800000| PB 0x0000000703800000| Complete 
|  20|0x0000000703a00000, 0x0000000703c00000, 0x0000000703c00000|100%|HS|  |TAMS 0x0000000703a00000| PB 0x0000000703a00000| Complete 
|  21|0x0000000703c00000, 0x0000000703e00000, 0x0000000703e00000|100%|HC|  |TAMS 0x0000000703c00000| PB 0x0000000703c00000| Complete 
|  22|0x0000000703e00000, 0x0000000704000000, 0x0000000704000000|100%|HC|  |TAMS 0x0000000703e00000| PB 0x0000000703e00000| Complete 
|  23|0x0000000704000000, 0x0000000704200000, 0x0000000704200000|100%|HC|  |TAMS 0x0000000704000000| PB 0x0000000704000000| Complete 
|  24|0x0000000704200000, 0x0000000704400000, 0x0000000704400000|100%|HC|  |TAMS 0x0000000704200000| PB 0x0000000704200000| Complete 
|  25|0x0000000704400000, 0x0000000704600000, 0x0000000704600000|100%|HC|  |TAMS 0x0000000704400000| PB 0x0000000704400000| Complete 
|  26|0x0000000704600000, 0x0000000704800000, 0x0000000704800000|100%|HC|  |TAMS 0x0000000704600000| PB 0x0000000704600000| Complete 
|  27|0x0000000704800000, 0x0000000704a00000, 0x0000000704a00000|100%|HC|  |TAMS 0x0000000704800000| PB 0x0000000704800000| Complete 
|  28|0x0000000704a00000, 0x0000000704c00000, 0x0000000704c00000|100%|HS|  |TAMS 0x0000000704a00000| PB 0x0000000704a00000| Complete 
|  29|0x0000000704c00000, 0x0000000704e00000, 0x0000000704e00000|100%|HC|  |TAMS 0x0000000704c00000| PB 0x0000000704c00000| Complete 
|  30|0x0000000704e00000, 0x0000000704e00000, 0x0000000705000000|  0%| F|  |TAMS 0x0000000704e00000| PB 0x0000000704e00000| Untracked 
|  31|0x0000000705000000, 0x0000000705000000, 0x0000000705200000|  0%| F|  |TAMS 0x0000000705000000| PB 0x0000000705000000| Untracked 
|  32|0x0000000705200000, 0x0000000705200000, 0x0000000705400000|  0%| F|  |TAMS 0x0000000705200000| PB 0x0000000705200000| Untracked 
|  33|0x0000000705400000, 0x0000000705400000, 0x0000000705600000|  0%| F|  |TAMS 0x0000000705400000| PB 0x0000000705400000| Untracked 
|  34|0x0000000705600000, 0x0000000705600000, 0x0000000705800000|  0%| F|  |TAMS 0x0000000705600000| PB 0x0000000705600000| Untracked 
|  35|0x0000000705800000, 0x0000000705800000, 0x0000000705a00000|  0%| F|  |TAMS 0x0000000705800000| PB 0x0000000705800000| Untracked 
|  36|0x0000000705a00000, 0x0000000705a00000, 0x0000000705c00000|  0%| F|  |TAMS 0x0000000705a00000| PB 0x0000000705a00000| Untracked 
|  37|0x0000000705c00000, 0x0000000705c00000, 0x0000000705e00000|  0%| F|  |TAMS 0x0000000705c00000| PB 0x0000000705c00000| Untracked 
|  38|0x0000000705e00000, 0x0000000705e00000, 0x0000000706000000|  0%| F|  |TAMS 0x0000000705e00000| PB 0x0000000705e00000| Untracked 
|  39|0x0000000706000000, 0x0000000706000000, 0x0000000706200000|  0%| F|  |TAMS 0x0000000706000000| PB 0x0000000706000000| Untracked 
|  40|0x0000000706200000, 0x0000000706200000, 0x0000000706400000|  0%| F|  |TAMS 0x0000000706200000| PB 0x0000000706200000| Untracked 
|  41|0x0000000706400000, 0x0000000706400000, 0x0000000706600000|  0%| F|  |TAMS 0x0000000706400000| PB 0x0000000706400000| Untracked 
|  42|0x0000000706600000, 0x0000000706600000, 0x0000000706800000|  0%| F|  |TAMS 0x0000000706600000| PB 0x0000000706600000| Untracked 
|  43|0x0000000706800000, 0x0000000706800000, 0x0000000706a00000|  0%| F|  |TAMS 0x0000000706800000| PB 0x0000000706800000| Untracked 
|  44|0x0000000706a00000, 0x0000000706a00000, 0x0000000706c00000|  0%| F|  |TAMS 0x0000000706a00000| PB 0x0000000706a00000| Untracked 
|  45|0x0000000706c00000, 0x0000000706c00000, 0x0000000706e00000|  0%| F|  |TAMS 0x0000000706c00000| PB 0x0000000706c00000| Untracked 
|  46|0x0000000706e00000, 0x0000000706e00000, 0x0000000707000000|  0%| F|  |TAMS 0x0000000706e00000| PB 0x0000000706e00000| Untracked 
|  47|0x0000000707000000, 0x0000000707000000, 0x0000000707200000|  0%| F|  |TAMS 0x0000000707000000| PB 0x0000000707000000| Untracked 
|  48|0x0000000707200000, 0x0000000707200000, 0x0000000707400000|  0%| F|  |TAMS 0x0000000707200000| PB 0x0000000707200000| Untracked 
|  49|0x0000000707400000, 0x0000000707400000, 0x0000000707600000|  0%| F|  |TAMS 0x0000000707400000| PB 0x0000000707400000| Untracked 
|  50|0x0000000707600000, 0x0000000707600000, 0x0000000707800000|  0%| F|  |TAMS 0x0000000707600000| PB 0x0000000707600000| Untracked 
|  51|0x0000000707800000, 0x0000000707800000, 0x0000000707a00000|  0%| F|  |TAMS 0x0000000707800000| PB 0x0000000707800000| Untracked 
|  52|0x0000000707a00000, 0x0000000707a00000, 0x0000000707c00000|  0%| F|  |TAMS 0x0000000707a00000| PB 0x0000000707a00000| Untracked 
|  53|0x0000000707c00000, 0x0000000707c00000, 0x0000000707e00000|  0%| F|  |TAMS 0x0000000707c00000| PB 0x0000000707c00000| Untracked 
|  54|0x0000000707e00000, 0x0000000707e00000, 0x0000000708000000|  0%| F|  |TAMS 0x0000000707e00000| PB 0x0000000707e00000| Untracked 
|  55|0x0000000708000000, 0x0000000708000000, 0x0000000708200000|  0%| F|  |TAMS 0x0000000708000000| PB 0x0000000708000000| Untracked 
|  56|0x0000000708200000, 0x0000000708200000, 0x0000000708400000|  0%| F|  |TAMS 0x0000000708200000| PB 0x0000000708200000| Untracked 
|  57|0x0000000708400000, 0x0000000708400000, 0x0000000708600000|  0%| F|  |TAMS 0x0000000708400000| PB 0x0000000708400000| Untracked 
|  58|0x0000000708600000, 0x0000000708600000, 0x0000000708800000|  0%| F|  |TAMS 0x0000000708600000| PB 0x0000000708600000| Untracked 
|  59|0x0000000708800000, 0x0000000708800000, 0x0000000708a00000|  0%| F|  |TAMS 0x0000000708800000| PB 0x0000000708800000| Untracked 
|  60|0x0000000708a00000, 0x0000000708a00000, 0x0000000708c00000|  0%| F|  |TAMS 0x0000000708a00000| PB 0x0000000708a00000| Untracked 
|  61|0x0000000708c00000, 0x0000000708c00000, 0x0000000708e00000|  0%| F|  |TAMS 0x0000000708c00000| PB 0x0000000708c00000| Untracked 
|  62|0x0000000708e00000, 0x0000000708e00000, 0x0000000709000000|  0%| F|  |TAMS 0x0000000708e00000| PB 0x0000000708e00000| Untracked 
|  63|0x0000000709000000, 0x0000000709000000, 0x0000000709200000|  0%| F|  |TAMS 0x0000000709000000| PB 0x0000000709000000| Untracked 
|  64|0x0000000709200000, 0x0000000709200000, 0x0000000709400000|  0%| F|  |TAMS 0x0000000709200000| PB 0x0000000709200000| Untracked 
|  65|0x0000000709400000, 0x0000000709400000, 0x0000000709600000|  0%| F|  |TAMS 0x0000000709400000| PB 0x0000000709400000| Untracked 
|  66|0x0000000709600000, 0x0000000709600000, 0x0000000709800000|  0%| F|  |TAMS 0x0000000709600000| PB 0x0000000709600000| Untracked 
|  67|0x0000000709800000, 0x0000000709800000, 0x0000000709a00000|  0%| F|  |TAMS 0x0000000709800000| PB 0x0000000709800000| Untracked 
|  68|0x0000000709a00000, 0x0000000709a00000, 0x0000000709c00000|  0%| F|  |TAMS 0x0000000709a00000| PB 0x0000000709a00000| Untracked 
|  69|0x0000000709c00000, 0x0000000709c00000, 0x0000000709e00000|  0%| F|  |TAMS 0x0000000709c00000| PB 0x0000000709c00000| Untracked 
|  70|0x0000000709e00000, 0x0000000709e00000, 0x000000070a000000|  0%| F|  |TAMS 0x0000000709e00000| PB 0x0000000709e00000| Untracked 
|  71|0x000000070a000000, 0x000000070a000000, 0x000000070a200000|  0%| F|  |TAMS 0x000000070a000000| PB 0x000000070a000000| Untracked 
|  72|0x000000070a200000, 0x000000070a200000, 0x000000070a400000|  0%| F|  |TAMS 0x000000070a200000| PB 0x000000070a200000| Untracked 
|  73|0x000000070a400000, 0x000000070a400000, 0x000000070a600000|  0%| F|  |TAMS 0x000000070a400000| PB 0x000000070a400000| Untracked 
|  74|0x000000070a600000, 0x000000070a600000, 0x000000070a800000|  0%| F|  |TAMS 0x000000070a600000| PB 0x000000070a600000| Untracked 
|  75|0x000000070a800000, 0x000000070a800000, 0x000000070aa00000|  0%| F|  |TAMS 0x000000070a800000| PB 0x000000070a800000| Untracked 
|  76|0x000000070aa00000, 0x000000070aa00000, 0x000000070ac00000|  0%| F|  |TAMS 0x000000070aa00000| PB 0x000000070aa00000| Untracked 
|  77|0x000000070ac00000, 0x000000070ac00000, 0x000000070ae00000|  0%| F|  |TAMS 0x000000070ac00000| PB 0x000000070ac00000| Untracked 
|  78|0x000000070ae00000, 0x000000070ae00000, 0x000000070b000000|  0%| F|  |TAMS 0x000000070ae00000| PB 0x000000070ae00000| Untracked 
|  79|0x000000070b000000, 0x000000070b000000, 0x000000070b200000|  0%| F|  |TAMS 0x000000070b000000| PB 0x000000070b000000| Untracked 
|  80|0x000000070b200000, 0x000000070b200000, 0x000000070b400000|  0%| F|  |TAMS 0x000000070b200000| PB 0x000000070b200000| Untracked 
|  81|0x000000070b400000, 0x000000070b400000, 0x000000070b600000|  0%| F|  |TAMS 0x000000070b400000| PB 0x000000070b400000| Untracked 
|  82|0x000000070b600000, 0x000000070b600000, 0x000000070b800000|  0%| F|  |TAMS 0x000000070b600000| PB 0x000000070b600000| Untracked 
|  83|0x000000070b800000, 0x000000070b800000, 0x000000070ba00000|  0%| F|  |TAMS 0x000000070b800000| PB 0x000000070b800000| Untracked 
|  84|0x000000070ba00000, 0x000000070ba00000, 0x000000070bc00000|  0%| F|  |TAMS 0x000000070ba00000| PB 0x000000070ba00000| Untracked 
|  85|0x000000070bc00000, 0x000000070bc00000, 0x000000070be00000|  0%| F|  |TAMS 0x000000070bc00000| PB 0x000000070bc00000| Untracked 
|  86|0x000000070be00000, 0x000000070be00000, 0x000000070c000000|  0%| F|  |TAMS 0x000000070be00000| PB 0x000000070be00000| Untracked 
|  87|0x000000070c000000, 0x000000070c000000, 0x000000070c200000|  0%| F|  |TAMS 0x000000070c000000| PB 0x000000070c000000| Untracked 
|  88|0x000000070c200000, 0x000000070c200000, 0x000000070c400000|  0%| F|  |TAMS 0x000000070c200000| PB 0x000000070c200000| Untracked 
|  89|0x000000070c400000, 0x000000070c400000, 0x000000070c600000|  0%| F|  |TAMS 0x000000070c400000| PB 0x000000070c400000| Untracked 
|  90|0x000000070c600000, 0x000000070c600000, 0x000000070c800000|  0%| F|  |TAMS 0x000000070c600000| PB 0x000000070c600000| Untracked 
|  91|0x000000070c800000, 0x000000070c800000, 0x000000070ca00000|  0%| F|  |TAMS 0x000000070c800000| PB 0x000000070c800000| Untracked 
|  92|0x000000070ca00000, 0x000000070ca00000, 0x000000070cc00000|  0%| F|  |TAMS 0x000000070ca00000| PB 0x000000070ca00000| Untracked 
|  93|0x000000070cc00000, 0x000000070cc00000, 0x000000070ce00000|  0%| F|  |TAMS 0x000000070cc00000| PB 0x000000070cc00000| Untracked 
|  94|0x000000070ce00000, 0x000000070ce00000, 0x000000070d000000|  0%| F|  |TAMS 0x000000070ce00000| PB 0x000000070ce00000| Untracked 
|  95|0x000000070d000000, 0x000000070d000000, 0x000000070d200000|  0%| F|  |TAMS 0x000000070d000000| PB 0x000000070d000000| Untracked 
|  96|0x000000070d200000, 0x000000070d200000, 0x000000070d400000|  0%| F|  |TAMS 0x000000070d200000| PB 0x000000070d200000| Untracked 
|  97|0x000000070d400000, 0x000000070d400000, 0x000000070d600000|  0%| F|  |TAMS 0x000000070d400000| PB 0x000000070d400000| Untracked 
|  98|0x000000070d600000, 0x000000070d600000, 0x000000070d800000|  0%| F|  |TAMS 0x000000070d600000| PB 0x000000070d600000| Untracked 
|  99|0x000000070d800000, 0x000000070d800000, 0x000000070da00000|  0%| F|  |TAMS 0x000000070d800000| PB 0x000000070d800000| Untracked 
| 100|0x000000070da00000, 0x000000070da00000, 0x000000070dc00000|  0%| F|  |TAMS 0x000000070da00000| PB 0x000000070da00000| Untracked 
| 101|0x000000070dc00000, 0x000000070dc00000, 0x000000070de00000|  0%| F|  |TAMS 0x000000070dc00000| PB 0x000000070dc00000| Untracked 
| 102|0x000000070de00000, 0x000000070de00000, 0x000000070e000000|  0%| F|  |TAMS 0x000000070de00000| PB 0x000000070de00000| Untracked 
| 103|0x000000070e000000, 0x000000070e000000, 0x000000070e200000|  0%| F|  |TAMS 0x000000070e000000| PB 0x000000070e000000| Untracked 
| 104|0x000000070e200000, 0x000000070e200000, 0x000000070e400000|  0%| F|  |TAMS 0x000000070e200000| PB 0x000000070e200000| Untracked 
| 105|0x000000070e400000, 0x000000070e400000, 0x000000070e600000|  0%| F|  |TAMS 0x000000070e400000| PB 0x000000070e400000| Untracked 
| 106|0x000000070e600000, 0x000000070e600000, 0x000000070e800000|  0%| F|  |TAMS 0x000000070e600000| PB 0x000000070e600000| Untracked 
| 107|0x000000070e800000, 0x000000070e800000, 0x000000070ea00000|  0%| F|  |TAMS 0x000000070e800000| PB 0x000000070e800000| Untracked 
| 108|0x000000070ea00000, 0x000000070ea00000, 0x000000070ec00000|  0%| F|  |TAMS 0x000000070ea00000| PB 0x000000070ea00000| Untracked 
| 109|0x000000070ec00000, 0x000000070ec00000, 0x000000070ee00000|  0%| F|  |TAMS 0x000000070ec00000| PB 0x000000070ec00000| Untracked 
| 110|0x000000070ee00000, 0x000000070ee00000, 0x000000070f000000|  0%| F|  |TAMS 0x000000070ee00000| PB 0x000000070ee00000| Untracked 
| 111|0x000000070f000000, 0x000000070f000000, 0x000000070f200000|  0%| F|  |TAMS 0x000000070f000000| PB 0x000000070f000000| Untracked 
| 112|0x000000070f200000, 0x000000070f200000, 0x000000070f400000|  0%| F|  |TAMS 0x000000070f200000| PB 0x000000070f200000| Untracked 
| 113|0x000000070f400000, 0x000000070f400000, 0x000000070f600000|  0%| F|  |TAMS 0x000000070f400000| PB 0x000000070f400000| Untracked 
| 114|0x000000070f600000, 0x000000070f600000, 0x000000070f800000|  0%| F|  |TAMS 0x000000070f600000| PB 0x000000070f600000| Untracked 
| 115|0x000000070f800000, 0x000000070f915500, 0x000000070fa00000| 54%| S|CS|TAMS 0x000000070f800000| PB 0x000000070f800000| Complete 
| 116|0x000000070fa00000, 0x000000070fc00000, 0x000000070fc00000|100%| S|CS|TAMS 0x000000070fa00000| PB 0x000000070fa00000| Complete 
| 117|0x000000070fc00000, 0x000000070fd2b490, 0x000000070fe00000| 58%| E|  |TAMS 0x000000070fc00000| PB 0x000000070fc00000| Complete 
| 118|0x000000070fe00000, 0x000000070fff07c0, 0x0000000710000000| 96%| E|  |TAMS 0x000000070fe00000| PB 0x000000070fe00000| Complete 
| 119|0x0000000710000000, 0x0000000710200000, 0x0000000710200000|100%| E|CS|TAMS 0x0000000710000000| PB 0x0000000710000000| Complete 
| 120|0x0000000710200000, 0x0000000710400000, 0x0000000710400000|100%| E|CS|TAMS 0x0000000710200000| PB 0x0000000710200000| Complete 
| 121|0x0000000710400000, 0x0000000710600000, 0x0000000710600000|100%| E|CS|TAMS 0x0000000710400000| PB 0x0000000710400000| Complete 
| 122|0x0000000710600000, 0x0000000710800000, 0x0000000710800000|100%| E|CS|TAMS 0x0000000710600000| PB 0x0000000710600000| Complete 
| 123|0x0000000710800000, 0x0000000710a00000, 0x0000000710a00000|100%| E|CS|TAMS 0x0000000710800000| PB 0x0000000710800000| Complete 
| 124|0x0000000710a00000, 0x0000000710c00000, 0x0000000710c00000|100%| E|CS|TAMS 0x0000000710a00000| PB 0x0000000710a00000| Complete 
| 125|0x0000000710c00000, 0x0000000710e00000, 0x0000000710e00000|100%| E|CS|TAMS 0x0000000710c00000| PB 0x0000000710c00000| Complete 
| 126|0x0000000710e00000, 0x0000000711000000, 0x0000000711000000|100%| E|CS|TAMS 0x0000000710e00000| PB 0x0000000710e00000| Complete 
| 127|0x0000000711000000, 0x0000000711200000, 0x0000000711200000|100%| E|CS|TAMS 0x0000000711000000| PB 0x0000000711000000| Complete 

Card table byte_map: [0x0000017a9a550000,0x0000017a9ad50000] _byte_map_base: 0x0000017a96d47000

Marking Bits: (CMBitMap*) 0x0000017a81e45bb0
 Bits: [0x0000017a9ad50000, 0x0000017a9ed08000)

Polling page: 0x0000017a815a0000

Metaspace:

Usage:
  Non-class:      9.65 MB used.
      Class:    792.30 KB used.
       Both:     10.42 MB used.

Virtual space:
  Non-class space:       64.00 MB reserved,       9.81 MB ( 15%) committed,  1 nodes.
      Class space:        1.00 GB reserved,     896.00 KB ( <1%) committed,  1 nodes.
             Both:        1.06 GB reserved,      10.69 MB ( <1%) committed. 

Chunk freelists:
   Non-Class:  5.17 MB
       Class:  15.16 MB
        Both:  20.33 MB

MaxMetaspaceSize: unlimited
CompressedClassSpaceSize: 1.00 GB
Initial GC threshold: 21.00 MB
Current GC threshold: 21.00 MB
CDS: on
 - commit_granule_bytes: 65536.
 - commit_granule_words: 8192.
 - virtual_space_node_default_size: 8388608.
 - enlarge_chunks_in_place: 1.
 - use_allocation_guard: 0.


Internal statistics:

num_allocs_failed_limit: 0.
num_arena_births: 160.
num_arena_deaths: 0.
num_vsnodes_births: 2.
num_vsnodes_deaths: 0.
num_space_committed: 169.
num_space_uncommitted: 0.
num_chunks_returned_to_freelist: 0.
num_chunks_taken_from_freelist: 482.
num_chunk_merges: 0.
num_chunk_splits: 341.
num_chunks_enlarged: 242.
num_inconsistent_stats: 0.

CodeHeap 'non-profiled nmethods': size=119168Kb used=591Kb max_used=591Kb free=118576Kb
 bounds [0x0000017a92070000, 0x0000017a922e0000, 0x0000017a994d0000]
CodeHeap 'profiled nmethods': size=119104Kb used=2808Kb max_used=2808Kb free=116295Kb
 bounds [0x0000017a8a4d0000, 0x0000017a8a790000, 0x0000017a91920000]
CodeHeap 'non-nmethods': size=7488Kb used=3347Kb max_used=3930Kb free=4140Kb
 bounds [0x0000017a91920000, 0x0000017a91d10000, 0x0000017a92070000]
 total_blobs=2741 nmethods=1570 adapters=1074
 compilation: enabled
              stopped_count=0, restarted_count=0
 full_count=0

Compilation events (20 events):
Event: 11.334 Thread 0x0000017af2593600 nmethod 1559 0x0000017a92100110 code [0x0000017a921002e0, 0x0000017a921005c8]
Event: 11.343 Thread 0x0000017ae70bb040 1561       3       java.util.ImmutableCollections$Set12::contains (28 bytes)
Event: 11.344 Thread 0x0000017ae70bb040 nmethod 1561 0x0000017a8a789790 code [0x0000017a8a789960, 0x0000017a8a789ca0]
Event: 11.345 Thread 0x0000017ae70179e0 1562       3       java.lang.Byte::<init> (10 bytes)
Event: 11.345 Thread 0x0000017ae70bb040 1563       3       java.lang.Byte::valueOf (14 bytes)
Event: 11.345 Thread 0x0000017ae70179e0 nmethod 1562 0x0000017a8a789d90 code [0x0000017a8a789f40, 0x0000017a8a78a108]
Event: 11.345 Thread 0x0000017ae70bb040 nmethod 1563 0x0000017a8a78a210 code [0x0000017a8a78a3a0, 0x0000017a8a78a4c8]
Event: 11.345 Thread 0x0000017ae7016da0 1564       4       java.lang.Byte::valueOf (14 bytes)
Event: 11.345 Thread 0x0000017ae7016da0 nmethod 1564 0x0000017a92100890 code [0x0000017a92100a20, 0x0000017a92100ac8]
Event: 11.350 Thread 0x0000017af2190d30 1565 %     4       notspy.SpyScene::decompress_RGB @ 53 (153 bytes)
Event: 11.358 Thread 0x0000017af2190d30 nmethod 1565% 0x0000017a92100b90 code [0x0000017a92100da0, 0x0000017a92101840]
Event: 11.387 Thread 0x0000017ae70179e0 1566       1       java.lang.Byte::byteValue (5 bytes)
Event: 11.387 Thread 0x0000017ae73bc590 1567 %     3       notspy.SpyScene::decompress_RGB @ 116 (153 bytes)
Event: 11.387 Thread 0x0000017ae70179e0 nmethod 1566 0x0000017a92101e10 code [0x0000017a92101fa0, 0x0000017a92102070]
Event: 11.387 Thread 0x0000017ae73bc590 nmethod 1567% 0x0000017a8a78a590 code [0x0000017a8a78a840, 0x0000017a8a78b838]
Event: 11.387 Thread 0x0000017ae73bc590 1568       3       notspy.SpyScene::decompress_RGB (153 bytes)
Event: 11.388 Thread 0x0000017ae73bc590 nmethod 1568 0x0000017a8a78bd90 code [0x0000017a8a78c0a0, 0x0000017a8a78d738]
Event: 11.388 Thread 0x0000017ae7016da0 1569 %     4       notspy.SpyScene::decompress_RGB @ 116 (153 bytes)
Event: 11.390 Thread 0x0000017ae7016da0 nmethod 1569% 0x0000017a92102110 code [0x0000017a921022c0, 0x0000017a92102528]
Event: 11.390 Thread 0x0000017ae7016da0 1570       4       notspy.SpyScene::decompress_RGB (153 bytes)

GC Heap History (2 events):
Event: 10.448 GC heap before
{Heap before GC invocations=0 (full 0):
 garbage-first heap   total 262144K, used 24576K [0x0000000701200000, 0x0000000800000000)
  region size 2048K, 11 young (22528K), 0 survivors (0K)
 Metaspace       used 7438K, committed 7616K, reserved 1114112K
  class space    used 483K, committed 576K, reserved 1048576K
}
Event: 10.451 GC heap after
{Heap after GC invocations=1 (full 0):
 garbage-first heap   total 262144K, used 7253K [0x0000000701200000, 0x0000000800000000)
  region size 2048K, 2 young (4096K), 2 survivors (4096K)
 Metaspace       used 7438K, committed 7616K, reserved 1114112K
  class space    used 483K, committed 576K, reserved 1048576K
}

Dll operation events (11 events):
Event: 0.006 Loaded shared library C:\Users\User\.jdks\ms-21.0.7\bin\java.dll
Event: 0.025 Loaded shared library C:\Users\User\.jdks\ms-21.0.7\bin\jsvml.dll
Event: 0.053 Loaded shared library C:\Users\User\.jdks\ms-21.0.7\bin\net.dll
Event: 0.054 Loaded shared library C:\Users\User\.jdks\ms-21.0.7\bin\nio.dll
Event: 0.056 Loaded shared library C:\Users\User\.jdks\ms-21.0.7\bin\zip.dll
Event: 0.086 Loaded shared library C:\Users\User\.jdks\ms-21.0.7\bin\verify.dll
Event: 0.128 Loaded shared library C:\Users\User\.jdks\ms-21.0.7\bin\jimage.dll
Event: 0.143 Loaded shared library C:\Users\User\AppData\Local\Temp\lwjgl_User\3.3.3+5\x64\lwjgl.dll
Event: 0.444 Loaded shared library C:\Users\User\AppData\Local\Temp\lwjgl_User\3.3.3+5\x64\lwjgl_opengl.dll
Event: 0.718 Loaded shared library C:\Users\User\.jdks\ms-21.0.7\bin\extnet.dll
Event: 10.575 Loaded shared library C:\Users\User\AppData\Local\Temp\lwjgl_User\3.3.3+5\x64\lwjgl_stb.dll

Deoptimization events (20 events):
Event: 10.569 Thread 0x0000017a81ddf940 DEOPT PACKING pc=0x0000017a920c2a3c sp=0x00000028674fc550
Event: 10.569 Thread 0x0000017a81ddf940 DEOPT UNPACKING pc=0x0000017a919746a2 sp=0x00000028674fc4b0 mode 2
Event: 10.573 Thread 0x0000017a81ddf940 Uncommon trap: trap_request=0xffffff45 fr.pc=0x0000017a920c9588 relative=0x00000000000007c8
Event: 10.573 Thread 0x0000017a81ddf940 Uncommon trap: reason=unstable_if action=reinterpret pc=0x0000017a920c9588 method=java.util.regex.Matcher.search(I)Z @ 30 c2
Event: 10.573 Thread 0x0000017a81ddf940 DEOPT PACKING pc=0x0000017a920c9588 sp=0x00000028674fc600
Event: 10.573 Thread 0x0000017a81ddf940 DEOPT UNPACKING pc=0x0000017a919746a2 sp=0x00000028674fc5e0 mode 2
Event: 11.308 Thread 0x0000017a81ddf940 Uncommon trap: trap_request=0xffffff45 fr.pc=0x0000017a920bddfc relative=0x000000000000013c
Event: 11.308 Thread 0x0000017a81ddf940 Uncommon trap: reason=unstable_if action=reinterpret pc=0x0000017a920bddfc method=jade.Scene.update(F)V @ 12 c2
Event: 11.308 Thread 0x0000017a81ddf940 DEOPT PACKING pc=0x0000017a920bddfc sp=0x00000028674ff0f0
Event: 11.308 Thread 0x0000017a81ddf940 DEOPT UNPACKING pc=0x0000017a919746a2 sp=0x00000028674ff018 mode 2
Event: 11.386 Thread 0x0000017a81ddf940 Uncommon trap: trap_request=0xffffff45 fr.pc=0x0000017a921016c8 relative=0x0000000000000928
Event: 11.386 Thread 0x0000017a81ddf940 Uncommon trap: reason=unstable_if action=reinterpret pc=0x0000017a921016c8 method=notspy.SpyScene.decompress_RGB([B)[B @ 13 c2
Event: 11.386 Thread 0x0000017a81ddf940 DEOPT PACKING pc=0x0000017a921016c8 sp=0x00000028674ff020
Event: 11.386 Thread 0x0000017a81ddf940 DEOPT UNPACKING pc=0x0000017a919746a2 sp=0x00000028674fefe0 mode 2
Event: 11.390 Thread 0x0000017a81ddf940 DEOPT PACKING pc=0x0000017a8a78b755 sp=0x00000028674fefd0
Event: 11.390 Thread 0x0000017a81ddf940 DEOPT UNPACKING pc=0x0000017a91974e42 sp=0x00000028674fe4e0 mode 0
Event: 11.393 Thread 0x0000017a81ddf940 Uncommon trap: trap_request=0xffffff45 fr.pc=0x0000017a9210246c relative=0x00000000000001ac
Event: 11.393 Thread 0x0000017a81ddf940 Uncommon trap: reason=unstable_if action=reinterpret pc=0x0000017a9210246c method=notspy.SpyScene.decompress_RGB([B)[B @ 124 c2
Event: 11.393 Thread 0x0000017a81ddf940 DEOPT PACKING pc=0x0000017a9210246c sp=0x00000028674ff040
Event: 11.393 Thread 0x0000017a81ddf940 DEOPT UNPACKING pc=0x0000017a919746a2 sp=0x00000028674fefe0 mode 2

Classes loaded (20 events):
Event: 10.511 Loading class java/lang/WeakPairMap$Pair$Weak$1
Event: 10.511 Loading class java/lang/WeakPairMap$Pair$Weak$1 done
Event: 10.511 Loading class java/lang/reflect/Proxy$ProxyBuilder$ProxyClassContext
Event: 10.511 Loading class java/lang/reflect/Proxy$ProxyBuilder$ProxyClassContext done
Event: 10.512 Loading class java/lang/reflect/ProxyGenerator
Event: 10.512 Loading class java/lang/reflect/ProxyGenerator done
Event: 10.512 Loading class java/lang/reflect/ProxyGenerator$ProxyMethod
Event: 10.512 Loading class java/lang/reflect/ProxyGenerator$ProxyMethod done
Event: 10.513 Loading class java/lang/reflect/ProxyGenerator$PrimitiveTypeInfo
Event: 10.513 Loading class java/lang/reflect/ProxyGenerator$PrimitiveTypeInfo done
Event: 10.513 Loading class jdk/internal/org/objectweb/asm/Edge
Event: 10.513 Loading class jdk/internal/org/objectweb/asm/Edge done
Event: 10.514 Loading class java/lang/reflect/Proxy$ProxyBuilder$1
Event: 10.514 Loading class java/lang/reflect/Proxy$ProxyBuilder$1 done
Event: 10.515 Loading class java/lang/reflect/UndeclaredThrowableException
Event: 10.515 Loading class java/lang/reflect/UndeclaredThrowableException done
Event: 10.515 Loading class java/lang/Class$AnnotationData
Event: 10.515 Loading class java/lang/Class$AnnotationData done
Event: 11.345 Loading class java/lang/Byte$ByteCache
Event: 11.345 Loading class java/lang/Byte$ByteCache done

Classes unloaded (0 events):
No events

Classes redefined (0 events):
No events

Internal exceptions (20 events):
Event: 0.202 Thread 0x0000017a81ddf940 Exception <a 'sun/nio/fs/WindowsException'{0x0000000710b99908}> (0x0000000710b99908) 
thrown [s\src\hotspot\share\prims\jni.cpp, line 520]
Event: 0.212 Thread 0x0000017a81ddf940 Exception <a 'java/lang/NoSuchMethodError'{0x0000000710bb5288}: 'int java.lang.invoke.Invokers$Holder.invokeExact_MT(java.lang.Object, java.lang.Object)'> (0x0000000710bb5288) 
thrown [s\src\hotspot\share\interpreter\linkResolver.cpp, line 773]
Event: 0.413 Thread 0x0000017a81ddf940 Exception <a 'java/lang/NoSuchMethodError'{0x000000071080e6c0}: 'void java.lang.invoke.DirectMethodHandle$Holder.invokeStaticInit(java.lang.Object, long, double, double)'> (0x000000071080e6c0) 
thrown [s\src\hotspot\share\interpreter\linkResolver.cpp, line 773]
Event: 0.415 Thread 0x0000017a81ddf940 Exception <a 'java/lang/NoSuchMethodError'{0x000000071081d318}: 'void java.lang.invoke.DirectMethodHandle$Holder.invokeStaticInit(java.lang.Object, long, int, int, int)'> (0x000000071081d318) 
thrown [s\src\hotspot\share\interpreter\linkResolver.cpp, line 773]
Event: 0.418 Thread 0x0000017a81ddf940 Exception <a 'java/lang/NoSuchMethodError'{0x0000000710834cc0}: 'void java.lang.invoke.DirectMethodHandle$Holder.invokeStaticInit(java.lang.Object, long, int, int, int, int)'> (0x0000000710834cc0) 
thrown [s\src\hotspot\share\interpreter\linkResolver.cpp, line 773]
Event: 0.439 Thread 0x0000017a81ddf940 Exception <a 'java/lang/NoSuchMethodError'{0x00000007108572c0}: 'void java.lang.System.load(java.lang.String, java.lang.Class)'> (0x00000007108572c0) 
thrown [s\src\hotspot\share\interpreter\linkResolver.cpp, line 773]
Event: 0.439 Thread 0x0000017a81ddf940 Exception <a 'java/lang/NoSuchMethodError'{0x0000000710859d30}: 'void java.lang.System.loadLibrary(java.lang.String, java.lang.Class)'> (0x0000000710859d30) 
thrown [s\src\hotspot\share\interpreter\linkResolver.cpp, line 773]
Event: 0.442 Thread 0x0000017a81ddf940 Exception <a 'sun/nio/fs/WindowsException'{0x0000000710869368}> (0x0000000710869368) 
thrown [s\src\hotspot\share\prims\jni.cpp, line 520]
Event: 0.442 Thread 0x0000017a81ddf940 Exception <a 'sun/nio/fs/WindowsException'{0x00000007108696f8}> (0x00000007108696f8) 
thrown [s\src\hotspot\share\prims\jni.cpp, line 520]
Event: 0.450 Thread 0x0000017a81ddf940 Exception <a 'sun/nio/fs/WindowsException'{0x0000000710872ea8}> (0x0000000710872ea8) 
thrown [s\src\hotspot\share\prims\jni.cpp, line 520]
Event: 0.450 Thread 0x0000017a81ddf940 Exception <a 'sun/nio/fs/WindowsException'{0x0000000710873178}> (0x0000000710873178) 
thrown [s\src\hotspot\share\prims\jni.cpp, line 520]
Event: 0.638 Thread 0x0000017a81ddf940 Exception <a 'sun/nio/fs/WindowsException'{0x000000071099e8f0}> (0x000000071099e8f0) 
thrown [s\src\hotspot\share\prims\jni.cpp, line 520]
Event: 0.638 Thread 0x0000017a81ddf940 Exception <a 'sun/nio/fs/WindowsException'{0x000000071099ec60}> (0x000000071099ec60) 
thrown [s\src\hotspot\share\prims\jni.cpp, line 520]
Event: 0.689 Thread 0x0000017a81ddf940 Exception <a 'java/lang/NoSuchMethodError'{0x00000007109cba20}: 'java.lang.Object java.lang.invoke.DirectMethodHandle$Holder.newInvokeSpecial(java.lang.Object, long)'> (0x00000007109cba20) 
thrown [s\src\hotspot\share\interpreter\linkResolver.cpp, line 773]
Event: 10.349 Thread 0x0000017af1bcf5e0 Implicit null exception at 0x0000017a920b9587 to 0x0000017a920b968c
Event: 10.554 Thread 0x0000017a81ddf940 Exception <a 'java/lang/NoSuchMethodError'{0x00000007105f0388}: 'void java.lang.invoke.DirectMethodHandle$Holder.invokeStatic(java.lang.Object, java.lang.Object, java.lang.Object, java.lang.Object)'> (0x00000007105f0388) 
thrown [s\src\hotspot\share\interpreter\linkResolver.cpp, line 773]
Event: 10.568 Thread 0x0000017a81ddf940 Exception <a 'java/lang/NoSuchMethodError'{0x0000000710283be8}: 'void java.lang.System.load(java.lang.String, java.lang.Class)'> (0x0000000710283be8) 
thrown [s\src\hotspot\share\interpreter\linkResolver.cpp, line 773]
Event: 10.569 Thread 0x0000017a81ddf940 Exception <a 'java/lang/NoSuchMethodError'{0x0000000710286658}: 'void java.lang.System.loadLibrary(java.lang.String, java.lang.Class)'> (0x0000000710286658) 
thrown [s\src\hotspot\share\interpreter\linkResolver.cpp, line 773]
Event: 10.573 Thread 0x0000017a81ddf940 Exception <a 'sun/nio/fs/WindowsException'{0x0000000710295d08}> (0x0000000710295d08) 
thrown [s\src\hotspot\share\prims\jni.cpp, line 520]
Event: 10.573 Thread 0x0000017a81ddf940 Exception <a 'sun/nio/fs/WindowsException'{0x0000000710296078}> (0x0000000710296078) 
thrown [s\src\hotspot\share\prims\jni.cpp, line 520]

ZGC Phase Switch (0 events):
No events

VM Operations (16 events):
Event: 0.058 Executing VM operation: HandshakeAllThreads (Deoptimize)
Event: 0.058 Executing VM operation: HandshakeAllThreads (Deoptimize) done
Event: 0.138 Executing VM operation: HandshakeAllThreads (Deoptimize)
Event: 0.138 Executing VM operation: HandshakeAllThreads (Deoptimize) done
Event: 1.145 Executing VM operation: Cleanup
Event: 1.145 Executing VM operation: Cleanup done
Event: 2.155 Executing VM operation: Cleanup
Event: 2.155 Executing VM operation: Cleanup done
Event: 10.448 Executing VM operation: G1CollectForAllocation (G1 Evacuation Pause)
Event: 10.451 Executing VM operation: G1CollectForAllocation (G1 Evacuation Pause) done
Event: 10.507 Executing VM operation: HandshakeAllThreads (Deoptimize)
Event: 10.507 Executing VM operation: HandshakeAllThreads (Deoptimize) done
Event: 10.522 Executing VM operation: HandshakeAllThreads (Deoptimize)
Event: 10.522 Executing VM operation: HandshakeAllThreads (Deoptimize) done
Event: 11.311 Executing VM operation: HandshakeAllThreads (Deoptimize)
Event: 11.311 Executing VM operation: HandshakeAllThreads (Deoptimize) done

Memory protections (0 events):
No events

Nmethod flushes (0 events):
No events

Events (20 events):
Event: 2.397 Thread 0x0000017ae7016da0 Thread added: 0x0000017ae71589d0
Event: 2.397 Thread 0x0000017ae7016da0 Thread added: 0x0000017ae717f4b0
Event: 2.811 Thread 0x0000017ae717f4b0 Thread exited: 0x0000017ae717f4b0
Event: 2.811 Thread 0x0000017ae71589d0 Thread exited: 0x0000017ae71589d0
Event: 10.349 Thread 0x0000017af1bcb720 Thread added: 0x0000017af1bcf5e0
Event: 10.385 Thread 0x0000017ae7016da0 Thread added: 0x0000017ae73bc590
Event: 10.385 Thread 0x0000017ae7016da0 Thread added: 0x0000017ae70bb040
Event: 10.385 Thread 0x0000017ae70bb040 Thread added: 0x0000017af1cb4370
Event: 10.404 Thread 0x0000017af1cb4370 Thread added: 0x0000017af22e4e00
Event: 10.409 Thread 0x0000017ae73bc590 Thread added: 0x0000017af2190d30
Event: 10.534 Thread 0x0000017ae73bc590 Thread added: 0x0000017af2593600
Event: 10.535 Thread 0x0000017ae70bb040 Thread added: 0x0000017af25abcf0
Event: 10.536 Thread 0x0000017ae70bb040 Thread added: 0x0000017af25ac390
Event: 10.536 Thread 0x0000017ae7016da0 Thread added: 0x0000017af25aca30
Event: 10.536 Thread 0x0000017ae7016da0 Thread added: 0x0000017af25b10e0
Event: 10.764 Thread 0x0000017af25b10e0 Thread exited: 0x0000017af25b10e0
Event: 11.231 Thread 0x0000017af25aca30 Thread exited: 0x0000017af25aca30
Event: 11.231 Thread 0x0000017af25abcf0 Thread exited: 0x0000017af25abcf0
Event: 11.231 Thread 0x0000017af1cb4370 Thread exited: 0x0000017af1cb4370
Event: 11.231 Thread 0x0000017af25ac390 Thread exited: 0x0000017af25ac390


Dynamic libraries:
0x00007ff7aa4a0000 - 0x00007ff7aa4ae000 	C:\Users\User\.jdks\ms-21.0.7\bin\java.exe
0x00007ffd83840000 - 0x00007ffd83aa9000 	C:\WINDOWS\SYSTEM32\ntdll.dll
0x00007ffd83650000 - 0x00007ffd83719000 	C:\WINDOWS\System32\KERNEL32.DLL
0x00007ffd80a90000 - 0x00007ffd80e83000 	C:\WINDOWS\System32\KERNELBASE.dll
0x00007ffd81180000 - 0x00007ffd812cb000 	C:\WINDOWS\System32\ucrtbase.dll
0x00007ffd5a220000 - 0x00007ffd5a23d000 	C:\Users\User\.jdks\ms-21.0.7\bin\VCRUNTIME140.dll
0x00007ffd5a8b0000 - 0x00007ffd5a8c8000 	C:\Users\User\.jdks\ms-21.0.7\bin\jli.dll
0x00007ffd81de0000 - 0x00007ffd81fa4000 	C:\WINDOWS\System32\USER32.dll
0x00007ffd60e40000 - 0x00007ffd610d3000 	C:\WINDOWS\WinSxS\amd64_microsoft.windows.common-controls_6595b64144ccf1df_6.0.26100.5074_none_3e0d6f78e32fd63f\COMCTL32.dll
0x00007ffd80f30000 - 0x00007ffd80f57000 	C:\WINDOWS\System32\win32u.dll
0x00007ffd82d20000 - 0x00007ffd82dc9000 	C:\WINDOWS\System32\msvcrt.dll
0x00007ffd81610000 - 0x00007ffd8163b000 	C:\WINDOWS\System32\GDI32.dll
0x00007ffd814e0000 - 0x00007ffd8160d000 	C:\WINDOWS\System32\gdi32full.dll
0x00007ffd810d0000 - 0x00007ffd81173000 	C:\WINDOWS\System32\msvcp_win.dll
0x00007ffd81710000 - 0x00007ffd8173f000 	C:\WINDOWS\System32\IMM32.DLL
0x00007ffd7ba70000 - 0x00007ffd7ba7c000 	C:\Users\User\.jdks\ms-21.0.7\bin\vcruntime140_1.dll
0x00007ffd4c340000 - 0x00007ffd4c3cd000 	C:\Users\User\.jdks\ms-21.0.7\bin\msvcp140.dll
0x00007ffd37120000 - 0x00007ffd37eb8000 	C:\Users\User\.jdks\ms-21.0.7\bin\server\jvm.dll
0x00007ffd82130000 - 0x00007ffd821e4000 	C:\WINDOWS\System32\ADVAPI32.dll
0x00007ffd82e50000 - 0x00007ffd82ef6000 	C:\WINDOWS\System32\sechost.dll
0x00007ffd823c0000 - 0x00007ffd824d8000 	C:\WINDOWS\System32\RPCRT4.dll
0x00007ffd82b50000 - 0x00007ffd82bc4000 	C:\WINDOWS\System32\WS2_32.dll
0x00007ffd80780000 - 0x00007ffd807de000 	C:\WINDOWS\SYSTEM32\POWRPROF.dll
0x00007ffd7a990000 - 0x00007ffd7a99b000 	C:\WINDOWS\SYSTEM32\VERSION.dll
0x00007ffd754b0000 - 0x00007ffd754e5000 	C:\WINDOWS\SYSTEM32\WINMM.dll
0x00007ffd80680000 - 0x00007ffd80694000 	C:\WINDOWS\SYSTEM32\UMPDC.dll
0x00007ffd7f770000 - 0x00007ffd7f78b000 	C:\WINDOWS\SYSTEM32\kernel.appcore.dll
0x00007ffd6cda0000 - 0x00007ffd6cdaa000 	C:\Users\User\.jdks\ms-21.0.7\bin\jimage.dll
0x00007ffd699c0000 - 0x00007ffd69c02000 	C:\WINDOWS\SYSTEM32\DBGHELP.DLL
0x00007ffd81a60000 - 0x00007ffd81ddb000 	C:\WINDOWS\System32\combase.dll
0x00007ffd83720000 - 0x00007ffd837f7000 	C:\WINDOWS\System32\OLEAUT32.dll
0x00007ffd688a0000 - 0x00007ffd688dd000 	C:\WINDOWS\SYSTEM32\dbgcore.DLL
0x00007ffd80e90000 - 0x00007ffd80f29000 	C:\WINDOWS\System32\bcryptPrimitives.dll
0x00007ffd583e0000 - 0x00007ffd58400000 	C:\Users\User\.jdks\ms-21.0.7\bin\java.dll
0x00007ffd82f00000 - 0x00007ffd8364d000 	C:\WINDOWS\System32\SHELL32.dll
0x00007ffd80f60000 - 0x00007ffd810cc000 	C:\WINDOWS\System32\wintypes.dll
0x00007ffd7e610000 - 0x00007ffd7ee69000 	C:\WINDOWS\SYSTEM32\windows.storage.dll
0x00007ffd81fb0000 - 0x00007ffd820a0000 	C:\WINDOWS\System32\SHCORE.dll
0x00007ffd82dd0000 - 0x00007ffd82e32000 	C:\WINDOWS\System32\shlwapi.dll
0x00007ffd808f0000 - 0x00007ffd80919000 	C:\WINDOWS\SYSTEM32\profapi.dll
0x00007ffd36f80000 - 0x00007ffd37056000 	C:\Users\User\.jdks\ms-21.0.7\bin\jsvml.dll
0x00007ffd6b620000 - 0x00007ffd6b630000 	C:\Users\User\.jdks\ms-21.0.7\bin\net.dll
0x00007ffd7a070000 - 0x00007ffd7a18f000 	C:\WINDOWS\SYSTEM32\WINHTTP.dll
0x00007ffd7fcd0000 - 0x00007ffd7fd3b000 	C:\WINDOWS\system32\mswsock.dll
0x00007ffd538d0000 - 0x00007ffd538e6000 	C:\Users\User\.jdks\ms-21.0.7\bin\nio.dll
0x00007ffd583c0000 - 0x00007ffd583d8000 	C:\Users\User\.jdks\ms-21.0.7\bin\zip.dll
0x00007ffd68670000 - 0x00007ffd68680000 	C:\Users\User\.jdks\ms-21.0.7\bin\verify.dll
0x00007ffd36f00000 - 0x00007ffd36f7b000 	C:\Users\User\AppData\Local\Temp\lwjgl_User\3.3.3+5\x64\lwjgl.dll
0x00007ffd36c10000 - 0x00007ffd36c92000 	C:\Users\User\AppData\Local\Temp\lwjgl_User\3.3.3+5\x64\glfw.dll
0x00007ffd3ac00000 - 0x00007ffd3ac4b000 	C:\WINDOWS\SYSTEM32\dinput8.dll
0x00007ffd3fdd0000 - 0x00007ffd3fde2000 	C:\WINDOWS\SYSTEM32\xinput1_4.dll
0x00007ffd805d0000 - 0x00007ffd80627000 	C:\WINDOWS\SYSTEM32\cfgmgr32.dll
0x00007ffd805a0000 - 0x00007ffd805cd000 	C:\WINDOWS\SYSTEM32\DEVOBJ.dll
0x00007ffd7df90000 - 0x00007ffd7dfbb000 	C:\WINDOWS\SYSTEM32\dwmapi.dll
0x00007ffd59aa0000 - 0x00007ffd59c7a000 	C:\WINDOWS\SYSTEM32\inputhost.dll
0x00007ffd7d810000 - 0x00007ffd7d935000 	C:\WINDOWS\SYSTEM32\CoreMessaging.dll
0x00007ffd7dce0000 - 0x00007ffd7dd88000 	C:\WINDOWS\system32\uxtheme.dll
0x00007ffd7ff00000 - 0x00007ffd7ff0c000 	C:\WINDOWS\SYSTEM32\CRYPTBASE.DLL
0x00007ffd82970000 - 0x00007ffd82ac8000 	C:\WINDOWS\System32\MSCTF.dll
0x00007ffd4bfb0000 - 0x00007ffd4c0bc000 	C:\WINDOWS\SYSTEM32\opengl32.dll
0x00007ffd6c680000 - 0x00007ffd6c6ad000 	C:\WINDOWS\SYSTEM32\GLU32.dll
0x00007ffd7dde0000 - 0x00007ffd7de24000 	C:\WINDOWS\SYSTEM32\dxcore.dll
0x00007ffd73a40000 - 0x00007ffd73a5a000 	C:\WINDOWS\SYSTEM32\windows.staterepositorycore.dll
0x00007ffc86330000 - 0x00007ffc88bc6000 	C:\WINDOWS\System32\DriverStore\FileRepository\nv_dispi.inf_amd64_2c61c4d89b199ea8\nvoglv64.dll
0x00007ffd824e0000 - 0x00007ffd82967000 	C:\WINDOWS\System32\SETUPAPI.dll
0x00007ffd82220000 - 0x00007ffd823b8000 	C:\WINDOWS\System32\ole32.dll
0x00007ffd7dc80000 - 0x00007ffd7dcaa000 	C:\WINDOWS\SYSTEM32\WTSAPI32.dll
0x00007ffd812d0000 - 0x00007ffd81447000 	C:\WINDOWS\System32\CRYPT32.dll
0x00007ffd7fa10000 - 0x00007ffd7fa59000 	C:\WINDOWS\SYSTEM32\SspiCli.dll
0x00007ffd80100000 - 0x00007ffd80113000 	C:\WINDOWS\SYSTEM32\msasn1.dll
0x00007ffd7a7e0000 - 0x00007ffd7a81b000 	C:\WINDOWS\SYSTEM32\cryptnet.dll
0x00007ffd7ffa0000 - 0x00007ffd80004000 	C:\WINDOWS\SYSTEM32\wldp.dll
0x00007ffd7a610000 - 0x00007ffd7a785000 	C:\WINDOWS\SYSTEM32\drvstore.dll
0x00007ffd81450000 - 0x00007ffd814ce000 	C:\WINDOWS\System32\WINTRUST.dll
0x00007ffd7f890000 - 0x00007ffd7f8c6000 	C:\WINDOWS\SYSTEM32\ntmarta.dll
0x00007ffd821f0000 - 0x00007ffd82210000 	C:\WINDOWS\System32\imagehlp.dll
0x00007ffd800a0000 - 0x00007ffd800bb000 	C:\WINDOWS\System32\CRYPTSP.dll
0x00007ffd7f6d0000 - 0x00007ffd7f70b000 	C:\WINDOWS\system32\rsaenh.dll
0x00007ffd808c0000 - 0x00007ffd808e6000 	C:\WINDOWS\System32\bcrypt.dll
0x00007ffd764e0000 - 0x00007ffd79f92000 	C:\WINDOWS\System32\DriverStore\FileRepository\nv_dispi.inf_amd64_2c61c4d89b199ea8\nvgpucomp64.dll
0x00007ffd46da0000 - 0x00007ffd470a6000 	C:\WINDOWS\system32\nvspcap64.dll
0x00007ffd80330000 - 0x00007ffd80393000 	C:\WINDOWS\SYSTEM32\WINSTA.dll
0x00007ffd59950000 - 0x00007ffd59a99000 	C:\WINDOWS\SYSTEM32\textinputframework.dll
0x00007ffd36ea0000 - 0x00007ffd36efe000 	C:\Users\User\AppData\Local\Temp\lwjgl_User\3.3.3+5\x64\lwjgl_opengl.dll
0x00007ffd1a5f0000 - 0x00007ffd1a7b7000 	C:\Users\User\AppData\Local\Temp\lwjgl_User\3.3.3+5\x64\OpenAL.dll
0x00007ffd82bd0000 - 0x00007ffd82c81000 	C:\WINDOWS\System32\clbcatq.dll
0x00007ffd73d50000 - 0x00007ffd73de9000 	C:\WINDOWS\System32\MMDevApi.dll
0x00007ffd60250000 - 0x00007ffd6040b000 	C:\WINDOWS\SYSTEM32\AUDIOSES.DLL
0x00007ffd7e300000 - 0x00007ffd7e314000 	C:\WINDOWS\SYSTEM32\resourcepolicyclient.dll
0x00007ffd4aa80000 - 0x00007ffd4aa89000 	C:\Users\User\.jdks\ms-21.0.7\bin\extnet.dll
0x00007ffd36b80000 - 0x00007ffd36c02000 	C:\Users\User\AppData\Local\Temp\lwjgl_User\3.3.3+5\x64\lwjgl_stb.dll

dbghelp: loaded successfully - version: 4.0.5 - missing functions: none
symbol engine: initialized successfully - sym options: 0x614 - pdb path: .;C:\Users\User\.jdks\ms-21.0.7\bin;C:\WINDOWS\SYSTEM32;C:\WINDOWS\WinSxS\amd64_microsoft.windows.common-controls_6595b64144ccf1df_6.0.26100.5074_none_3e0d6f78e32fd63f;C:\Users\User\.jdks\ms-21.0.7\bin\server;C:\Users\User\AppData\Local\Temp\lwjgl_User\3.3.3+5\x64;C:\WINDOWS\System32\DriverStore\FileRepository\nv_dispi.inf_amd64_2c61c4d89b199ea8

VM Arguments:
jvm_args: -Dfile.encoding=UTF-8 -Duser.country=US -Duser.language=en -Duser.variant 
java_command: Main
java_class_path (initial): C:\Users\User\Documents\Work\Java programs\ScreenSpy\build\classes\java\main;C:\Users\User\Documents\Work\Java programs\ScreenSpy\build\resources\main;C:\Users\User\.gradle\caches\modules-2\files-2.1\com.fasterxml.jackson.core\jackson-annotations\2.13.4\858c6cc78e1f08a885b1613e1d817c829df70a6e\jackson-annotations-2.13.4.jar;C:\Users\User\.gradle\caches\modules-2\files-2.1\com.fasterxml.jackson.core\jackson-core\2.13.4\cf934c681294b97ef6d80082faeefbe1edadf56\jackson-core-2.13.4.jar;C:\Users\User\.gradle\caches\modules-2\files-2.1\com.fasterxml.jackson.core\jackson-databind\2.13.4.2\325c06bdfeb628cfb80ebaaf1a26cc1eb558a585\jackson-databind-2.13.4.2.jar;C:\Users\User\.gradle\caches\modules-2\files-2.1\org.lwjgl\lwjgl-assimp\3.3.3\c2c34011cbda30ed8cf98bc5cbf97b49afe5279a\lwjgl-assimp-3.3.3.jar;C:\Users\User\.gradle\caches\modules-2\files-2.1\org.lwjgl\lwjgl-assimp\3.3.3\d90ccdade594716062975cffd1431d387f770ac4\lwjgl-assimp-3.3.3-natives-windows.jar;C:\Users\User\.gradle\caches\modules-2\files-2.1\org.lwjgl\lwjgl-glfw\3.3.3\efa1eb78c5ccd840e9f329717109b5e892d72f8e\lwjgl-glfw-3.3.3.jar;C:\Users\User\.gradle\caches\modules-2\files-2.1\org.lwjgl\lwjgl-glfw\3.3.3\e449e28b4891fc423c54c85fbc5bb0b9efece67a\lwjgl-glfw-3.3.3-natives-windows.jar;C:\Users\User\.gradle\caches\modules-2\files-2.1\org.lwjgl\lwjgl-nfd\3.3.3\f1b41d3a0a2f5cd2a55a6a59a618c87d0348681c\lwjgl-nfd-3.3.3.jar;C:\Users\User\.gradle\caches\modules-2\files-2.1\org.lwjgl\lwjgl-nfd\3.3.3\3a39132eef695dcb7631adc1d02e493527940d10\lwjgl-nfd-3.3.3-natives-windows.jar;C:\Users\User\.gradle\caches\modules-2\files-2.1\org.lwjgl\lwjgl-openal\3.3.3\daada81ceb5fc0c291fbfdd4433cb8d9423577f2\lwjgl-openal-3.3.3.jar;C:\Users\User\.gradle\caches\modules-2\files-2.1\org.lwjgl\lwjgl-openal\3.3.3\cf83862ae95d98496b26915024c7e666d8ab1c8f\lwjgl-openal-3.3.3-natives-windows.jar;C:\Users\User\.gradle\caches\modules-2\files-2.1\org.lwjgl\lwjgl-opengl\3.3.3\2f6b0147078396a58979125a4c947664e98293a\lwjgl-opengl-3.3.3.jar;C:\Users\User\.gradle\caches\modules-2\files-2.1\org.lwjgl\lwjgl-opengl\3.3.3\e6c1eec8be8a71951b830a4d69efc01c6531900c\lwjgl-opengl-3.3.3-natives-windows.jar;C:\Users\User\.gradle\caches\modules-2\files-2.1\org.lwjgl\lwjgl-stb\3.3.3\25dd6161988d7e65f71d5065c99902402ee32746\lwjgl-stb-3.3.3.jar;C:\Users\User\.gradle\caches\modules-2\files-2.1\org.lwjgl\lwjgl-stb\3.3.3\1d9facdf6541de114b0f963be33505b7679c78cb\lwjgl-stb-3.3.3-natives-windows.jar;C:\Users\User\.gradle\caches\modules-2\files-2.1\org.lwjgl\lwjgl\3.3.3\29589b5f87ed335a6c7e7ee6a5775f81f97ecb84\lwjgl-3.3.3.jar;C:\Users\User\.gradle\caches\modules-2\files-2.1\org.lwjgl\lwjgl\3.3.3\a5ed18a2b82fc91b81f40d717cb1f64c9dcb0540\lwjgl-3.3.3-natives-windows.jar;C:\Users\User\.gradle\caches\modules-2\files-2.1\org.joml\joml\1.9.23\2fe75c084b2c8b82dbf7106f46b9cdc444785acf\joml-1.9.23.jar
Launcher Type: SUN_STANDARD

[Global flags]
     intx CICompilerCount                          = 12                                        {product} {ergonomic}
     uint ConcGCThreads                            = 3                                         {product} {ergonomic}
     uint G1ConcRefinementThreads                  = 13                                        {product} {ergonomic}
   size_t G1HeapRegionSize                         = 2097152                                   {product} {ergonomic}
    uintx GCDrainStackTargetSize                   = 64                                        {product} {ergonomic}
   size_t InitialHeapSize                          = 268435456                                 {product} {ergonomic}
   size_t MarkStackSize                            = 4194304                                   {product} {ergonomic}
   size_t MaxHeapSize                              = 4276092928                                {product} {ergonomic}
   size_t MaxNewSize                               = 2564816896                                {product} {ergonomic}
   size_t MinHeapDeltaBytes                        = 2097152                                   {product} {ergonomic}
   size_t MinHeapSize                              = 8388608                                   {product} {ergonomic}
    uintx NonNMethodCodeHeapSize                   = 7602480                                {pd product} {ergonomic}
    uintx NonProfiledCodeHeapSize                  = 122027880                              {pd product} {ergonomic}
    uintx ProfiledCodeHeapSize                     = 122027880                              {pd product} {ergonomic}
    uintx ReservedCodeCacheSize                    = 251658240                              {pd product} {ergonomic}
     bool SegmentedCodeCache                       = true                                      {product} {ergonomic}
   size_t SoftMaxHeapSize                          = 4276092928                             {manageable} {ergonomic}
     bool UseCompressedOops                        = true                           {product lp64_product} {ergonomic}
     bool UseG1GC                                  = true                                      {product} {ergonomic}
     bool UseLargePagesIndividualAllocation        = false                                  {pd product} {ergonomic}

Logging:
Log output configuration:
 #0: stdout all=warning uptime,level,tags foldmultilines=false
 #1: stderr all=off uptime,level,tags foldmultilines=false

Environment Variables:
JAVA_HOME=C:\Program Files\Microsoft\jdk-21.0.8.9-hotspot\
PATH=C:\Program Files\Common Files\Oracle\Java\javapath;C:\Program Files\Microsoft\jdk-21.0.8.9-hotspot\bin;C:\VulkanSDK\1.3.243.0\Bin;C:\Libraries\VulkanSDK\Bin;C:\Program Files (x86)\Common Files\Oracle\Java\java8path;C:\Program Files (x86)\Common Files\Oracle\Java\javapath;C:\WINDOWS\system32;C:\WINDOWS;C:\WINDOWS\System32\Wbem;C:\WINDOWS\System32\WindowsPowerShell\v1.0\;C:\WINDOWS\System32\OpenSSH\;C:\Program Files\NVIDIA Corporation\NVIDIA App\NvDLISR;C:\Program Files (x86)\NVIDIA Corporation\PhysX\Common;C:\Program Files\Git\cmd;C:\Program Files\CMake\bin;C:\Program Files (x86)\Windows Kits\10\Windows Performance Toolkit\;C:\Program Files\Go\bin;C:\Program Files\Docker\Docker\resources\bin;C:\Program Files\nodejs\;C:\Users\User\.cargo\bin;C:\Users\User\AppData\Local\Programs\Python\Launcher\;C:\Users\User\AppData\Local\Programs\Eclipse Adoptium\jdk-8.0.452.9-hotspot\bin;C:\Users\User\AppData\Local\Microsoft\WindowsApps;C:\Users\User\AppData\Local\Programs\Microsoft VS Code\bin;C:\Ninja;C:\Users\User\go\bin;C:\Users\User\AppData\Local\GitHubDesktop\bin;C:\Users\User\AppData\Local\Packages\PythonSoftwareFoundation.Python.3.12_qbz5n2kfra8p0\LocalCache\local-packages\Python312\Scripts;C:\Users\User\AppData\Roaming\npm;C:\Program Files\nodejs;C:\MinGW\bin;C:\Users\User\Documents\Work\bin\Downloads\Archives\Contents\VC\Tools\MSVC\14.44.35207\bin\Hostx64\x64;C:\Users\User\Documents\Work\bin\;
USERNAME=User
OS=Windows_NT
PROCESSOR_IDENTIFIER=Intel64 Family 6 Model 165 Stepping 5, GenuineIntel
TMP=C:\Users\User\AppData\Local\Temp
TEMP=C:\Users\User\AppData\Local\Temp




Periodic native trim disabled

---------------  S Y S T E M  ---------------

OS:
 Windows 11 , 64 bit Build 26100 (10.0.26100.5074)
OS uptime: 2 days 1:05 hours
Hyper-V role detected

CPU: total 16 (initial active 16) (8 cores per cpu, 2 threads per core) family 6 model 165 stepping 5 microcode 0xfa, cx8, cmov, fxsr, ht, mmx, 3dnowpref, sse, sse2, sse3, ssse3, sse4.1, sse4.2, popcnt, lzcnt, tsc, tscinvbit, avx, avx2, aes, erms, clmul, bmi1, bmi2, adx, fma, vzeroupper, clflush, clflushopt, hv, rdtscp, f16c
Processor Information for the first 16 processors :
  Max Mhz: 3792, Current Mhz: 3792, Mhz Limit: 3792

Memory: 4k page, system-wide physical 16305M (3838M free)
TotalPageFile size 28593M (AvailPageFile size 9061M)
current process WorkingSet (physical memory assigned to process): 400M, peak: 1828M
current process commit charge ("private bytes"): 1630M, peak: 3106M

vm_info: OpenJDK 64-Bit Server VM (21.0.7+6-LTS) for windows-amd64 JRE (21.0.7+6-LTS), built on 2025-04-09T22:17:25Z by "MicrosoftCorporation" with unknown MS VC++:1939

END.
