#
# A fatal error has been detected by the Java Runtime Environment:
#
#  EXCEPTION_ACCESS_VIOLATION (0xc0000005) at pc=0x00007ffceff6cc49, pid=16432, tid=3332
#
# JRE version: OpenJDK Runtime Environment Microsoft-11369940 (21.0.7+6) (build 21.0.7+6-LTS)
# Java VM: OpenJDK 64-Bit Server VM Microsoft-11369940 (21.0.7+6-LTS, mixed mode, sharing, tiered, compressed oops, compressed class ptrs, g1 gc, windows-amd64)
# Problematic frame:
# V  [jvm.dll+0x33cc49]
#
# No core dump will be written. Minidumps are not enabled by default on client versions of Windows
#
# If you would like to submit a bug report, please visit:
#   https://github.com/microsoft/openjdk/issues
#

---------------  S U M M A R Y ------------

Command Line: -Dfile.encoding=UTF-8 -Duser.country=US -Duser.language=en -Duser.variant Main

Host: Intel(R) Core(TM) i7-10700K CPU @ 3.80GHz, 16 cores, 15G,  Windows 11 , 64 bit Build 26100 (10.0.26100.5074)
Time: Thu Oct  9 18:08:03 2025 Arab Standard Time elapsed time: 415.101444 seconds (0d 0h 6m 55s)

---------------  T H R E A D  ---------------

Current thread (0x000002541e91acf0):  WorkerThread "GC Thread#11"   [id=3332, stack(0x000000add9e00000,0x000000add9f00000) (1024K)]

Stack: [0x000000add9e00000,0x000000add9f00000],  sp=0x000000add9eff940,  free space=1022k
Native frames: (J=compiled Java code, j=interpreted, Vv=VM code, C=native code)
V  [jvm.dll+0x33cc49]
V  [jvm.dll+0x35e8a1]
V  [jvm.dll+0x372ac9]
V  [jvm.dll+0x37318a]
V  [jvm.dll+0x373277]
V  [jvm.dll+0x37410b]
V  [jvm.dll+0x8dd911]
V  [jvm.dll+0x85916b]
V  [jvm.dll+0x6d327d]
C  [ucrtbase.dll+0x37b0]
C  [KERNEL32.DLL+0x2e8d7]
C  [ntdll.dll+0x8d9c]


siginfo: EXCEPTION_ACCESS_VIOLATION (0xc0000005), data execution prevention violation at address 0x00007ffc00adcc49


Registers:
RAX=0x0000000000000000, RBX=0x0000000000000007, RCX=0x0000000000000000, RDX=0x0000000000000000
RSP=0x000000add9eff940, RBP=0x0000000000000002, RSI=0x00000253a7fc6560, RDI=0x00000253aa29e180
R8 =0x0000000000000000, R9 =0x0000000000000000, R10=0x0000000000000038, R11=0x0000000000000000
R12=0x000000000000001a, R13=0x0000000000000010, R14=0x0000000000000000, R15=0x000000add9eff9c0
RIP=0x00007ffceff6cc49, EFLAGS=0x0000000000010246

XMM[0]=0x0000000000000000 0x0000000000000000
XMM[1]=0x0000000000000000 0x416312d000000000
XMM[2]=0x0000000000000000 0x0000000000000000
XMM[3]=0x0000000000000000 0x0000000000000000
XMM[4]=0x0000000000000000 0x0000000000000000
XMM[5]=0x0000000000000000 0x0000000000000000
XMM[6]=0x0000016e74419d40 0x00000000f7670b3d
XMM[7]=0x0000000000000000 0x0000000000000000
XMM[8]=0x0000000000000000 0x0000000000000000
XMM[9]=0x0000000000000000 0x0000000000000000
XMM[10]=0x0000000000000000 0x0000000000000000
XMM[11]=0x0000000000000000 0x0000000000000000
XMM[12]=0x0000000000000000 0x0000000000000000
XMM[13]=0x0000000000000000 0x0000000000000000
XMM[14]=0x0000000000000000 0x0000000000000000
XMM[15]=0x0000000000000000 0x0000000000000000
  MXCSR=0x00001fa0


Register to memory mapping:

RAX=0x0 is null
RBX=0x0000000000000007 is an unknown value
RCX=0x0 is null
RDX=0x0 is null
RSP=0x000000add9eff940 points into unknown readable memory: 0x000000add7ef0000 | 00 00 ef d7 ad 00 00 00
RBP=0x0000000000000002 is an unknown value
RSI=0x00000253a7fc6560 points into unknown readable memory: 0x00007ffcf065be48 | 48 be 65 f0 fc 7f 00 00
RDI=0x00000253aa29e180 points into unknown readable memory: 0x0000000000000000 | 00 00 00 00 00 00 00 00
R8 =0x0 is null
R9 =0x0 is null
R10=0x0000000000000038 is an unknown value
R11=0x0 is null
R12=0x000000000000001a is an unknown value
R13=0x0000000000000010 is an unknown value
R14=0x0 is null
R15=0x000000add9eff9c0 points into unknown readable memory: 0x000000070e33b095 | 95 b0 33 0e 07 00 00 00

Top of Stack: (sp=0x000000add9eff940)
0x000000add9eff940:   000000add7ef0000 0000000000000000
0x000000add9eff950:   0000000000000000 0000025410baf360
0x000000add9eff960:   0000000000000025 0000000000000000
0x000000add9eff970:   0000025410baf360 0000000000000004
0x000000add9eff980:   000000070e33b094 00007ffceff8e8a1
0x000000add9eff990:   0000025410baf360 000000add9effa20
0x000000add9eff9a0:   00000253a7fc6560 0000000000000020
0x000000add9eff9b0:   000000add9effa90 00007ffceffa2ac9
0x000000add9eff9c0:   000000070e33b095 0000000000000002
0x000000add9eff9d0:   0000000000000000 000000add9effa90
0x000000add9eff9e0:   000000add7efeeb0 00007ffcf02fd48f
0x000000add9eff9f0:   0000000000000000 0000000000000000
0x000000add9effa00:   0000025410000000 00007ffceff997cf
0x000000add9effa10:   0000025410f7c1d0 00007ffcf0494467
0x000000add9effa20:   000002541e9f7160 0000025410f7c1d0
0x000000add9effa30:   00000000000003d8 000002541e9f7548
0x000000add9effa40:   0000000000000002 00007ffceffa318a
0x000000add9effa50:   0000025410baf360 0000000000000014
0x000000add9effa60:   000000add7efeeb0 00000253aa28a980
0x000000add9effa70:   0000001200000010 0000000000000002
0x000000add9effa80:   00000000f7670b3d 0000016e74419d40
0x000000add9effa90:   00007ffcf06657e8 4079f17a8f62def2
0x000000add9effaa0:   3f3a9d3a38300000 0000000000000404
0x000000add9effab0:   00000253aa2950e0 0000025410baf360
0x000000add9effac0:   00000253a7fc6560 000000add7efeee0
0x000000add9effad0:   0000000000000014 0000000000000000
0x000000add9effae0:   0000000000000000 0000000000000000
0x000000add9effaf0:   000002541e9f7170 00007ffceffa3277
0x000000add9effb00:   0000025410baf360 0000000000000002
0x000000add9effb10:   000002541ec53710 000000add7efeeb0
0x000000add9effb20:   0000025300000016 000000ad00000014
0x000000add9effb30:   000000add7efeeb0 00007ffceffa410b 

Instructions: (pc=0x00007ffceff6cc49)
0x00007ffceff6cb49:   8d 88 ff ff ff 7f 0f 4e c1 33 d2 89 87 04 02 00
0x00007ffceff6cb59:   00 f7 76 08 44 8b c2 3b d5 74 bc 8b dd 3b dd 74
0x00007ffceff6cb69:   05 41 3b d8 75 41 8b 8f 04 02 00 00 b8 5f 0b 4e
0x00007ffceff6cb79:   83 f7 e9 03 d1 c1 fa 10 8b c2 c1 e8 1f 03 d0 69
0x00007ffceff6cb89:   c1 a7 41 00 00 69 ca ff ff ff 7f 2b c1 85 c0 8d
0x00007ffceff6cb99:   88 ff ff ff 7f 0f 4e c1 33 d2 89 87 04 02 00 00
0x00007ffceff6cba9:   f7 76 08 8b da eb b6 41 8b c0 4c 8d 1c c5 00 00
0x00007ffceff6cbb9:   00 00 48 8b 46 10 49 8b 0c 03 8b 81 00 01 00 00
0x00007ffceff6cbc9:   44 8b 89 80 00 00 00 44 2b c8 b8 00 00 00 00 41
0x00007ffceff6cbd9:   81 e1 ff ff 01 00 41 81 f9 ff ff 01 00 44 0f 44
0x00007ffceff6cbe9:   c8 8b c3 4c 8d 14 c5 00 00 00 00 48 8b 46 10 49
0x00007ffceff6cbf9:   8b 0c 02 8b 81 00 01 00 00 8b 91 80 00 00 00 33
0x00007ffceff6cc09:   c9 2b d0 8b c1 81 e2 ff ff 01 00 81 fa ff ff 01
0x00007ffceff6cc19:   00 0f 44 d1 41 3b d1 76 0a 48 8b 46 10 49 8b 0c
0x00007ffceff6cc29:   02 eb 10 45 85 c9 74 18 48 8b 46 10 41 8b d8 49
0x00007ffceff6cc39:   8b 0c 03 49 8b d7 e8 5c e6 ff ff 83 f8 02 74 05
0x00007ffceff6cc49:   bb ff ff ff ff 89 9f 00 02 00 00 eb 14 75 17 8d
0x00007ffceff6cc59:   45 ff 49 8b d7 83 e0 01 48 8b 0c c1 e8 36 e6 ff
0x00007ffceff6cc69:   ff 83 f8 02 74 2b 41 ff c6 45 3b f4 0f 82 85 fe
0x00007ffceff6cc79:   ff ff 32 c0 48 8b 5c 24 50 48 8b 6c 24 58 48 8b
0x00007ffceff6cc89:   74 24 60 48 83 c4 20 41 5f 41 5e 41 5d 41 5c 5f
0x00007ffceff6cc99:   c3 b0 01 eb df cc cc 48 8b 89 50 06 00 00 e9 94
0x00007ffceff6cca9:   0e 5a 00 cc cc cc cc 48 89 54 24 10 4c 89 44 24
0x00007ffceff6ccb9:   18 4c 89 4c 24 20 53 48 83 ec 20 48 8b d9 4c 8d
0x00007ffceff6ccc9:   4c 24 40 4c 8b c2 48 8d 0d 7a f6 94 00 ba 01 00
0x00007ffceff6ccd9:   00 00 e8 a0 b5 2a 00 48 8b c3 48 83 c4 20 5b c3
0x00007ffceff6cce9:   cc cc cc cc cc cc cc 48 89 5c 24 18 55 57 41 57
0x00007ffceff6ccf9:   48 83 ec 20 48 8b 41 18 4c 8b f9 8b 7a 38 48 8d
0x00007ffceff6cd09:   4a 3c 48 8b da 48 8b 80 60 06 00 00 48 8b 2c f8
0x00007ffceff6cd19:   8b 01 c1 e8 02 48 c1 e5 03 a8 01 0f 84 11 01 00
0x00007ffceff6cd29:   00 8b 42 3c 83 f8 04 0f 85 60 01 00 00 48 89 74
0x00007ffceff6cd39:   24 40 4c 89 74 24 48 4d 8b 77 10 0f 1f 40 00 0f 


Stack slot to memory mapping:

stack at sp + 0 slots: 0x000000add7ef0000 is an unknown value
stack at sp + 1 slots: 0x0 is null
stack at sp + 2 slots: 0x0 is null
stack at sp + 3 slots: 0x0000025410baf360 points into unknown readable memory: 0x00007ffcf0662f88 | 88 2f 66 f0 fc 7f 00 00
stack at sp + 4 slots: 0x0000000000000025 is an unknown value
stack at sp + 5 slots: 0x0 is null
stack at sp + 6 slots: 0x0000025410baf360 points into unknown readable memory: 0x00007ffcf0662f88 | 88 2f 66 f0 fc 7f 00 00
stack at sp + 7 slots: 0x0000000000000004 is an unknown value


---------------  P R O C E S S  ---------------

Threads class SMR info:
_java_thread_list=0x000002541eb251c0, length=12, elements={
0x00000253a7fbf5c0, 0x00000253ca253fa0, 0x00000253ca254bf0, 0x00000253ca25a040,
0x00000253ca25cbd0, 0x00000253ca2615b0, 0x00000253ca264740, 0x00000253ca2662b0,
0x00000253ca26b8c0, 0x00000253ca45a5f0, 0x00000253ca45dab0, 0x0000025410c23570
}

Java Threads: ( => current thread )
  0x00000253a7fbf5c0 JavaThread "main"                              [_thread_blocked, id=4344, stack(0x000000add7700000,0x000000add7800000) (1024K)]
  0x00000253ca253fa0 JavaThread "Reference Handler"          daemon [_thread_blocked, id=5812, stack(0x000000add7f00000,0x000000add8000000) (1024K)]
  0x00000253ca254bf0 JavaThread "Finalizer"                  daemon [_thread_blocked, id=21792, stack(0x000000add8000000,0x000000add8100000) (1024K)]
  0x00000253ca25a040 JavaThread "Signal Dispatcher"          daemon [_thread_blocked, id=23060, stack(0x000000add8100000,0x000000add8200000) (1024K)]
  0x00000253ca25cbd0 JavaThread "Attach Listener"            daemon [_thread_blocked, id=3704, stack(0x000000add8200000,0x000000add8300000) (1024K)]
  0x00000253ca2615b0 JavaThread "Service Thread"             daemon [_thread_blocked, id=7920, stack(0x000000add8300000,0x000000add8400000) (1024K)]
  0x00000253ca264740 JavaThread "Monitor Deflation Thread"   daemon [_thread_blocked, id=18760, stack(0x000000add8400000,0x000000add8500000) (1024K)]
  0x00000253ca2662b0 JavaThread "C2 CompilerThread0"         daemon [_thread_blocked, id=15192, stack(0x000000add8500000,0x000000add8600000) (1024K)]
  0x00000253ca26b8c0 JavaThread "C1 CompilerThread0"         daemon [_thread_blocked, id=11804, stack(0x000000add8600000,0x000000add8700000) (1024K)]
  0x00000253ca45a5f0 JavaThread "Notification Thread"        daemon [_thread_blocked, id=22104, stack(0x000000add8900000,0x000000add8a00000) (1024K)]
  0x00000253ca45dab0 JavaThread "Common-Cleaner"             daemon [_thread_blocked, id=8456, stack(0x000000add8a00000,0x000000add8b00000) (1024K)]
  0x0000025410c23570 JavaThread "Thread-0"                          [_thread_in_native, id=1668, stack(0x000000add8800000,0x000000add8900000) (1024K)]
Total: 12

Other Threads:
  0x00000253ca237b60 VMThread "VM Thread"                           [id=3308, stack(0x000000add7e00000,0x000000add7f00000) (1024K)]
  0x00000253ca225060 WatcherThread "VM Periodic Task Thread"        [id=820, stack(0x000000add7d00000,0x000000add7e00000) (1024K)]
  0x00000253aa2ee480 WorkerThread "GC Thread#0"                     [id=18828, stack(0x000000add7800000,0x000000add7900000) (1024K)]
  0x0000025410f7c540 WorkerThread "GC Thread#1"                     [id=10940, stack(0x000000add9600000,0x000000add9700000) (1024K)]
  0x0000025410f7c8e0 WorkerThread "GC Thread#2"                     [id=18300, stack(0x000000add9700000,0x000000add9800000) (1024K)]
  0x0000025410f8b520 WorkerThread "GC Thread#3"                     [id=13264, stack(0x000000add9800000,0x000000add9900000) (1024K)]
  0x0000025410f8bcd0 WorkerThread "GC Thread#4"                     [id=12940, stack(0x000000add9900000,0x000000add9a00000) (1024K)]
  0x0000025410f8c480 WorkerThread "GC Thread#5"                     [id=16820, stack(0x000000add9a00000,0x000000add9b00000) (1024K)]
  0x000002541e77bbb0 WorkerThread "GC Thread#6"                     [id=19104, stack(0x000000add9b00000,0x000000add9c00000) (1024K)]
  0x000002541e77bf50 WorkerThread "GC Thread#7"                     [id=19920, stack(0x000000add9c00000,0x000000add9d00000) (1024K)]
  0x000002541ea28860 WorkerThread "GC Thread#8"                     [id=17352, stack(0x000000add8700000,0x000000add8800000) (1024K)]
  0x000002541ef58dd0 WorkerThread "GC Thread#9"                     [id=21540, stack(0x000000add8b00000,0x000000add8c00000) (1024K)]
  0x000002541e91b430 WorkerThread "GC Thread#10"                    [id=22500, stack(0x000000add9d00000,0x000000add9e00000) (1024K)]
=>0x000002541e91acf0 WorkerThread "GC Thread#11"                    [id=3332, stack(0x000000add9e00000,0x000000add9f00000) (1024K)]
  0x000002541e91a950 WorkerThread "GC Thread#12"                    [id=1940, stack(0x000000add9f00000,0x000000adda000000) (1024K)]
  0x00000253aa3009c0 ConcurrentGCThread "G1 Main Marker"            [id=23024, stack(0x000000add7900000,0x000000add7a00000) (1024K)]
  0x00000253aa3014c0 WorkerThread "G1 Conc#0"                       [id=22656, stack(0x000000add7a00000,0x000000add7b00000) (1024K)]
  0x000002541e91bb70 WorkerThread "G1 Conc#1"                       [id=17908, stack(0x000000add7500000,0x000000add7600000) (1024K)]
  0x000002541e91c2b0 WorkerThread "G1 Conc#2"                       [id=9096, stack(0x000000add7600000,0x000000add7700000) (1024K)]
  0x00000253ca0e3a00 ConcurrentGCThread "G1 Refine#0"               [id=12772, stack(0x000000add7b00000,0x000000add7c00000) (1024K)]
  0x00000253ca0e5230 ConcurrentGCThread "G1 Service"                [id=5300, stack(0x000000add7c00000,0x000000add7d00000) (1024K)]
Total: 21

Threads with active compile tasks:
Total: 0

VM state: at safepoint (normal execution)

VM Mutex/Monitor currently owned by a thread:  ([mutex/lock_event])
[0x00007ffcf08e6478] Threads_lock - owner thread: 0x00000253ca237b60
[0x00007ffcf08e6578] Heap_lock - owner thread: 0x00000253a7fbf5c0

Heap address: 0x0000000701200000, size: 4078 MB, Compressed Oops mode: Zero based, Oop shift amount: 3

CDS archive(s) mapped at: [0x00000253cb000000-0x00000253cbc80000-0x00000253cbc80000), size 13107200, SharedBaseAddress: 0x00000253cb000000, ArchiveRelocationMode: 1.
Compressed class space mapped at: 0x00000253cc000000-0x000002540c000000, reserved size: 1073741824
Narrow klass base: 0x00000253cb000000, Narrow klass shift: 0, Narrow klass range: 0x100000000

GC Precious Log:
 CardTable entry size: 512
 Card Set container configuration: InlinePtr #cards 4 size 8 Array Of Cards #cards 16 size 48 Howl #buckets 8 coarsen threshold 3686 Howl Bitmap #cards 512 size 80 coarsen threshold 460 Card regions per heap region 1 cards per card region 4096
 CPUs: 16 total, 16 available
 Memory: 16305M
 Large Page Support: Disabled
 NUMA Support: Disabled
 Compressed Oops: Enabled (Zero based)
 Heap Region Size: 2M
 Heap Min Capacity: 8M
 Heap Initial Capacity: 256M
 Heap Max Capacity: 4078M
 Pre-touch: Disabled
 Parallel Workers: 13
 Concurrent Workers: 3
 Concurrent Refinement Workers: 13
 Periodic GC: Disabled

Heap:
 garbage-first heap   total 362496K, used 288768K [0x0000000701200000, 0x0000000800000000)
  region size 2048K, 20 young (40960K), 3 survivors (6144K)
 Metaspace       used 10753K, committed 11008K, reserved 1114112K
  class space    used 783K, committed 896K, reserved 1048576K

Heap Regions: E=young(eden), S=young(survivor), O=old, HS=humongous(starts), HC=humongous(continues), CS=collection set, F=free, TAMS=top-at-mark-start, PB=parsable bottom
|   0|0x0000000701200000, 0x0000000701400000, 0x0000000701400000|100%| O|  |TAMS 0x0000000701200000| PB 0x0000000701200000| Untracked 
|   1|0x0000000701400000, 0x0000000701600000, 0x0000000701600000|100%| O|  |TAMS 0x0000000701400000| PB 0x0000000701400000| Untracked 
|   2|0x0000000701600000, 0x0000000701800000, 0x0000000701800000|100%| O|  |TAMS 0x0000000701600000| PB 0x0000000701600000| Untracked 
|   3|0x0000000701800000, 0x0000000701a00000, 0x0000000701a00000|100%| O|  |TAMS 0x0000000701800000| PB 0x0000000701800000| Untracked 
|   4|0x0000000701a00000, 0x0000000701c00000, 0x0000000701c00000|100%| O|  |TAMS 0x0000000701a00000| PB 0x0000000701a00000| Untracked 
|   5|0x0000000701c00000, 0x0000000701e00000, 0x0000000701e00000|100%| O|  |TAMS 0x0000000701c00000| PB 0x0000000701c00000| Untracked 
|   6|0x0000000701e00000, 0x0000000702000000, 0x0000000702000000|100%| O|  |TAMS 0x0000000701e00000| PB 0x0000000701e00000| Untracked 
|   7|0x0000000702000000, 0x0000000702200000, 0x0000000702200000|100%| O|  |TAMS 0x0000000702000000| PB 0x0000000702000000| Untracked 
|   8|0x0000000702200000, 0x0000000702400000, 0x0000000702400000|100%| O|  |TAMS 0x0000000702200000| PB 0x0000000702200000| Untracked 
|   9|0x0000000702400000, 0x0000000702600000, 0x0000000702600000|100%| O|  |TAMS 0x0000000702400000| PB 0x0000000702400000| Untracked 
|  10|0x0000000702600000, 0x0000000702800000, 0x0000000702800000|100%| O|  |TAMS 0x0000000702600000| PB 0x0000000702600000| Untracked 
|  11|0x0000000702800000, 0x0000000702a00000, 0x0000000702a00000|100%| O|  |TAMS 0x0000000702800000| PB 0x0000000702800000| Untracked 
|  12|0x0000000702a00000, 0x0000000702c00000, 0x0000000702c00000|100%| O|  |TAMS 0x0000000702a00000| PB 0x0000000702a00000| Untracked 
|  13|0x0000000702c00000, 0x0000000702e00000, 0x0000000702e00000|100%| O|  |TAMS 0x0000000702c00000| PB 0x0000000702c00000| Untracked 
|  14|0x0000000702e00000, 0x0000000703000000, 0x0000000703000000|100%| O|  |TAMS 0x0000000702e00000| PB 0x0000000702e00000| Untracked 
|  15|0x0000000703000000, 0x0000000703200000, 0x0000000703200000|100%| O|  |TAMS 0x0000000703000000| PB 0x0000000703000000| Untracked 
|  16|0x0000000703200000, 0x0000000703400000, 0x0000000703400000|100%| O|  |TAMS 0x0000000703200000| PB 0x0000000703200000| Untracked 
|  17|0x0000000703400000, 0x0000000703600000, 0x0000000703600000|100%| O|  |TAMS 0x0000000703400000| PB 0x0000000703400000| Untracked 
|  18|0x0000000703600000, 0x0000000703800000, 0x0000000703800000|100%| O|  |TAMS 0x0000000703600000| PB 0x0000000703600000| Untracked 
|  19|0x0000000703800000, 0x0000000703a00000, 0x0000000703a00000|100%| O|  |TAMS 0x0000000703800000| PB 0x0000000703800000| Untracked 
|  20|0x0000000703a00000, 0x0000000703c00000, 0x0000000703c00000|100%| O|  |TAMS 0x0000000703a00000| PB 0x0000000703a00000| Untracked 
|  21|0x0000000703c00000, 0x0000000703e00000, 0x0000000703e00000|100%| O|  |TAMS 0x0000000703c00000| PB 0x0000000703c00000| Untracked 
|  22|0x0000000703e00000, 0x0000000704000000, 0x0000000704000000|100%| O|  |TAMS 0x0000000703e00000| PB 0x0000000703e00000| Untracked 
|  23|0x0000000704000000, 0x0000000704200000, 0x0000000704200000|100%| O|  |TAMS 0x0000000704000000| PB 0x0000000704000000| Untracked 
|  24|0x0000000704200000, 0x0000000704400000, 0x0000000704400000|100%| O|  |TAMS 0x0000000704200000| PB 0x0000000704200000| Untracked 
|  25|0x0000000704400000, 0x0000000704600000, 0x0000000704600000|100%| O|  |TAMS 0x0000000704400000| PB 0x0000000704400000| Untracked 
|  26|0x0000000704600000, 0x0000000704800000, 0x0000000704800000|100%| O|  |TAMS 0x0000000704600000| PB 0x0000000704600000| Untracked 
|  27|0x0000000704800000, 0x0000000704a00000, 0x0000000704a00000|100%| O|  |TAMS 0x0000000704800000| PB 0x0000000704800000| Untracked 
|  28|0x0000000704a00000, 0x0000000704c00000, 0x0000000704c00000|100%| O|  |TAMS 0x0000000704a00000| PB 0x0000000704a00000| Untracked 
|  29|0x0000000704c00000, 0x0000000704e00000, 0x0000000704e00000|100%| O|  |TAMS 0x0000000704c00000| PB 0x0000000704c00000| Untracked 
|  30|0x0000000704e00000, 0x0000000705000000, 0x0000000705000000|100%| O|  |TAMS 0x0000000704e00000| PB 0x0000000704e00000| Untracked 
|  31|0x0000000705000000, 0x0000000705200000, 0x0000000705200000|100%| O|  |TAMS 0x0000000705000000| PB 0x0000000705000000| Untracked 
|  32|0x0000000705200000, 0x0000000705400000, 0x0000000705400000|100%| O|  |TAMS 0x0000000705200000| PB 0x0000000705200000| Untracked 
|  33|0x0000000705400000, 0x0000000705600000, 0x0000000705600000|100%| O|  |TAMS 0x0000000705400000| PB 0x0000000705400000| Untracked 
|  34|0x0000000705600000, 0x0000000705800000, 0x0000000705800000|100%| O|  |TAMS 0x0000000705600000| PB 0x0000000705600000| Untracked 
|  35|0x0000000705800000, 0x0000000705a00000, 0x0000000705a00000|100%| O|  |TAMS 0x0000000705800000| PB 0x0000000705800000| Untracked 
|  36|0x0000000705a00000, 0x0000000705c00000, 0x0000000705c00000|100%| O|  |TAMS 0x0000000705a00000| PB 0x0000000705a00000| Untracked 
|  37|0x0000000705c00000, 0x0000000705e00000, 0x0000000705e00000|100%| O|  |TAMS 0x0000000705c00000| PB 0x0000000705c00000| Untracked 
|  38|0x0000000705e00000, 0x0000000706000000, 0x0000000706000000|100%| O|  |TAMS 0x0000000705e00000| PB 0x0000000705e00000| Untracked 
|  39|0x0000000706000000, 0x0000000706200000, 0x0000000706200000|100%| O|  |TAMS 0x0000000706000000| PB 0x0000000706000000| Untracked 
|  40|0x0000000706200000, 0x0000000706400000, 0x0000000706400000|100%| O|  |TAMS 0x0000000706200000| PB 0x0000000706200000| Untracked 
|  41|0x0000000706400000, 0x0000000706600000, 0x0000000706600000|100%| O|  |TAMS 0x0000000706400000| PB 0x0000000706400000| Untracked 
|  42|0x0000000706600000, 0x0000000706800000, 0x0000000706800000|100%| O|  |TAMS 0x0000000706600000| PB 0x0000000706600000| Untracked 
|  43|0x0000000706800000, 0x0000000706a00000, 0x0000000706a00000|100%| O|  |TAMS 0x0000000706800000| PB 0x0000000706800000| Untracked 
|  44|0x0000000706a00000, 0x0000000706c00000, 0x0000000706c00000|100%| O|  |TAMS 0x0000000706a00000| PB 0x0000000706a00000| Untracked 
|  45|0x0000000706c00000, 0x0000000706e00000, 0x0000000706e00000|100%| O|  |TAMS 0x0000000706c00000| PB 0x0000000706c00000| Untracked 
|  46|0x0000000706e00000, 0x0000000707000000, 0x0000000707000000|100%| O|  |TAMS 0x0000000706e00000| PB 0x0000000706e00000| Untracked 
|  47|0x0000000707000000, 0x0000000707200000, 0x0000000707200000|100%| O|  |TAMS 0x0000000707000000| PB 0x0000000707000000| Untracked 
|  48|0x0000000707200000, 0x0000000707400000, 0x0000000707400000|100%| O|  |TAMS 0x0000000707200000| PB 0x0000000707200000| Untracked 
|  49|0x0000000707400000, 0x0000000707600000, 0x0000000707600000|100%| O|  |TAMS 0x0000000707400000| PB 0x0000000707400000| Untracked 
|  50|0x0000000707600000, 0x0000000707800000, 0x0000000707800000|100%| O|  |TAMS 0x0000000707600000| PB 0x0000000707600000| Untracked 
|  51|0x0000000707800000, 0x0000000707a00000, 0x0000000707a00000|100%| O|  |TAMS 0x0000000707800000| PB 0x0000000707800000| Untracked 
|  52|0x0000000707a00000, 0x0000000707c00000, 0x0000000707c00000|100%| O|  |TAMS 0x0000000707a00000| PB 0x0000000707a00000| Untracked 
|  53|0x0000000707c00000, 0x0000000707e00000, 0x0000000707e00000|100%| O|  |TAMS 0x0000000707c00000| PB 0x0000000707c00000| Untracked 
|  54|0x0000000707e00000, 0x0000000708000000, 0x0000000708000000|100%| O|  |TAMS 0x0000000707e00000| PB 0x0000000707e00000| Untracked 
|  55|0x0000000708000000, 0x0000000708200000, 0x0000000708200000|100%| O|  |TAMS 0x0000000708000000| PB 0x0000000708000000| Untracked 
|  56|0x0000000708200000, 0x0000000708400000, 0x0000000708400000|100%| O|  |TAMS 0x0000000708200000| PB 0x0000000708200000| Untracked 
|  57|0x0000000708400000, 0x0000000708600000, 0x0000000708600000|100%| O|  |TAMS 0x0000000708400000| PB 0x0000000708400000| Untracked 
|  58|0x0000000708600000, 0x0000000708800000, 0x0000000708800000|100%| O|  |TAMS 0x0000000708600000| PB 0x0000000708600000| Untracked 
|  59|0x0000000708800000, 0x0000000708a00000, 0x0000000708a00000|100%| O|  |TAMS 0x0000000708800000| PB 0x0000000708800000| Untracked 
|  60|0x0000000708a00000, 0x0000000708c00000, 0x0000000708c00000|100%| O|  |TAMS 0x0000000708a00000| PB 0x0000000708a00000| Untracked 
|  61|0x0000000708c00000, 0x0000000708e00000, 0x0000000708e00000|100%| O|  |TAMS 0x0000000708c00000| PB 0x0000000708c00000| Untracked 
|  62|0x0000000708e00000, 0x0000000709000000, 0x0000000709000000|100%| O|  |TAMS 0x0000000708e00000| PB 0x0000000708e00000| Untracked 
|  63|0x0000000709000000, 0x0000000709200000, 0x0000000709200000|100%| O|  |TAMS 0x0000000709000000| PB 0x0000000709000000| Untracked 
|  64|0x0000000709200000, 0x0000000709400000, 0x0000000709400000|100%| O|  |TAMS 0x0000000709200000| PB 0x0000000709200000| Untracked 
|  65|0x0000000709400000, 0x0000000709600000, 0x0000000709600000|100%| O|  |TAMS 0x0000000709400000| PB 0x0000000709400000| Untracked 
|  66|0x0000000709600000, 0x0000000709800000, 0x0000000709800000|100%| O|  |TAMS 0x0000000709600000| PB 0x0000000709600000| Untracked 
|  67|0x0000000709800000, 0x0000000709a00000, 0x0000000709a00000|100%| O|  |TAMS 0x0000000709800000| PB 0x0000000709800000| Untracked 
|  68|0x0000000709a00000, 0x0000000709c00000, 0x0000000709c00000|100%| O|  |TAMS 0x0000000709a00000| PB 0x0000000709a00000| Untracked 
|  69|0x0000000709c00000, 0x0000000709e00000, 0x0000000709e00000|100%| O|  |TAMS 0x0000000709c00000| PB 0x0000000709c00000| Untracked 
|  70|0x0000000709e00000, 0x000000070a000000, 0x000000070a000000|100%| O|  |TAMS 0x0000000709e00000| PB 0x0000000709e00000| Untracked 
|  71|0x000000070a000000, 0x000000070a200000, 0x000000070a200000|100%| O|  |TAMS 0x000000070a000000| PB 0x000000070a000000| Untracked 
|  72|0x000000070a200000, 0x000000070a400000, 0x000000070a400000|100%| O|  |TAMS 0x000000070a200000| PB 0x000000070a200000| Untracked 
|  73|0x000000070a400000, 0x000000070a600000, 0x000000070a600000|100%| O|  |TAMS 0x000000070a400000| PB 0x000000070a400000| Untracked 
|  74|0x000000070a600000, 0x000000070a800000, 0x000000070a800000|100%| O|  |TAMS 0x000000070a600000| PB 0x000000070a600000| Untracked 
|  75|0x000000070a800000, 0x000000070aa00000, 0x000000070aa00000|100%| O|  |TAMS 0x000000070a800000| PB 0x000000070a800000| Untracked 
|  76|0x000000070aa00000, 0x000000070ac00000, 0x000000070ac00000|100%| O|  |TAMS 0x000000070aa00000| PB 0x000000070aa00000| Untracked 
|  77|0x000000070ac00000, 0x000000070ae00000, 0x000000070ae00000|100%| O|  |TAMS 0x000000070ac00000| PB 0x000000070ac00000| Untracked 
|  78|0x000000070ae00000, 0x000000070b000000, 0x000000070b000000|100%| O|  |TAMS 0x000000070ae00000| PB 0x000000070ae00000| Untracked 
|  79|0x000000070b000000, 0x000000070b200000, 0x000000070b200000|100%| O|  |TAMS 0x000000070b000000| PB 0x000000070b000000| Untracked 
|  80|0x000000070b200000, 0x000000070b400000, 0x000000070b400000|100%| O|  |TAMS 0x000000070b200000| PB 0x000000070b200000| Untracked 
|  81|0x000000070b400000, 0x000000070b600000, 0x000000070b600000|100%| O|  |TAMS 0x000000070b400000| PB 0x000000070b400000| Untracked 
|  82|0x000000070b600000, 0x000000070b800000, 0x000000070b800000|100%| O|  |TAMS 0x000000070b600000| PB 0x000000070b600000| Untracked 
|  83|0x000000070b800000, 0x000000070ba00000, 0x000000070ba00000|100%| O|  |TAMS 0x000000070b800000| PB 0x000000070b800000| Untracked 
|  84|0x000000070ba00000, 0x000000070bc00000, 0x000000070bc00000|100%| O|  |TAMS 0x000000070ba00000| PB 0x000000070ba00000| Untracked 
|  85|0x000000070bc00000, 0x000000070be00000, 0x000000070be00000|100%| O|  |TAMS 0x000000070bc00000| PB 0x000000070bc00000| Untracked 
|  86|0x000000070be00000, 0x000000070c000000, 0x000000070c000000|100%| O|  |TAMS 0x000000070be00000| PB 0x000000070be00000| Untracked 
|  87|0x000000070c000000, 0x000000070c200000, 0x000000070c200000|100%| O|  |TAMS 0x000000070c000000| PB 0x000000070c000000| Untracked 
|  88|0x000000070c200000, 0x000000070c400000, 0x000000070c400000|100%| O|  |TAMS 0x000000070c200000| PB 0x000000070c200000| Untracked 
|  89|0x000000070c400000, 0x000000070c600000, 0x000000070c600000|100%| O|  |TAMS 0x000000070c400000| PB 0x000000070c400000| Untracked 
|  90|0x000000070c600000, 0x000000070c800000, 0x000000070c800000|100%| O|  |TAMS 0x000000070c600000| PB 0x000000070c600000| Untracked 
|  91|0x000000070c800000, 0x000000070ca00000, 0x000000070ca00000|100%| O|  |TAMS 0x000000070c800000| PB 0x000000070c800000| Untracked 
|  92|0x000000070ca00000, 0x000000070cc00000, 0x000000070cc00000|100%| O|  |TAMS 0x000000070ca00000| PB 0x000000070ca00000| Untracked 
|  93|0x000000070cc00000, 0x000000070ce00000, 0x000000070ce00000|100%| O|  |TAMS 0x000000070cc00000| PB 0x000000070cc00000| Untracked 
|  94|0x000000070ce00000, 0x000000070d000000, 0x000000070d000000|100%| O|  |TAMS 0x000000070ce00000| PB 0x000000070ce00000| Untracked 
|  95|0x000000070d000000, 0x000000070d200000, 0x000000070d200000|100%| O|  |TAMS 0x000000070d000000| PB 0x000000070d000000| Untracked 
|  96|0x000000070d200000, 0x000000070d400000, 0x000000070d400000|100%| O|  |TAMS 0x000000070d200000| PB 0x000000070d200000| Untracked 
|  97|0x000000070d400000, 0x000000070d600000, 0x000000070d600000|100%| O|  |TAMS 0x000000070d400000| PB 0x000000070d400000| Untracked 
|  98|0x000000070d600000, 0x000000070d800000, 0x000000070d800000|100%| O|  |TAMS 0x000000070d600000| PB 0x000000070d600000| Untracked 
|  99|0x000000070d800000, 0x000000070da00000, 0x000000070da00000|100%| O|  |TAMS 0x000000070d800000| PB 0x000000070d800000| Untracked 
| 100|0x000000070da00000, 0x000000070dc00000, 0x000000070dc00000|100%| O|  |TAMS 0x000000070da00000| PB 0x000000070da00000| Untracked 
| 101|0x000000070dc00000, 0x000000070de00000, 0x000000070de00000|100%| O|  |TAMS 0x000000070dc00000| PB 0x000000070dc00000| Untracked 
| 102|0x000000070de00000, 0x000000070e000000, 0x000000070e000000|100%| O|  |TAMS 0x000000070de00000| PB 0x000000070de00000| Untracked 
| 103|0x000000070e000000, 0x000000070e200000, 0x000000070e200000|100%| O|  |TAMS 0x000000070e000000| PB 0x000000070e000000| Untracked 
| 104|0x000000070e200000, 0x000000070e400000, 0x000000070e400000|100%| O|  |TAMS 0x000000070e200000| PB 0x000000070e200000| Untracked 
| 105|0x000000070e400000, 0x000000070e600000, 0x000000070e600000|100%| O|  |TAMS 0x000000070e400000| PB 0x000000070e400000| Untracked 
| 106|0x000000070e600000, 0x000000070e800000, 0x000000070e800000|100%| O|  |TAMS 0x000000070e600000| PB 0x000000070e600000| Untracked 
| 107|0x000000070e800000, 0x000000070ea00000, 0x000000070ea00000|100%| O|  |TAMS 0x000000070e800000| PB 0x000000070e800000| Untracked 
| 108|0x000000070ea00000, 0x000000070ec00000, 0x000000070ec00000|100%| O|  |TAMS 0x000000070ea00000| PB 0x000000070ea00000| Untracked 
| 109|0x000000070ec00000, 0x000000070ee00000, 0x000000070ee00000|100%| O|  |TAMS 0x000000070ec00000| PB 0x000000070ec00000| Untracked 
| 110|0x000000070ee00000, 0x000000070f000000, 0x000000070f000000|100%| O|  |TAMS 0x000000070ee00000| PB 0x000000070ee00000| Untracked 
| 111|0x000000070f000000, 0x000000070f200000, 0x000000070f200000|100%| O|  |TAMS 0x000000070f000000| PB 0x000000070f000000| Untracked 
| 112|0x000000070f200000, 0x000000070f400000, 0x000000070f400000|100%| O|  |TAMS 0x000000070f200000| PB 0x000000070f200000| Untracked 
| 113|0x000000070f400000, 0x000000070f600000, 0x000000070f600000|100%| O|  |TAMS 0x000000070f400000| PB 0x000000070f400000| Untracked 
| 114|0x000000070f600000, 0x000000070f800000, 0x000000070f800000|100%| O|  |TAMS 0x000000070f600000| PB 0x000000070f600000| Untracked 
| 115|0x000000070f800000, 0x000000070fa00000, 0x000000070fa00000|100%| O|  |TAMS 0x000000070f800000| PB 0x000000070f800000| Untracked 
| 116|0x000000070fa00000, 0x000000070fc00000, 0x000000070fc00000|100%| O|  |TAMS 0x000000070fa00000| PB 0x000000070fa00000| Untracked 
| 117|0x000000070fc00000, 0x000000070fe00000, 0x000000070fe00000|100%| O|  |TAMS 0x000000070fc00000| PB 0x000000070fc00000| Untracked 
| 118|0x000000070fe00000, 0x0000000710000000, 0x0000000710000000|100%| O|  |TAMS 0x000000070fe00000| PB 0x000000070fe00000| Untracked 
| 119|0x0000000710000000, 0x0000000710200000, 0x0000000710200000|100%| O|  |TAMS 0x0000000710000000| PB 0x0000000710000000| Untracked 
| 120|0x0000000710200000, 0x0000000710400000, 0x0000000710400000|100%| O|  |TAMS 0x0000000710200000| PB 0x0000000710200000| Untracked 
| 121|0x0000000710400000, 0x0000000710600000, 0x0000000710600000|100%| O|  |TAMS 0x0000000710400000| PB 0x0000000710400000| Untracked 
| 122|0x0000000710600000, 0x0000000710800000, 0x0000000710800000|100%| O|  |TAMS 0x0000000710600000| PB 0x0000000710600000| Untracked 
| 123|0x0000000710800000, 0x0000000710a00000, 0x0000000710a00000|100%| O|  |TAMS 0x0000000710800000| PB 0x0000000710800000| Untracked 
| 124|0x0000000710a00000, 0x0000000710c00000, 0x0000000710c00000|100%| O|  |TAMS 0x0000000710a00000| PB 0x0000000710a00000| Untracked 
| 125|0x0000000710c00000, 0x0000000710e00000, 0x0000000710e00000|100%| O|  |TAMS 0x0000000710c00000| PB 0x0000000710c00000| Untracked 
| 126|0x0000000710e00000, 0x0000000711000000, 0x0000000711000000|100%| O|  |TAMS 0x0000000710e00000| PB 0x0000000710e00000| Untracked 
| 127|0x0000000711000000, 0x0000000711200000, 0x0000000711200000|100%| O|  |TAMS 0x0000000711000000| PB 0x0000000711000000| Untracked 
| 128|0x0000000711200000, 0x0000000711400000, 0x0000000711400000|100%| O|  |TAMS 0x0000000711200000| PB 0x0000000711200000| Untracked 
| 129|0x0000000711400000, 0x0000000711600000, 0x0000000711600000|100%| O|  |TAMS 0x0000000711400000| PB 0x0000000711400000| Untracked 
| 130|0x0000000711600000, 0x0000000711800000, 0x0000000711800000|100%| O|  |TAMS 0x0000000711600000| PB 0x0000000711600000| Untracked 
| 131|0x0000000711800000, 0x00000007118c3d40, 0x0000000711a00000| 38%| O|  |TAMS 0x0000000711800000| PB 0x0000000711800000| Untracked 
| 132|0x0000000711a00000, 0x0000000711a00000, 0x0000000711c00000|  0%| F|  |TAMS 0x0000000711a00000| PB 0x0000000711a00000| Untracked 
| 133|0x0000000711c00000, 0x0000000711c00000, 0x0000000711e00000|  0%| F|  |TAMS 0x0000000711c00000| PB 0x0000000711c00000| Untracked 
| 134|0x0000000711e00000, 0x0000000711e00000, 0x0000000712000000|  0%| F|  |TAMS 0x0000000711e00000| PB 0x0000000711e00000| Untracked 
| 135|0x0000000712000000, 0x0000000712000000, 0x0000000712200000|  0%| F|  |TAMS 0x0000000712000000| PB 0x0000000712000000| Untracked 
| 136|0x0000000712200000, 0x0000000712200000, 0x0000000712400000|  0%| F|  |TAMS 0x0000000712200000| PB 0x0000000712200000| Untracked 
| 137|0x0000000712400000, 0x0000000712400000, 0x0000000712600000|  0%| F|  |TAMS 0x0000000712400000| PB 0x0000000712400000| Untracked 
| 138|0x0000000712600000, 0x0000000712600000, 0x0000000712800000|  0%| F|  |TAMS 0x0000000712600000| PB 0x0000000712600000| Untracked 
| 139|0x0000000712800000, 0x0000000712800000, 0x0000000712a00000|  0%| F|  |TAMS 0x0000000712800000| PB 0x0000000712800000| Untracked 
| 140|0x0000000712a00000, 0x0000000712a00000, 0x0000000712c00000|  0%| F|  |TAMS 0x0000000712a00000| PB 0x0000000712a00000| Untracked 
| 141|0x0000000712c00000, 0x0000000712c00000, 0x0000000712e00000|  0%| F|  |TAMS 0x0000000712c00000| PB 0x0000000712c00000| Untracked 
| 142|0x0000000712e00000, 0x0000000712e00000, 0x0000000713000000|  0%| F|  |TAMS 0x0000000712e00000| PB 0x0000000712e00000| Untracked 
| 143|0x0000000713000000, 0x0000000713000000, 0x0000000713200000|  0%| F|  |TAMS 0x0000000713000000| PB 0x0000000713000000| Untracked 
| 144|0x0000000713200000, 0x0000000713200000, 0x0000000713400000|  0%| F|  |TAMS 0x0000000713200000| PB 0x0000000713200000| Untracked 
| 145|0x0000000713400000, 0x0000000713600000, 0x0000000713600000|100%| E|CS|TAMS 0x0000000713400000| PB 0x0000000713400000| Complete 
| 146|0x0000000713600000, 0x0000000713800000, 0x0000000713800000|100%| E|CS|TAMS 0x0000000713600000| PB 0x0000000713600000| Complete 
| 147|0x0000000713800000, 0x0000000713a00000, 0x0000000713a00000|100%| E|CS|TAMS 0x0000000713800000| PB 0x0000000713800000| Complete 
| 148|0x0000000713a00000, 0x0000000713c00000, 0x0000000713c00000|100%| E|CS|TAMS 0x0000000713a00000| PB 0x0000000713a00000| Complete 
| 149|0x0000000713c00000, 0x0000000713c00000, 0x0000000713e00000|  0%| F|  |TAMS 0x0000000713c00000| PB 0x0000000713c00000| Untracked 
| 150|0x0000000713e00000, 0x0000000713e00000, 0x0000000714000000|  0%| F|  |TAMS 0x0000000713e00000| PB 0x0000000713e00000| Untracked 
| 151|0x0000000714000000, 0x0000000714000000, 0x0000000714200000|  0%| F|  |TAMS 0x0000000714000000| PB 0x0000000714000000| Untracked 
| 152|0x0000000714200000, 0x0000000714200000, 0x0000000714400000|  0%| F|  |TAMS 0x0000000714200000| PB 0x0000000714200000| Untracked 
| 153|0x0000000714400000, 0x0000000714400000, 0x0000000714600000|  0%| F|  |TAMS 0x0000000714400000| PB 0x0000000714400000| Untracked 
| 154|0x0000000714600000, 0x0000000714600000, 0x0000000714800000|  0%| F|  |TAMS 0x0000000714600000| PB 0x0000000714600000| Untracked 
| 155|0x0000000714800000, 0x0000000714800000, 0x0000000714a00000|  0%| F|  |TAMS 0x0000000714800000| PB 0x0000000714800000| Untracked 
| 156|0x0000000714a00000, 0x0000000714a00000, 0x0000000714c00000|  0%| F|  |TAMS 0x0000000714a00000| PB 0x0000000714a00000| Untracked 
| 157|0x0000000714c00000, 0x0000000714e00000, 0x0000000714e00000|100%| S|  |TAMS 0x0000000714c00000| PB 0x0000000714c00000| Complete 
| 158|0x0000000714e00000, 0x0000000715000000, 0x0000000715000000|100%| S|  |TAMS 0x0000000714e00000| PB 0x0000000714e00000| Complete 
| 159|0x0000000715000000, 0x0000000715200000, 0x0000000715200000|100%| S|  |TAMS 0x0000000715000000| PB 0x0000000715000000| Complete 
| 160|0x0000000715200000, 0x0000000715400000, 0x0000000715400000|100%| E|CS|TAMS 0x0000000715200000| PB 0x0000000715200000| Complete 
| 161|0x0000000715400000, 0x0000000715600000, 0x0000000715600000|100%| E|CS|TAMS 0x0000000715400000| PB 0x0000000715400000| Complete 
| 162|0x0000000715600000, 0x0000000715800000, 0x0000000715800000|100%| E|CS|TAMS 0x0000000715600000| PB 0x0000000715600000| Complete 
| 163|0x0000000715800000, 0x0000000715a00000, 0x0000000715a00000|100%| E|CS|TAMS 0x0000000715800000| PB 0x0000000715800000| Complete 
| 164|0x0000000715a00000, 0x0000000715c00000, 0x0000000715c00000|100%| E|CS|TAMS 0x0000000715a00000| PB 0x0000000715a00000| Complete 
| 165|0x0000000715c00000, 0x0000000715e00000, 0x0000000715e00000|100%| E|CS|TAMS 0x0000000715c00000| PB 0x0000000715c00000| Complete 
| 166|0x0000000715e00000, 0x0000000716000000, 0x0000000716000000|100%| E|CS|TAMS 0x0000000715e00000| PB 0x0000000715e00000| Complete 
| 167|0x0000000716000000, 0x0000000716200000, 0x0000000716200000|100%| E|CS|TAMS 0x0000000716000000| PB 0x0000000716000000| Complete 
| 168|0x0000000716200000, 0x0000000716400000, 0x0000000716400000|100%| E|CS|TAMS 0x0000000716200000| PB 0x0000000716200000| Complete 
| 169|0x0000000716400000, 0x0000000716600000, 0x0000000716600000|100%| E|CS|TAMS 0x0000000716400000| PB 0x0000000716400000| Complete 
| 170|0x0000000716600000, 0x0000000716800000, 0x0000000716800000|100%| E|CS|TAMS 0x0000000716600000| PB 0x0000000716600000| Complete 
| 171|0x0000000716800000, 0x0000000716a00000, 0x0000000716a00000|100%| E|CS|TAMS 0x0000000716800000| PB 0x0000000716800000| Complete 
| 172|0x0000000716a00000, 0x0000000716c00000, 0x0000000716c00000|100%| E|CS|TAMS 0x0000000716a00000| PB 0x0000000716a00000| Complete 
| 173|0x0000000716c00000, 0x0000000716e00000, 0x0000000716e00000|100%| E|CS|TAMS 0x0000000716c00000| PB 0x0000000716c00000| Complete 
| 174|0x0000000716e00000, 0x0000000717000000, 0x0000000717000000|100%| E|CS|TAMS 0x0000000716e00000| PB 0x0000000716e00000| Complete 
| 175|0x0000000717000000, 0x0000000717200000, 0x0000000717200000|100%| E|CS|TAMS 0x0000000717000000| PB 0x0000000717000000| Complete 
| 176|0x0000000717200000, 0x0000000717400000, 0x0000000717400000|100%| E|CS|TAMS 0x0000000717200000| PB 0x0000000717200000| Complete 

Card table byte_map: [0x00000253c2a10000,0x00000253c3210000] _byte_map_base: 0x00000253bf207000

Marking Bits: (CMBitMap*) 0x00000253aa2eeb80
 Bits: [0x00000253c3210000, 0x00000253c71c8000)

Polling page: 0x00000253a8150000

Metaspace:

Usage:
  Non-class:      9.74 MB used.
      Class:    783.06 KB used.
       Both:     10.50 MB used.

Virtual space:
  Non-class space:       64.00 MB reserved,       9.88 MB ( 15%) committed,  1 nodes.
      Class space:        1.00 GB reserved,     896.00 KB ( <1%) committed,  1 nodes.
             Both:        1.06 GB reserved,      10.75 MB ( <1%) committed. 

Chunk freelists:
   Non-Class:  5.14 MB
       Class:  15.17 MB
        Both:  20.31 MB

MaxMetaspaceSize: unlimited
CompressedClassSpaceSize: 1.00 GB
Initial GC threshold: 21.00 MB
Current GC threshold: 21.00 MB
CDS: on
 - commit_granule_bytes: 65536.
 - commit_granule_words: 8192.
 - virtual_space_node_default_size: 8388608.
 - enlarge_chunks_in_place: 1.
 - use_allocation_guard: 0.


Internal statistics:

num_allocs_failed_limit: 0.
num_arena_births: 158.
num_arena_deaths: 0.
num_vsnodes_births: 2.
num_vsnodes_deaths: 0.
num_space_committed: 170.
num_space_uncommitted: 0.
num_chunks_returned_to_freelist: 0.
num_chunks_taken_from_freelist: 466.
num_chunk_merges: 0.
num_chunk_splits: 335.
num_chunks_enlarged: 251.
num_inconsistent_stats: 0.

CodeHeap 'non-profiled nmethods': size=119168Kb used=742Kb max_used=820Kb free=118425Kb
 bounds [0x00000253ba520000, 0x00000253ba790000, 0x00000253c1980000]
CodeHeap 'profiled nmethods': size=119104Kb used=2610Kb max_used=3304Kb free=116493Kb
 bounds [0x00000253b2980000, 0x00000253b2cc0000, 0x00000253b9dd0000]
CodeHeap 'non-nmethods': size=7488Kb used=2222Kb max_used=3923Kb free=5265Kb
 bounds [0x00000253b9dd0000, 0x00000253ba1b0000, 0x00000253ba520000]
 total_blobs=2792 nmethods=1622 adapters=1075
 compilation: enabled
              stopped_count=0, restarted_count=0
 full_count=0

Compilation events (20 events):
Event: 43.595 Thread 0x00000253ca26b8c0 1876       3       org.lwjgl.glfw.GLFWCursorPosCallbackI::callback (40 bytes)
Event: 43.595 Thread 0x00000253ca26b8c0 nmethod 1876 0x00000253b2cb5e90 code [0x00000253b2cb60e0, 0x00000253b2cb6ac0]
Event: 43.595 Thread 0x00000253ca26b8c0 1877       3       jade.Window$$Lambda/0x00000253cc019968::invoke (8 bytes)
Event: 43.595 Thread 0x00000253ca26b8c0 nmethod 1877 0x00000253b2cb6d90 code [0x00000253b2cb6f40, 0x00000253b2cb7078]
Event: 46.178 Thread 0x00000253ca26b8c0 1878 % !   3       java.lang.ref.Reference::processPendingReferences @ 27 (118 bytes)
Event: 46.178 Thread 0x00000253ca26b8c0 nmethod 1878% 0x00000253b2cb7110 code [0x00000253b2cb7380, 0x00000253b2cb7da8]
Event: 46.178 Thread 0x00000253ca26b8c0 1879   !   3       java.lang.ref.Reference::processPendingReferences (118 bytes)
Event: 46.178 Thread 0x00000253ca26b8c0 nmethod 1879 0x00000253b2cb8090 code [0x00000253b2cb82e0, 0x00000253b2cb8c98]
Event: 46.179 Thread 0x00000253ca26b8c0 1880       3       java.lang.ref.ReferenceQueue::poll0 (65 bytes)
Event: 46.179 Thread 0x00000253ca26b8c0 nmethod 1880 0x00000253b2cb8f90 code [0x00000253b2cb9160, 0x00000253b2cb9678]
Event: 46.183 Thread 0x00000253ca2662b0 1881 % !   4       java.lang.ref.Reference::processPendingReferences @ 27 (118 bytes)
Event: 46.188 Thread 0x00000253ca2662b0 nmethod 1881% 0x00000253ba5e9890 code [0x00000253ba5e9aa0, 0x00000253ba5ea558]
Event: 46.192 Thread 0x00000253ca26b8c0 1882       3       java.lang.ref.ReferenceQueue::enqueue0 (98 bytes)
Event: 46.192 Thread 0x00000253ca26b8c0 nmethod 1882 0x00000253b2cb9790 code [0x00000253b2cb9980, 0x00000253b2cb9fb0]
Event: 59.669 Thread 0x00000253ca2662b0 1883 % !   4       java.lang.ref.Reference::processPendingReferences @ 27 (118 bytes)
Event: 59.674 Thread 0x00000253ca2662b0 nmethod 1883% 0x00000253ba5ea890 code [0x00000253ba5eaac0, 0x00000253ba5eb7e8]
Event: 74.519 Thread 0x00000253ca26b8c0 1884       3       java.lang.Thread::onSpinWait (1 bytes)
Event: 74.519 Thread 0x00000253ca26b8c0 nmethod 1884 0x00000253b2cba090 code [0x00000253b2cba220, 0x00000253b2cba308]
Event: 74.789 Thread 0x00000253ca2662b0 1885   !   4       java.lang.ref.Reference::processPendingReferences (118 bytes)
Event: 74.794 Thread 0x00000253ca2662b0 nmethod 1885 0x00000253ba5ebb90 code [0x00000253ba5ebe00, 0x00000253ba5ecd48]

GC Heap History (20 events):
Event: 277.608 GC heap after
{Heap after GC invocations=27 (full 0):
 garbage-first heap   total 311296K, used 189920K [0x0000000701200000, 0x0000000800000000)
  region size 2048K, 3 young (6144K), 3 survivors (6144K)
 Metaspace       used 10753K, committed 11008K, reserved 1114112K
  class space    used 783K, committed 896K, reserved 1048576K
}
Event: 292.477 GC heap before
{Heap before GC invocations=27 (full 0):
 garbage-first heap   total 311296K, used 230880K [0x0000000701200000, 0x0000000800000000)
  region size 2048K, 23 young (47104K), 3 survivors (6144K)
 Metaspace       used 10753K, committed 11008K, reserved 1114112K
  class space    used 783K, committed 896K, reserved 1048576K
}
Event: 292.531 GC heap after
{Heap after GC invocations=28 (full 0):
 garbage-first heap   total 311296K, used 202540K [0x0000000701200000, 0x0000000800000000)
  region size 2048K, 3 young (6144K), 3 survivors (6144K)
 Metaspace       used 10753K, committed 11008K, reserved 1114112K
  class space    used 783K, committed 896K, reserved 1048576K
}
Event: 304.376 GC heap before
{Heap before GC invocations=28 (full 0):
 garbage-first heap   total 311296K, used 237356K [0x0000000701200000, 0x0000000800000000)
  region size 2048K, 20 young (40960K), 3 survivors (6144K)
 Metaspace       used 10753K, committed 11008K, reserved 1114112K
  class space    used 783K, committed 896K, reserved 1048576K
}
Event: 304.422 GC heap after
{Heap after GC invocations=29 (full 0):
 garbage-first heap   total 311296K, used 226888K [0x0000000701200000, 0x0000000800000000)
  region size 2048K, 3 young (6144K), 3 survivors (6144K)
 Metaspace       used 10753K, committed 11008K, reserved 1114112K
  class space    used 783K, committed 896K, reserved 1048576K
}
Event: 313.330 GC heap before
{Heap before GC invocations=29 (full 0):
 garbage-first heap   total 311296K, used 253512K [0x0000000701200000, 0x0000000800000000)
  region size 2048K, 16 young (32768K), 3 survivors (6144K)
 Metaspace       used 10753K, committed 11008K, reserved 1114112K
  class space    used 783K, committed 896K, reserved 1048576K
}
Event: 313.367 GC heap after
{Heap after GC invocations=30 (full 0):
 garbage-first heap   total 311296K, used 244369K [0x0000000701200000, 0x0000000800000000)
  region size 2048K, 2 young (4096K), 2 survivors (4096K)
 Metaspace       used 10753K, committed 11008K, reserved 1114112K
  class space    used 783K, committed 896K, reserved 1048576K
}
Event: 317.550 GC heap before
{Heap before GC invocations=31 (full 0):
 garbage-first heap   total 362496K, used 227985K [0x0000000701200000, 0x0000000800000000)
  region size 2048K, 8 young (16384K), 2 survivors (4096K)
 Metaspace       used 10753K, committed 11008K, reserved 1114112K
  class space    used 783K, committed 896K, reserved 1048576K
}
Event: 317.566 GC heap after
{Heap after GC invocations=32 (full 0):
 garbage-first heap   total 362496K, used 222120K [0x0000000701200000, 0x0000000800000000)
  region size 2048K, 1 young (2048K), 1 survivors (2048K)
 Metaspace       used 10753K, committed 11008K, reserved 1114112K
  class space    used 783K, committed 896K, reserved 1048576K
}
Event: 335.757 GC heap before
{Heap before GC invocations=32 (full 0):
 garbage-first heap   total 362496K, used 273320K [0x0000000701200000, 0x0000000800000000)
  region size 2048K, 26 young (53248K), 1 survivors (2048K)
 Metaspace       used 10753K, committed 11008K, reserved 1114112K
  class space    used 783K, committed 896K, reserved 1048576K
}
Event: 335.829 GC heap after
{Heap after GC invocations=33 (full 0):
 garbage-first heap   total 362496K, used 227798K [0x0000000701200000, 0x0000000800000000)
  region size 2048K, 4 young (8192K), 4 survivors (8192K)
 Metaspace       used 10753K, committed 11008K, reserved 1114112K
  class space    used 783K, committed 896K, reserved 1048576K
}
Event: 351.529 GC heap before
{Heap before GC invocations=33 (full 0):
 garbage-first heap   total 362496K, used 272854K [0x0000000701200000, 0x0000000800000000)
  region size 2048K, 26 young (53248K), 4 survivors (8192K)
 Metaspace       used 10753K, committed 11008K, reserved 1114112K
  class space    used 783K, committed 896K, reserved 1048576K
}
Event: 351.578 GC heap after
{Heap after GC invocations=34 (full 0):
 garbage-first heap   total 362496K, used 221184K [0x0000000701200000, 0x0000000800000000)
  region size 2048K, 4 young (8192K), 4 survivors (8192K)
 Metaspace       used 10753K, committed 11008K, reserved 1114112K
  class space    used 783K, committed 896K, reserved 1048576K
}
Event: 368.192 GC heap before
{Heap before GC invocations=34 (full 0):
 garbage-first heap   total 362496K, used 270336K [0x0000000701200000, 0x0000000800000000)
  region size 2048K, 28 young (57344K), 4 survivors (8192K)
 Metaspace       used 10753K, committed 11008K, reserved 1114112K
  class space    used 783K, committed 896K, reserved 1048576K
}
Event: 368.261 GC heap after
{Heap after GC invocations=35 (full 0):
 garbage-first heap   total 362496K, used 221184K [0x0000000701200000, 0x0000000800000000)
  region size 2048K, 4 young (8192K), 4 survivors (8192K)
 Metaspace       used 10753K, committed 11008K, reserved 1114112K
  class space    used 783K, committed 896K, reserved 1048576K
}
Event: 385.668 GC heap before
{Heap before GC invocations=35 (full 0):
 garbage-first heap   total 362496K, used 270336K [0x0000000701200000, 0x0000000800000000)
  region size 2048K, 28 young (57344K), 4 survivors (8192K)
 Metaspace       used 10753K, committed 11008K, reserved 1114112K
  class space    used 783K, committed 896K, reserved 1048576K
}
Event: 385.734 GC heap after
{Heap after GC invocations=36 (full 0):
 garbage-first heap   total 362496K, used 219944K [0x0000000701200000, 0x0000000800000000)
  region size 2048K, 4 young (8192K), 4 survivors (8192K)
 Metaspace       used 10753K, committed 11008K, reserved 1114112K
  class space    used 783K, committed 896K, reserved 1048576K
}
Event: 402.349 GC heap before
{Heap before GC invocations=36 (full 0):
 garbage-first heap   total 362496K, used 269096K [0x0000000701200000, 0x0000000800000000)
  region size 2048K, 28 young (57344K), 4 survivors (8192K)
 Metaspace       used 10753K, committed 11008K, reserved 1114112K
  class space    used 783K, committed 896K, reserved 1048576K
}
Event: 402.417 GC heap after
{Heap after GC invocations=37 (full 0):
 garbage-first heap   total 362496K, used 253952K [0x0000000701200000, 0x0000000800000000)
  region size 2048K, 4 young (8192K), 4 survivors (8192K)
 Metaspace       used 10753K, committed 11008K, reserved 1114112K
  class space    used 783K, committed 896K, reserved 1048576K
}
Event: 415.072 GC heap before
{Heap before GC invocations=37 (full 0):
 garbage-first heap   total 362496K, used 288768K [0x0000000701200000, 0x0000000800000000)
  region size 2048K, 21 young (43008K), 4 survivors (8192K)
 Metaspace       used 10753K, committed 11008K, reserved 1114112K
  class space    used 783K, committed 896K, reserved 1048576K
}

Dll operation events (11 events):
Event: 0.012 Loaded shared library C:\Users\User\.jdks\ms-21.0.7\bin\java.dll
Event: 0.040 Loaded shared library C:\Users\User\.jdks\ms-21.0.7\bin\jsvml.dll
Event: 0.051 Loaded shared library C:\Users\User\.jdks\ms-21.0.7\bin\net.dll
Event: 0.053 Loaded shared library C:\Users\User\.jdks\ms-21.0.7\bin\nio.dll
Event: 0.055 Loaded shared library C:\Users\User\.jdks\ms-21.0.7\bin\zip.dll
Event: 0.102 Loaded shared library C:\Users\User\.jdks\ms-21.0.7\bin\verify.dll
Event: 0.144 Loaded shared library C:\Users\User\.jdks\ms-21.0.7\bin\jimage.dll
Event: 0.160 Loaded shared library C:\Users\User\AppData\Local\Temp\lwjgl_User\3.3.3+5\x64\lwjgl.dll
Event: 0.556 Loaded shared library C:\Users\User\AppData\Local\Temp\lwjgl_User\3.3.3+5\x64\lwjgl_opengl.dll
Event: 1.060 Loaded shared library C:\Users\User\AppData\Local\Temp\lwjgl_User\3.3.3+5\x64\lwjgl_stb.dll
Event: 1.861 Loaded shared library C:\Users\User\.jdks\ms-21.0.7\bin\extnet.dll

Deoptimization events (20 events):
Event: 3.728 Thread 0x00000253a7fbf5c0 DEOPT PACKING pc=0x00000253ba5cba88 sp=0x000000add77ff420
Event: 3.728 Thread 0x00000253a7fbf5c0 DEOPT UNPACKING pc=0x00000253b9e246a2 sp=0x000000add77ff070 mode 2
Event: 14.507 Thread 0x0000025410c23570 Uncommon trap: trap_request=0xffffffc6 fr.pc=0x00000253ba5d8aac relative=0x00000000000002cc
Event: 14.507 Thread 0x0000025410c23570 Uncommon trap: reason=bimorphic_or_optimized_type_check action=maybe_recompile pc=0x00000253ba5d8aac method=java.nio.Buffer.<init>(IIIILjava/lang/foreign/MemorySegment;)V @ 39 c2
Event: 14.507 Thread 0x0000025410c23570 DEOPT PACKING pc=0x00000253ba5d8aac sp=0x000000add88fefb0
Event: 14.507 Thread 0x0000025410c23570 DEOPT UNPACKING pc=0x00000253b9e246a2 sp=0x000000add88fef88 mode 2
Event: 33.403 Thread 0x00000253a7fbf5c0 DEOPT PACKING pc=0x00000253b2cb0e9e sp=0x000000add77ff540
Event: 33.403 Thread 0x00000253a7fbf5c0 DEOPT UNPACKING pc=0x00000253b9e24e42 sp=0x000000add77fea88 mode 0
Event: 46.189 Thread 0x00000253ca253fa0 DEOPT PACKING pc=0x00000253b2cb7c77 sp=0x000000add7fff5f0
Event: 46.189 Thread 0x00000253ca253fa0 DEOPT UNPACKING pc=0x00000253b9e24e42 sp=0x000000add7ffeab0 mode 0
Event: 46.192 Thread 0x00000253ca253fa0 Uncommon trap: trap_request=0xffffff45 fr.pc=0x00000253ba5ea50c relative=0x0000000000000a6c
Event: 46.192 Thread 0x00000253ca253fa0 Uncommon trap: reason=unstable_if action=reinterpret pc=0x00000253ba5ea50c method=java.lang.ref.Reference.processPendingReferences()V @ 28 c2
Event: 46.192 Thread 0x00000253ca253fa0 DEOPT PACKING pc=0x00000253ba5ea50c sp=0x000000add7fff610
Event: 46.192 Thread 0x00000253ca253fa0 DEOPT UNPACKING pc=0x00000253b9e246a2 sp=0x000000add7fff5b8 mode 2
Event: 74.519 Thread 0x0000025410c23570 Uncommon trap: trap_request=0xffffffc6 fr.pc=0x00000253ba5d8aac relative=0x00000000000002cc
Event: 74.519 Thread 0x0000025410c23570 Uncommon trap: reason=bimorphic_or_optimized_type_check action=maybe_recompile pc=0x00000253ba5d8aac method=java.nio.Buffer.<init>(IIIILjava/lang/foreign/MemorySegment;)V @ 39 c2
Event: 74.519 Thread 0x0000025410c23570 DEOPT PACKING pc=0x00000253ba5d8aac sp=0x000000add88fefb0
Event: 74.519 Thread 0x0000025410c23570 DEOPT UNPACKING pc=0x00000253b9e246a2 sp=0x000000add88fef88 mode 2
Event: 74.789 Thread 0x00000253ca253fa0 DEOPT PACKING pc=0x00000253b2cb8b69 sp=0x000000add7fff610
Event: 74.789 Thread 0x00000253ca253fa0 DEOPT UNPACKING pc=0x00000253b9e24e42 sp=0x000000add7ffeab0 mode 0

Classes loaded (20 events):
Event: 14.508 Loading class java/util/concurrent/Callable done
Event: 14.508 Loading class java/util/concurrent/Executors$RunnableAdapter done
Event: 14.508 Loading class java/util/concurrent/ThreadPoolExecutor$Worker
Event: 14.508 Loading class java/util/concurrent/ThreadPoolExecutor$Worker done
Event: 14.509 Loading class java/net/StandardSocketOptions
Event: 14.509 Loading class java/net/StandardSocketOptions done
Event: 14.509 Loading class java/net/StandardSocketOptions$StdSocketOption
Event: 14.509 Loading class java/net/StandardSocketOptions$StdSocketOption done
Event: 14.509 Loading class sun/nio/ch/SocketOptionRegistry
Event: 14.509 Loading class sun/nio/ch/SocketOptionRegistry done
Event: 14.509 Loading class sun/nio/ch/SocketOptionRegistry$RegistryKey
Event: 14.509 Loading class sun/nio/ch/SocketOptionRegistry$RegistryKey done
Event: 14.509 Loading class sun/nio/ch/SocketOptionRegistry$LazyInitialization
Event: 14.509 Loading class sun/nio/ch/SocketOptionRegistry$LazyInitialization done
Event: 14.509 Loading class sun/nio/ch/OptionKey
Event: 14.509 Loading class sun/nio/ch/OptionKey done
Event: 14.509 Loading class sun/nio/ch/ExtendedSocketOption
Event: 14.509 Loading class sun/nio/ch/ExtendedSocketOption done
Event: 14.509 Loading class sun/nio/ch/ExtendedSocketOption$1
Event: 14.509 Loading class sun/nio/ch/ExtendedSocketOption$1 done

Classes unloaded (0 events):
No events

Classes redefined (0 events):
No events

Internal exceptions (20 events):
Event: 0.296 Thread 0x00000253a7fbf5c0 Exception <a 'sun/nio/fs/WindowsException'{0x000000071036b3e0}> (0x000000071036b3e0) 
thrown [s\src\hotspot\share\prims\jni.cpp, line 520]
Event: 0.306 Thread 0x00000253a7fbf5c0 Exception <a 'java/lang/NoSuchMethodError'{0x0000000710388f30}: 'int java.lang.invoke.Invokers$Holder.invokeExact_MT(java.lang.Object, java.lang.Object)'> (0x0000000710388f30) 
thrown [s\src\hotspot\share\interpreter\linkResolver.cpp, line 773]
Event: 0.521 Thread 0x00000253a7fbf5c0 Exception <a 'java/lang/NoSuchMethodError'{0x00000007103e2a48}: 'void java.lang.invoke.DirectMethodHandle$Holder.invokeStaticInit(java.lang.Object, long, double, double)'> (0x00000007103e2a48) 
thrown [s\src\hotspot\share\interpreter\linkResolver.cpp, line 773]
Event: 0.523 Thread 0x00000253a7fbf5c0 Exception <a 'java/lang/NoSuchMethodError'{0x00000007103f1a40}: 'void java.lang.invoke.DirectMethodHandle$Holder.invokeStaticInit(java.lang.Object, long, int, int, int)'> (0x00000007103f1a40) 
thrown [s\src\hotspot\share\interpreter\linkResolver.cpp, line 773]
Event: 0.526 Thread 0x00000253a7fbf5c0 Exception <a 'java/lang/NoSuchMethodError'{0x000000071000a1f8}: 'void java.lang.invoke.DirectMethodHandle$Holder.invokeStaticInit(java.lang.Object, long, int, int, int, int)'> (0x000000071000a1f8) 
thrown [s\src\hotspot\share\interpreter\linkResolver.cpp, line 773]
Event: 0.551 Thread 0x00000253a7fbf5c0 Exception <a 'java/lang/NoSuchMethodError'{0x000000071002d4a8}: 'void java.lang.System.load(java.lang.String, java.lang.Class)'> (0x000000071002d4a8) 
thrown [s\src\hotspot\share\interpreter\linkResolver.cpp, line 773]
Event: 0.551 Thread 0x00000253a7fbf5c0 Exception <a 'java/lang/NoSuchMethodError'{0x000000071002ff18}: 'void java.lang.System.loadLibrary(java.lang.String, java.lang.Class)'> (0x000000071002ff18) 
thrown [s\src\hotspot\share\interpreter\linkResolver.cpp, line 773]
Event: 0.554 Thread 0x00000253a7fbf5c0 Exception <a 'sun/nio/fs/WindowsException'{0x000000071003f8f8}> (0x000000071003f8f8) 
thrown [s\src\hotspot\share\prims\jni.cpp, line 520]
Event: 0.555 Thread 0x00000253a7fbf5c0 Exception <a 'sun/nio/fs/WindowsException'{0x000000071003fc88}> (0x000000071003fc88) 
thrown [s\src\hotspot\share\prims\jni.cpp, line 520]
Event: 0.559 Thread 0x00000253a7fbf5c0 Exception <a 'sun/nio/fs/WindowsException'{0x0000000710051b20}> (0x0000000710051b20) 
thrown [s\src\hotspot\share\prims\jni.cpp, line 520]
Event: 0.559 Thread 0x00000253a7fbf5c0 Exception <a 'sun/nio/fs/WindowsException'{0x0000000710051df0}> (0x0000000710051df0) 
thrown [s\src\hotspot\share\prims\jni.cpp, line 520]
Event: 0.743 Thread 0x00000253a7fbf5c0 Exception <a 'sun/nio/fs/WindowsException'{0x000000071017f428}> (0x000000071017f428) 
thrown [s\src\hotspot\share\prims\jni.cpp, line 520]
Event: 0.744 Thread 0x00000253a7fbf5c0 Exception <a 'sun/nio/fs/WindowsException'{0x000000071017f798}> (0x000000071017f798) 
thrown [s\src\hotspot\share\prims\jni.cpp, line 520]
Event: 0.803 Thread 0x00000253a7fbf5c0 Exception <a 'java/lang/NoSuchMethodError'{0x000000070fe1c730}: 'java.lang.Object java.lang.invoke.DirectMethodHandle$Holder.newInvokeSpecial(java.lang.Object, long)'> (0x000000070fe1c730) 
thrown [s\src\hotspot\share\interpreter\linkResolver.cpp, line 773]
Event: 1.040 Thread 0x00000253a7fbf5c0 Exception <a 'java/lang/NoSuchMethodError'{0x000000070fc10a38}: 'void java.lang.invoke.DirectMethodHandle$Holder.invokeStatic(java.lang.Object, java.lang.Object, java.lang.Object, java.lang.Object)'> (0x000000070fc10a38) 
thrown [s\src\hotspot\share\interpreter\linkResolver.cpp, line 773]
Event: 1.053 Thread 0x00000253a7fbf5c0 Exception <a 'java/lang/NoSuchMethodError'{0x000000070fca2f88}: 'void java.lang.System.load(java.lang.String, java.lang.Class)'> (0x000000070fca2f88) 
thrown [s\src\hotspot\share\interpreter\linkResolver.cpp, line 773]
Event: 1.054 Thread 0x00000253a7fbf5c0 Exception <a 'java/lang/NoSuchMethodError'{0x000000070fca59f8}: 'void java.lang.System.loadLibrary(java.lang.String, java.lang.Class)'> (0x000000070fca59f8) 
thrown [s\src\hotspot\share\interpreter\linkResolver.cpp, line 773]
Event: 1.058 Thread 0x00000253a7fbf5c0 Exception <a 'sun/nio/fs/WindowsException'{0x000000070fcb59f0}> (0x000000070fcb59f0) 
thrown [s\src\hotspot\share\prims\jni.cpp, line 520]
Event: 1.058 Thread 0x00000253a7fbf5c0 Exception <a 'sun/nio/fs/WindowsException'{0x000000070fcb5d60}> (0x000000070fcb5d60) 
thrown [s\src\hotspot\share\prims\jni.cpp, line 520]
Event: 46.192 Thread 0x00000253ca253fa0 Implicit null exception at 0x00000253ba5e9df4 to 0x00000253ba5ea4fc

ZGC Phase Switch (0 events):
No events

VM Operations (20 events):
Event: 313.548 Executing VM operation: G1PauseRemark done
Event: 313.594 Executing VM operation: G1PauseCleanup
Event: 313.595 Executing VM operation: G1PauseCleanup done
Event: 317.550 Executing VM operation: G1CollectForAllocation (G1 Evacuation Pause)
Event: 317.566 Executing VM operation: G1CollectForAllocation (G1 Evacuation Pause) done
Event: 335.757 Executing VM operation: G1CollectForAllocation (G1 Evacuation Pause)
Event: 335.829 Executing VM operation: G1CollectForAllocation (G1 Evacuation Pause) done
Event: 351.529 Executing VM operation: G1CollectForAllocation (G1 Evacuation Pause)
Event: 351.578 Executing VM operation: G1CollectForAllocation (G1 Evacuation Pause) done
Event: 360.721 Executing VM operation: HandshakeAllThreads (HandshakeForDeflation)
Event: 360.721 Executing VM operation: HandshakeAllThreads (HandshakeForDeflation) done
Event: 360.721 Executing VM operation: RendezvousGCThreads
Event: 360.721 Executing VM operation: RendezvousGCThreads done
Event: 368.192 Executing VM operation: G1CollectForAllocation (G1 Evacuation Pause)
Event: 368.261 Executing VM operation: G1CollectForAllocation (G1 Evacuation Pause) done
Event: 385.668 Executing VM operation: G1CollectForAllocation (G1 Evacuation Pause)
Event: 385.734 Executing VM operation: G1CollectForAllocation (G1 Evacuation Pause) done
Event: 402.349 Executing VM operation: G1CollectForAllocation (G1 Evacuation Pause)
Event: 402.417 Executing VM operation: G1CollectForAllocation (G1 Evacuation Pause) done
Event: 415.072 Executing VM operation: G1CollectForAllocation (G1 Evacuation Pause)

Memory protections (0 events):
No events

Nmethod flushes (20 events):
Event: 160.223 Thread 0x00000253ca237b60 flushing  nmethod 0x00000253b2b15a10
Event: 160.223 Thread 0x00000253ca237b60 flushing  nmethod 0x00000253b2b71090
Event: 160.223 Thread 0x00000253ca237b60 flushing  nmethod 0x00000253b2b74d90
Event: 160.223 Thread 0x00000253ca237b60 flushing  nmethod 0x00000253b2b75d90
Event: 160.223 Thread 0x00000253ca237b60 flushing  nmethod 0x00000253b2ba1910
Event: 160.223 Thread 0x00000253ca237b60 flushing  nmethod 0x00000253b2ba2310
Event: 160.223 Thread 0x00000253ca237b60 flushing  nmethod 0x00000253b2be6810
Event: 160.223 Thread 0x00000253ca237b60 flushing  nmethod 0x00000253b2beac90
Event: 160.223 Thread 0x00000253ca237b60 flushing  nmethod 0x00000253b2c2aa90
Event: 160.223 Thread 0x00000253ca237b60 flushing  nmethod 0x00000253b2c2b310
Event: 160.223 Thread 0x00000253ca237b60 flushing  nmethod 0x00000253b2c2e790
Event: 160.223 Thread 0x00000253ca237b60 flushing  nmethod 0x00000253b2c2f490
Event: 160.223 Thread 0x00000253ca237b60 flushing  nmethod 0x00000253b2c30390
Event: 160.223 Thread 0x00000253ca237b60 flushing  nmethod 0x00000253b2c31810
Event: 160.223 Thread 0x00000253ca237b60 flushing  nmethod 0x00000253b2c33410
Event: 160.223 Thread 0x00000253ca237b60 flushing  nmethod 0x00000253b2c34d90
Event: 160.223 Thread 0x00000253ca237b60 flushing  nmethod 0x00000253b2c3e190
Event: 160.223 Thread 0x00000253ca237b60 flushing  nmethod 0x00000253b2c3e710
Event: 160.223 Thread 0x00000253ca237b60 flushing  nmethod 0x00000253b2c89790
Event: 160.223 Thread 0x00000253ca237b60 flushing  nmethod 0x00000253b2c8db10

Events (20 events):
Event: 1.022 Thread 0x00000253ca451700 Thread added: 0x000002541e8e8430
Event: 1.851 Thread 0x0000025410c23570 Thread exited: 0x0000025410c23570
Event: 1.851 Thread 0x000002541e8e8430 Thread exited: 0x000002541e8e8430
Event: 1.851 Thread 0x00000253ca451700 Thread exited: 0x00000253ca451700
Event: 1.851 Thread 0x000002541e8bb690 Thread exited: 0x000002541e8bb690
Event: 1.852 Thread 0x000002541e8a14c0 Thread exited: 0x000002541e8a14c0
Event: 1.852 Thread 0x000002541eac9450 Thread exited: 0x000002541eac9450
Event: 1.852 Thread 0x000002541e9e2e30 Thread exited: 0x000002541e9e2e30
Event: 1.852 Thread 0x000002541e9e2790 Thread exited: 0x000002541e9e2790
Event: 1.852 Thread 0x000002541e7ed220 Thread exited: 0x000002541e7ed220
Event: 1.864 Thread 0x00000253a7fbf5c0 Thread added: 0x0000025410c23570
Event: 3.034 Thread 0x00000253ca2d3670 Thread exited: 0x00000253ca2d3670
Event: 4.362 Thread 0x00000253ca2662b0 Thread added: 0x000002541ea280a0
Event: 4.362 Thread 0x00000253ca2662b0 Thread added: 0x000002541e76b780
Event: 4.654 Thread 0x000002541e76b780 Thread exited: 0x000002541e76b780
Event: 9.666 Thread 0x000002541ea280a0 Thread exited: 0x000002541ea280a0
Event: 14.509 Thread 0x0000025410c23570 Thread added: 0x000002541e76b780
Event: 74.510 Thread 0x000002541e76b780 Thread exited: 0x000002541e76b780
Event: 74.519 Thread 0x0000025410c23570 Thread added: 0x000002541e76b780
Event: 134.531 Thread 0x000002541e76b780 Thread exited: 0x000002541e76b780


Dynamic libraries:
0x00007ff7251b0000 - 0x00007ff7251be000 	C:\Users\User\.jdks\ms-21.0.7\bin\java.exe
0x00007ffd83840000 - 0x00007ffd83aa9000 	C:\WINDOWS\SYSTEM32\ntdll.dll
0x00007ffd83650000 - 0x00007ffd83719000 	C:\WINDOWS\System32\KERNEL32.DLL
0x00007ffd80a90000 - 0x00007ffd80e83000 	C:\WINDOWS\System32\KERNELBASE.dll
0x00007ffd81180000 - 0x00007ffd812cb000 	C:\WINDOWS\System32\ucrtbase.dll
0x00007ffd6b620000 - 0x00007ffd6b638000 	C:\Users\User\.jdks\ms-21.0.7\bin\jli.dll
0x00007ffd7bd30000 - 0x00007ffd7bd4d000 	C:\Users\User\.jdks\ms-21.0.7\bin\VCRUNTIME140.dll
0x00007ffd81de0000 - 0x00007ffd81fa4000 	C:\WINDOWS\System32\USER32.dll
0x00007ffd60e40000 - 0x00007ffd610d3000 	C:\WINDOWS\WinSxS\amd64_microsoft.windows.common-controls_6595b64144ccf1df_6.0.26100.5074_none_3e0d6f78e32fd63f\COMCTL32.dll
0x00007ffd80f30000 - 0x00007ffd80f57000 	C:\WINDOWS\System32\win32u.dll
0x00007ffd81610000 - 0x00007ffd8163b000 	C:\WINDOWS\System32\GDI32.dll
0x00007ffd82d20000 - 0x00007ffd82dc9000 	C:\WINDOWS\System32\msvcrt.dll
0x00007ffd814e0000 - 0x00007ffd8160d000 	C:\WINDOWS\System32\gdi32full.dll
0x00007ffd810d0000 - 0x00007ffd81173000 	C:\WINDOWS\System32\msvcp_win.dll
0x00007ffd81710000 - 0x00007ffd8173f000 	C:\WINDOWS\System32\IMM32.DLL
0x00007ffd65380000 - 0x00007ffd6538c000 	C:\Users\User\.jdks\ms-21.0.7\bin\vcruntime140_1.dll
0x00007ffd4e3c0000 - 0x00007ffd4e44d000 	C:\Users\User\.jdks\ms-21.0.7\bin\msvcp140.dll
0x00007ffcefc30000 - 0x00007ffcf09c8000 	C:\Users\User\.jdks\ms-21.0.7\bin\server\jvm.dll
0x00007ffd82130000 - 0x00007ffd821e4000 	C:\WINDOWS\System32\ADVAPI32.dll
0x00007ffd82e50000 - 0x00007ffd82ef6000 	C:\WINDOWS\System32\sechost.dll
0x00007ffd823c0000 - 0x00007ffd824d8000 	C:\WINDOWS\System32\RPCRT4.dll
0x00007ffd82b50000 - 0x00007ffd82bc4000 	C:\WINDOWS\System32\WS2_32.dll
0x00007ffd80780000 - 0x00007ffd807de000 	C:\WINDOWS\SYSTEM32\POWRPROF.dll
0x00007ffd7a990000 - 0x00007ffd7a99b000 	C:\WINDOWS\SYSTEM32\VERSION.dll
0x00007ffd754b0000 - 0x00007ffd754e5000 	C:\WINDOWS\SYSTEM32\WINMM.dll
0x00007ffd80680000 - 0x00007ffd80694000 	C:\WINDOWS\SYSTEM32\UMPDC.dll
0x00007ffd7f770000 - 0x00007ffd7f78b000 	C:\WINDOWS\SYSTEM32\kernel.appcore.dll
0x00007ffd65370000 - 0x00007ffd6537a000 	C:\Users\User\.jdks\ms-21.0.7\bin\jimage.dll
0x00007ffd699c0000 - 0x00007ffd69c02000 	C:\WINDOWS\SYSTEM32\DBGHELP.DLL
0x00007ffd81a60000 - 0x00007ffd81ddb000 	C:\WINDOWS\System32\combase.dll
0x00007ffd83720000 - 0x00007ffd837f7000 	C:\WINDOWS\System32\OLEAUT32.dll
0x00007ffd688a0000 - 0x00007ffd688dd000 	C:\WINDOWS\SYSTEM32\dbgcore.DLL
0x00007ffd80e90000 - 0x00007ffd80f29000 	C:\WINDOWS\System32\bcryptPrimitives.dll
0x00007ffd60840000 - 0x00007ffd60860000 	C:\Users\User\.jdks\ms-21.0.7\bin\java.dll
0x00007ffd82f00000 - 0x00007ffd8364d000 	C:\WINDOWS\System32\SHELL32.dll
0x00007ffd80f60000 - 0x00007ffd810cc000 	C:\WINDOWS\System32\wintypes.dll
0x00007ffd7e610000 - 0x00007ffd7ee69000 	C:\WINDOWS\SYSTEM32\windows.storage.dll
0x00007ffd81fb0000 - 0x00007ffd820a0000 	C:\WINDOWS\System32\SHCORE.dll
0x00007ffd82dd0000 - 0x00007ffd82e32000 	C:\WINDOWS\System32\shlwapi.dll
0x00007ffd808f0000 - 0x00007ffd80919000 	C:\WINDOWS\SYSTEM32\profapi.dll
0x00007ffd3d390000 - 0x00007ffd3d466000 	C:\Users\User\.jdks\ms-21.0.7\bin\jsvml.dll
0x00007ffd64990000 - 0x00007ffd649a0000 	C:\Users\User\.jdks\ms-21.0.7\bin\net.dll
0x00007ffd7a070000 - 0x00007ffd7a18f000 	C:\WINDOWS\SYSTEM32\WINHTTP.dll
0x00007ffd7fcd0000 - 0x00007ffd7fd3b000 	C:\WINDOWS\system32\mswsock.dll
0x00007ffd5e700000 - 0x00007ffd5e716000 	C:\Users\User\.jdks\ms-21.0.7\bin\nio.dll
0x00007ffd5e720000 - 0x00007ffd5e738000 	C:\Users\User\.jdks\ms-21.0.7\bin\zip.dll
0x00007ffd60830000 - 0x00007ffd60840000 	C:\Users\User\.jdks\ms-21.0.7\bin\verify.dll
0x00007ffd7ba60000 - 0x00007ffd7badb000 	C:\Users\User\AppData\Local\Temp\lwjgl_User\3.3.3+5\x64\lwjgl.dll
0x00007ffd7b9d0000 - 0x00007ffd7ba52000 	C:\Users\User\AppData\Local\Temp\lwjgl_User\3.3.3+5\x64\glfw.dll
0x00007ffd4e4c0000 - 0x00007ffd4e50b000 	C:\WINDOWS\SYSTEM32\dinput8.dll
0x00007ffd58c00000 - 0x00007ffd58c12000 	C:\WINDOWS\SYSTEM32\xinput1_4.dll
0x00007ffd805d0000 - 0x00007ffd80627000 	C:\WINDOWS\SYSTEM32\cfgmgr32.dll
0x00007ffd805a0000 - 0x00007ffd805cd000 	C:\WINDOWS\SYSTEM32\DEVOBJ.dll
0x00007ffd7df90000 - 0x00007ffd7dfbb000 	C:\WINDOWS\SYSTEM32\dwmapi.dll
0x00007ffd6c670000 - 0x00007ffd6c84a000 	C:\WINDOWS\SYSTEM32\inputhost.dll
0x00007ffd7d810000 - 0x00007ffd7d935000 	C:\WINDOWS\SYSTEM32\CoreMessaging.dll
0x00007ffd7dce0000 - 0x00007ffd7dd88000 	C:\WINDOWS\system32\uxtheme.dll
0x00007ffd7ff00000 - 0x00007ffd7ff0c000 	C:\WINDOWS\SYSTEM32\CRYPTBASE.DLL
0x00007ffd82970000 - 0x00007ffd82ac8000 	C:\WINDOWS\System32\MSCTF.dll
0x00007ffcef1a0000 - 0x00007ffcef2ac000 	C:\WINDOWS\SYSTEM32\opengl32.dll
0x00007ffcef170000 - 0x00007ffcef19d000 	C:\WINDOWS\SYSTEM32\GLU32.dll
0x00007ffd7dde0000 - 0x00007ffd7de24000 	C:\WINDOWS\SYSTEM32\dxcore.dll
0x00007ffd73a40000 - 0x00007ffd73a5a000 	C:\WINDOWS\SYSTEM32\windows.staterepositorycore.dll
0x00007ffcec8d0000 - 0x00007ffcef166000 	C:\WINDOWS\System32\DriverStore\FileRepository\nv_dispi.inf_amd64_2c61c4d89b199ea8\nvoglv64.dll
0x00007ffd824e0000 - 0x00007ffd82967000 	C:\WINDOWS\System32\SETUPAPI.dll
0x00007ffd82220000 - 0x00007ffd823b8000 	C:\WINDOWS\System32\ole32.dll
0x00007ffd7dc80000 - 0x00007ffd7dcaa000 	C:\WINDOWS\SYSTEM32\WTSAPI32.dll
0x00007ffd812d0000 - 0x00007ffd81447000 	C:\WINDOWS\System32\CRYPT32.dll
0x00007ffd7fa10000 - 0x00007ffd7fa59000 	C:\WINDOWS\SYSTEM32\SspiCli.dll
0x00007ffd80100000 - 0x00007ffd80113000 	C:\WINDOWS\SYSTEM32\msasn1.dll
0x00007ffd7a7e0000 - 0x00007ffd7a81b000 	C:\WINDOWS\SYSTEM32\cryptnet.dll
0x00007ffd7ffa0000 - 0x00007ffd80004000 	C:\WINDOWS\SYSTEM32\wldp.dll
0x00007ffd7a610000 - 0x00007ffd7a785000 	C:\WINDOWS\SYSTEM32\drvstore.dll
0x00007ffd81450000 - 0x00007ffd814ce000 	C:\WINDOWS\System32\WINTRUST.dll
0x00007ffd7f890000 - 0x00007ffd7f8c6000 	C:\WINDOWS\SYSTEM32\ntmarta.dll
0x00007ffd821f0000 - 0x00007ffd82210000 	C:\WINDOWS\System32\imagehlp.dll
0x00007ffd800a0000 - 0x00007ffd800bb000 	C:\WINDOWS\System32\CRYPTSP.dll
0x00007ffd7f6d0000 - 0x00007ffd7f70b000 	C:\WINDOWS\system32\rsaenh.dll
0x00007ffd808c0000 - 0x00007ffd808e6000 	C:\WINDOWS\System32\bcrypt.dll
0x00007ffd764e0000 - 0x00007ffd79f92000 	C:\WINDOWS\System32\DriverStore\FileRepository\nv_dispi.inf_amd64_2c61c4d89b199ea8\nvgpucomp64.dll
0x00007ffd490e0000 - 0x00007ffd493e6000 	C:\WINDOWS\system32\nvspcap64.dll
0x00007ffd80330000 - 0x00007ffd80393000 	C:\WINDOWS\SYSTEM32\WINSTA.dll
0x00007ffd6cc60000 - 0x00007ffd6cda9000 	C:\WINDOWS\SYSTEM32\textinputframework.dll
0x00007ffd7afb0000 - 0x00007ffd7b293000 	C:\WINDOWS\SYSTEM32\CoreUIComponents.dll
0x00007ffd4e360000 - 0x00007ffd4e3be000 	C:\Users\User\AppData\Local\Temp\lwjgl_User\3.3.3+5\x64\lwjgl_opengl.dll
0x00007ffd21490000 - 0x00007ffd21657000 	C:\Users\User\AppData\Local\Temp\lwjgl_User\3.3.3+5\x64\OpenAL.dll
0x00007ffd82bd0000 - 0x00007ffd82c81000 	C:\WINDOWS\System32\clbcatq.dll
0x00007ffd73d50000 - 0x00007ffd73de9000 	C:\WINDOWS\System32\MMDevApi.dll
0x00007ffd60250000 - 0x00007ffd6040b000 	C:\WINDOWS\SYSTEM32\AUDIOSES.DLL
0x00007ffd7e300000 - 0x00007ffd7e314000 	C:\WINDOWS\SYSTEM32\resourcepolicyclient.dll
0x00007ffd4e2d0000 - 0x00007ffd4e352000 	C:\Users\User\AppData\Local\Temp\lwjgl_User\3.3.3+5\x64\lwjgl_stb.dll
0x00007ffd56340000 - 0x00007ffd56349000 	C:\Users\User\.jdks\ms-21.0.7\bin\extnet.dll

dbghelp: loaded successfully - version: 4.0.5 - missing functions: none
symbol engine: initialized successfully - sym options: 0x614 - pdb path: .;C:\Users\User\.jdks\ms-21.0.7\bin;C:\WINDOWS\SYSTEM32;C:\WINDOWS\WinSxS\amd64_microsoft.windows.common-controls_6595b64144ccf1df_6.0.26100.5074_none_3e0d6f78e32fd63f;C:\Users\User\.jdks\ms-21.0.7\bin\server;C:\Users\User\AppData\Local\Temp\lwjgl_User\3.3.3+5\x64;C:\WINDOWS\System32\DriverStore\FileRepository\nv_dispi.inf_amd64_2c61c4d89b199ea8

VM Arguments:
jvm_args: -Dfile.encoding=UTF-8 -Duser.country=US -Duser.language=en -Duser.variant 
java_command: Main
java_class_path (initial): C:\Users\User\.gradle\.tmp\gradle-javaexec-classpath11786298809806040092.jar
Launcher Type: SUN_STANDARD

[Global flags]
     intx CICompilerCount                          = 12                                        {product} {ergonomic}
     uint ConcGCThreads                            = 3                                         {product} {ergonomic}
     uint G1ConcRefinementThreads                  = 13                                        {product} {ergonomic}
   size_t G1HeapRegionSize                         = 2097152                                   {product} {ergonomic}
    uintx GCDrainStackTargetSize                   = 64                                        {product} {ergonomic}
   size_t InitialHeapSize                          = 268435456                                 {product} {ergonomic}
   size_t MarkStackSize                            = 4194304                                   {product} {ergonomic}
   size_t MaxHeapSize                              = 4276092928                                {product} {ergonomic}
   size_t MaxNewSize                               = 2564816896                                {product} {ergonomic}
   size_t MinHeapDeltaBytes                        = 2097152                                   {product} {ergonomic}
   size_t MinHeapSize                              = 8388608                                   {product} {ergonomic}
    uintx NonNMethodCodeHeapSize                   = 7602480                                {pd product} {ergonomic}
    uintx NonProfiledCodeHeapSize                  = 122027880                              {pd product} {ergonomic}
    uintx ProfiledCodeHeapSize                     = 122027880                              {pd product} {ergonomic}
    uintx ReservedCodeCacheSize                    = 251658240                              {pd product} {ergonomic}
     bool SegmentedCodeCache                       = true                                      {product} {ergonomic}
   size_t SoftMaxHeapSize                          = 4276092928                             {manageable} {ergonomic}
     bool UseCompressedOops                        = true                           {product lp64_product} {ergonomic}
     bool UseG1GC                                  = true                                      {product} {ergonomic}
     bool UseLargePagesIndividualAllocation        = false                                  {pd product} {ergonomic}

Logging:
Log output configuration:
 #0: stdout all=warning uptime,level,tags foldmultilines=false
 #1: stderr all=off uptime,level,tags foldmultilines=false

Environment Variables:
PATH=C:\VulkanSDK\1.3.243.0\Bin;C:\Libraries\VulkanSDK\Bin;C:\Program Files\Common Files\Oracle\Java\javapath;C:\Program Files (x86)\Common Files\Oracle\Java\java8path;C:\Program Files (x86)\Common Files\Oracle\Java\javapath;C:\WINDOWS\system32;C:\WINDOWS;C:\WINDOWS\System32\Wbem;C:\WINDOWS\System32\WindowsPowerShell\v1.0\;C:\WINDOWS\System32\OpenSSH\;C:\Program Files\NVIDIA Corporation\NVIDIA App\NvDLISR;C:\Program Files (x86)\NVIDIA Corporation\PhysX\Common;C:\Program Files\Git\cmd;C:\Program Files\CMake\bin;C:\Program Files (x86)\Windows Kits\10\Windows Performance Toolkit\;C:\Program Files\Go\bin;C:\Program Files\Docker\Docker\resources\bin;C:\Program Files\nodejs\;C:\Users\User\.cargo\bin;C:\Users\User\AppData\Local\Programs\Python\Launcher\;C:\Users\User\AppData\Local\Programs\Eclipse Adoptium\jdk-8.0.452.9-hotspot\bin;C:\Users\User\AppData\Local\Microsoft\WindowsApps;C:\Users\User\AppData\Local\Programs\Microsoft VS Code\bin;C:\Ninja;C:\Users\User\go\bin;C:\Users\User\AppData\Local\GitHubDesktop\bin;C:\Users\User\AppData\Local\Packages\PythonSoftwareFoundation.Python.3.12_qbz5n2kfra8p0\LocalCache\local-packages\Python312\Scripts;C:\Users\User\AppData\Roaming\npm;C:\Program Files\nodejs;C:\MinGW\bin;C:\Users\User\Documents\Work\bin\Downloads\Archives\Contents\VC\Tools\MSVC\14.44.35207\bin\Hostx64\x64;C:\Users\User\Documents\Work\bin\;
USERNAME=User
OS=Windows_NT
PROCESSOR_IDENTIFIER=Intel64 Family 6 Model 165 Stepping 5, GenuineIntel
TMP=C:\Users\User\AppData\Local\Temp
TEMP=C:\Users\User\AppData\Local\Temp




Periodic native trim disabled

---------------  S Y S T E M  ---------------

OS:
 Windows 11 , 64 bit Build 26100 (10.0.26100.5074)
OS uptime: 0 days 0:24 hours
Hyper-V role detected

CPU: total 16 (initial active 16) (8 cores per cpu, 2 threads per core) family 6 model 165 stepping 5 microcode 0xfa, cx8, cmov, fxsr, ht, mmx, 3dnowpref, sse, sse2, sse3, ssse3, sse4.1, sse4.2, popcnt, lzcnt, tsc, tscinvbit, avx, avx2, aes, erms, clmul, bmi1, bmi2, adx, fma, vzeroupper, clflush, clflushopt, hv, rdtscp, f16c
Processor Information for the first 16 processors :
  Max Mhz: 3792, Current Mhz: 3792, Mhz Limit: 3792

Memory: 4k page, system-wide physical 16305M (5519M free)
TotalPageFile size 28593M (AvailPageFile size 13951M)
current process WorkingSet (physical memory assigned to process): 654M, peak: 1835M
current process commit charge ("private bytes"): 1608M, peak: 3110M

vm_info: OpenJDK 64-Bit Server VM (21.0.7+6-LTS) for windows-amd64 JRE (21.0.7+6-LTS), built on 2025-04-09T22:17:25Z by "MicrosoftCorporation" with unknown MS VC++:1939

END.
