#
# A fatal error has been detected by the Java Runtime Environment:
#
#  EXCEPTION_ACCESS_VIOLATION (0xc0000005) at pc=0x00007ffceff6cc31, pid=5000, tid=12768
#
# JRE version: OpenJDK Runtime Environment Microsoft-11369940 (21.0.7+6) (build 21.0.7+6-LTS)
# Java VM: OpenJDK 64-Bit Server VM Microsoft-11369940 (21.0.7+6-LTS, mixed mode, sharing, tiered, compressed oops, compressed class ptrs, g1 gc, windows-amd64)
# Problematic frame:
# V  [jvm.dll+0x33cc31]
#
# No core dump will be written. Minidumps are not enabled by default on client versions of Windows
#
# If you would like to submit a bug report, please visit:
#   https://github.com/microsoft/openjdk/issues
#

---------------  S U M M A R Y ------------

Command Line: -Dfile.encoding=UTF-8 -Duser.country=US -Duser.language=en -Duser.variant Main

Host: Intel(R) Core(TM) i7-10700K CPU @ 3.80GHz, 16 cores, 15G,  Windows 11 , 64 bit Build 26100 (10.0.26100.5074)
Time: Thu Oct  9 19:29:45 2025 Arab Standard Time elapsed time: 372.896912 seconds (0d 0h 6m 12s)

---------------  T H R E A D  ---------------

Current thread (0x0000021f227b8670):  WorkerThread "GC Thread#6"    [id=12768, stack(0x000000c679300000,0x000000c679400000) (1024K)]

Stack: [0x000000c679300000,0x000000c679400000],  sp=0x000000c6793ff910,  free space=1022k
Native frames: (J=compiled Java code, j=interpreted, Vv=VM code, C=native code)
V  [jvm.dll+0x33cc31]
V  [jvm.dll+0x35e8a1]
V  [jvm.dll+0x372ac9]
V  [jvm.dll+0x37318a]
V  [jvm.dll+0x373277]
V  [jvm.dll+0x37410b]
V  [jvm.dll+0x8dd911]
V  [jvm.dll+0x85916b]
V  [jvm.dll+0x6d327d]
C  [ucrtbase.dll+0x37b0]
C  [KERNEL32.DLL+0x2e8d7]
C  [ntdll.dll+0x8d9c]


siginfo: EXCEPTION_ACCESS_VIOLATION (0xc0000005), data execution prevention violation at address 0x00007ffcd1888000


Registers:
RAX=0x0000000000000000, RBX=0x0000000000000000, RCX=0x0000000000000000, RDX=0x0000000000000000
RSP=0x000000c6793ff910, RBP=0x0000000000000004, RSI=0x0000021eb93d8200, RDI=0x0000021ebb85f270
R8 =0x0000000000000002, R9 =0x0000000000000003, R10=0x0000000000000000, R11=0x0000000000000010
R12=0x000000000000001a, R13=0x0000000000000020, R14=0x0000000000000007, R15=0x000000c6793ff990
RIP=0x00007ffceff6cc31, EFLAGS=0x0000000000010206

XMM[0]=0x0000000000000000 0x0000000000000000
XMM[1]=0x0000000000000000 0x416312d000000000
XMM[2]=0x0000000000000000 0x0000000000000000
XMM[3]=0x0000000000000000 0x3ef2faae876767ee
XMM[4]=0x0000000000000000 0x0000000000000000
XMM[5]=0x0000000000000000 0x0000000000000000
XMM[6]=0x00000149331c34ab 0x00000000de3f64e1
XMM[7]=0x0000000000000000 0x0000000000000000
XMM[8]=0x0000000000000000 0x0000000000000000
XMM[9]=0x0000000000000000 0x0000000000000000
XMM[10]=0x0000000000000000 0x0000000000000000
XMM[11]=0x0000000000000000 0x0000000000000000
XMM[12]=0x0000000000000000 0x0000000000000000
XMM[13]=0x0000000000000000 0x0000000000000000
XMM[14]=0x0000000000000000 0x0000000000000000
XMM[15]=0x0000000000000000 0x0000000000000000
  MXCSR=0x00001fa0


Register to memory mapping:

RAX=0x0 is null
RBX=0x0 is null
RCX=0x0 is null
RDX=0x0 is null
RSP=0x000000c6793ff910 points into unknown readable memory: 0x000000c6776f0000 | 00 00 6f 77 c6 00 00 00
RBP=0x0000000000000004 is an unknown value
RSI=0x0000021eb93d8200 points into unknown readable memory: 0x00007ffcf065be48 | 48 be 65 f0 fc 7f 00 00
RDI=0x0000021ebb85f270 points into unknown readable memory: 0x0000000000000000 | 00 00 00 00 00 00 00 00
R8 =0x0000000000000002 is an unknown value
R9 =0x0000000000000003 is an unknown value
R10=0x0 is null
R11=0x0000000000000010 is an unknown value
R12=0x000000000000001a is an unknown value
R13=0x0000000000000020 is an unknown value
R14=0x0000000000000007 is an unknown value
R15=0x000000c6793ff990 points into unknown readable memory: 0x0000000711d91ecd | cd 1e d9 11 07 00 00 00

Top of Stack: (sp=0x000000c6793ff910)
0x000000c6793ff910:   000000c6776f0000 0000000000000100
0x000000c6793ff920:   0000000000000000 0000000000000040
0x000000c6793ff930:   0000000000000026 0000000000000000
0x000000c6793ff940:   0000021f223fe8c0 0000000000000004
0x000000c6793ff950:   0000000711d91ecc 00007ffceff8e8a1
0x000000c6793ff960:   0000021f223fe8c0 000000c6793ff9f0
0x000000c6793ff970:   0000021eb93d8200 0000000000000028
0x000000c6793ff980:   000000c6793ffa60 00007ffceffa2ac9
0x000000c6793ff990:   0000000711d91ecd 0000000000000004
0x000000c6793ff9a0:   0000000000000000 000000c6793ffa60
0x000000c6793ff9b0:   000000c6776fef00 00007ffcf02fd48f
0x000000c6793ff9c0:   0000000000000000 0000000000000000
0x000000c6793ff9d0:   0000021f22000000 00007ffceff997cf
0x000000c6793ff9e0:   0000021f22747040 00007ffcf0494467
0x000000c6793ff9f0:   0000021edb807b90 0000021f22747040
0x000000c6793ffa00:   00000000000003d8 0000021edb807f78
0x000000c6793ffa10:   0000000000000004 00007ffceffa318a
0x000000c6793ffa20:   0000021f223fe8c0 0000000000000014
0x000000c6793ffa30:   000000c6776fef00 0000021eb93d2a20
0x000000c6793ffa40:   0000001200000010 0000000000000004
0x000000c6793ffa50:   00000000de3f64e1 00000149331c34ab
0x000000c6793ffa60:   00007ffcf06657e8 40774e427eb00948
0x000000c6793ffa70:   3f2af6258c600000 00000000000002ee
0x000000c6793ffa80:   0000021ebb858640 0000021f223fe8c0
0x000000c6793ffa90:   0000021eb93d8200 000000c6776fef30
0x000000c6793ffaa0:   0000000000000014 0000000000000000
0x000000c6793ffab0:   0000000000000000 0000000000000000
0x000000c6793ffac0:   0000021edb807ba0 00007ffceffa3277
0x000000c6793ffad0:   0000021f223fe8c0 0000000000000004
0x000000c6793ffae0:   0000021f22780d10 000000c6776fef00
0x000000c6793ffaf0:   0000021e00000016 000000c600000014
0x000000c6793ffb00:   000000c6776fef00 00007ffceffa410b 

Instructions: (pc=0x00007ffceff6cc31)
0x00007ffceff6cb31:   10 8b c2 c1 e8 1f 03 d0 69 c1 a7 41 00 00 69 ca
0x00007ffceff6cb41:   ff ff ff 7f 2b c1 85 c0 8d 88 ff ff ff 7f 0f 4e
0x00007ffceff6cb51:   c1 33 d2 89 87 04 02 00 00 f7 76 08 44 8b c2 3b
0x00007ffceff6cb61:   d5 74 bc 8b dd 3b dd 74 05 41 3b d8 75 41 8b 8f
0x00007ffceff6cb71:   04 02 00 00 b8 5f 0b 4e 83 f7 e9 03 d1 c1 fa 10
0x00007ffceff6cb81:   8b c2 c1 e8 1f 03 d0 69 c1 a7 41 00 00 69 ca ff
0x00007ffceff6cb91:   ff ff 7f 2b c1 85 c0 8d 88 ff ff ff 7f 0f 4e c1
0x00007ffceff6cba1:   33 d2 89 87 04 02 00 00 f7 76 08 8b da eb b6 41
0x00007ffceff6cbb1:   8b c0 4c 8d 1c c5 00 00 00 00 48 8b 46 10 49 8b
0x00007ffceff6cbc1:   0c 03 8b 81 00 01 00 00 44 8b 89 80 00 00 00 44
0x00007ffceff6cbd1:   2b c8 b8 00 00 00 00 41 81 e1 ff ff 01 00 41 81
0x00007ffceff6cbe1:   f9 ff ff 01 00 44 0f 44 c8 8b c3 4c 8d 14 c5 00
0x00007ffceff6cbf1:   00 00 00 48 8b 46 10 49 8b 0c 02 8b 81 00 01 00
0x00007ffceff6cc01:   00 8b 91 80 00 00 00 33 c9 2b d0 8b c1 81 e2 ff
0x00007ffceff6cc11:   ff 01 00 81 fa ff ff 01 00 0f 44 d1 41 3b d1 76
0x00007ffceff6cc21:   0a 48 8b 46 10 49 8b 0c 02 eb 10 45 85 c9 74 18
0x00007ffceff6cc31:   48 8b 46 10 41 8b d8 49 8b 0c 03 49 8b d7 e8 5c
0x00007ffceff6cc41:   e6 ff ff 83 f8 02 74 05 bb ff ff ff ff 89 9f 00
0x00007ffceff6cc51:   02 00 00 eb 14 75 17 8d 45 ff 49 8b d7 83 e0 01
0x00007ffceff6cc61:   48 8b 0c c1 e8 36 e6 ff ff 83 f8 02 74 2b 41 ff
0x00007ffceff6cc71:   c6 45 3b f4 0f 82 85 fe ff ff 32 c0 48 8b 5c 24
0x00007ffceff6cc81:   50 48 8b 6c 24 58 48 8b 74 24 60 48 83 c4 20 41
0x00007ffceff6cc91:   5f 41 5e 41 5d 41 5c 5f c3 b0 01 eb df cc cc 48
0x00007ffceff6cca1:   8b 89 50 06 00 00 e9 94 0e 5a 00 cc cc cc cc 48
0x00007ffceff6ccb1:   89 54 24 10 4c 89 44 24 18 4c 89 4c 24 20 53 48
0x00007ffceff6ccc1:   83 ec 20 48 8b d9 4c 8d 4c 24 40 4c 8b c2 48 8d
0x00007ffceff6ccd1:   0d 7a f6 94 00 ba 01 00 00 00 e8 a0 b5 2a 00 48
0x00007ffceff6cce1:   8b c3 48 83 c4 20 5b c3 cc cc cc cc cc cc cc 48
0x00007ffceff6ccf1:   89 5c 24 18 55 57 41 57 48 83 ec 20 48 8b 41 18
0x00007ffceff6cd01:   4c 8b f9 8b 7a 38 48 8d 4a 3c 48 8b da 48 8b 80
0x00007ffceff6cd11:   60 06 00 00 48 8b 2c f8 8b 01 c1 e8 02 48 c1 e5
0x00007ffceff6cd21:   03 a8 01 0f 84 11 01 00 00 8b 42 3c 83 f8 04 0f 


Stack slot to memory mapping:

stack at sp + 0 slots: 0x000000c6776f0000 is an unknown value
stack at sp + 1 slots: 0x0000000000000100 is an unknown value
stack at sp + 2 slots: 0x0 is null
stack at sp + 3 slots: 0x0000000000000040 is an unknown value
stack at sp + 4 slots: 0x0000000000000026 is an unknown value
stack at sp + 5 slots: 0x0 is null
stack at sp + 6 slots: 0x0000021f223fe8c0 points into unknown readable memory: 0x00007ffcf0662f88 | 88 2f 66 f0 fc 7f 00 00
stack at sp + 7 slots: 0x0000000000000004 is an unknown value


---------------  P R O C E S S  ---------------

Threads class SMR info:
_java_thread_list=0x0000021f216a8200, length=12, elements={
0x0000021ebb84f940, 0x0000021edb738380, 0x0000021edb738fd0, 0x0000021edb73f5b0,
0x0000021edb7422b0, 0x0000021edb740130, 0x0000021edb744920, 0x0000021edb748540,
0x0000021edb74ab50, 0x0000021edb95fd30, 0x0000021edb965820, 0x0000021f2ff39860
}

Java Threads: ( => current thread )
  0x0000021ebb84f940 JavaThread "main"                              [_thread_blocked, id=18956, stack(0x000000c676f00000,0x000000c677000000) (1024K)]
  0x0000021edb738380 JavaThread "Reference Handler"          daemon [_thread_blocked, id=14600, stack(0x000000c677700000,0x000000c677800000) (1024K)]
  0x0000021edb738fd0 JavaThread "Finalizer"                  daemon [_thread_blocked, id=12444, stack(0x000000c677800000,0x000000c677900000) (1024K)]
  0x0000021edb73f5b0 JavaThread "Signal Dispatcher"          daemon [_thread_blocked, id=11500, stack(0x000000c677900000,0x000000c677a00000) (1024K)]
  0x0000021edb7422b0 JavaThread "Attach Listener"            daemon [_thread_blocked, id=12916, stack(0x000000c677a00000,0x000000c677b00000) (1024K)]
  0x0000021edb740130 JavaThread "Service Thread"             daemon [_thread_blocked, id=19268, stack(0x000000c677b00000,0x000000c677c00000) (1024K)]
  0x0000021edb744920 JavaThread "Monitor Deflation Thread"   daemon [_thread_blocked, id=17456, stack(0x000000c677c00000,0x000000c677d00000) (1024K)]
  0x0000021edb748540 JavaThread "C2 CompilerThread0"         daemon [_thread_blocked, id=15156, stack(0x000000c677d00000,0x000000c677e00000) (1024K)]
  0x0000021edb74ab50 JavaThread "C1 CompilerThread0"         daemon [_thread_blocked, id=22524, stack(0x000000c677e00000,0x000000c677f00000) (1024K)]
  0x0000021edb95fd30 JavaThread "Notification Thread"        daemon [_thread_blocked, id=23184, stack(0x000000c678100000,0x000000c678200000) (1024K)]
  0x0000021edb965820 JavaThread "Common-Cleaner"             daemon [_thread_blocked, id=11940, stack(0x000000c678200000,0x000000c678300000) (1024K)]
  0x0000021f2ff39860 JavaThread "Thread-0"                          [_thread_in_native, id=16788, stack(0x000000c678000000,0x000000c678100000) (1024K)]
Total: 12

Other Threads:
  0x0000021edb71e8b0 VMThread "VM Thread"                           [id=5840, stack(0x000000c677600000,0x000000c677700000) (1024K)]
  0x0000021edb709320 WatcherThread "VM Periodic Task Thread"        [id=13092, stack(0x000000c677500000,0x000000c677600000) (1024K)]
  0x0000021ebb8affe0 WorkerThread "GC Thread#0"                     [id=20392, stack(0x000000c677000000,0x000000c677100000) (1024K)]
  0x0000021f227473b0 WorkerThread "GC Thread#1"                     [id=8244, stack(0x000000c678e00000,0x000000c678f00000) (1024K)]
  0x0000021f22775020 WorkerThread "GC Thread#2"                     [id=21892, stack(0x000000c678f00000,0x000000c679000000) (1024K)]
  0x0000021f227beb00 WorkerThread "GC Thread#3"                     [id=2648, stack(0x000000c679000000,0x000000c679100000) (1024K)]
  0x0000021f2fcca740 WorkerThread "GC Thread#4"                     [id=11308, stack(0x000000c679100000,0x000000c679200000) (1024K)]
  0x0000021f2fccaef0 WorkerThread "GC Thread#5"                     [id=6836, stack(0x000000c679200000,0x000000c679300000) (1024K)]
=>0x0000021f227b8670 WorkerThread "GC Thread#6"                     [id=12768, stack(0x000000c679300000,0x000000c679400000) (1024K)]
  0x0000021f227ccf60 WorkerThread "GC Thread#7"                     [id=23396, stack(0x000000c679400000,0x000000c679500000) (1024K)]
  0x0000021f3e9700a0 WorkerThread "GC Thread#8"                     [id=5152, stack(0x000000c678300000,0x000000c678400000) (1024K)]
  0x0000021f3e970f20 WorkerThread "GC Thread#9"                     [id=20524, stack(0x000000c679500000,0x000000c679600000) (1024K)]
  0x0000021f3e971660 WorkerThread "GC Thread#10"                    [id=7644, stack(0x000000c679600000,0x000000c679700000) (1024K)]
  0x0000021f3e971a00 WorkerThread "GC Thread#11"                    [id=23100, stack(0x000000c679700000,0x000000c679800000) (1024K)]
  0x0000021f3e970b80 WorkerThread "GC Thread#12"                    [id=3420, stack(0x000000c679800000,0x000000c679900000) (1024K)]
  0x0000021ebb8c2430 ConcurrentGCThread "G1 Main Marker"            [id=10000, stack(0x000000c677100000,0x000000c677200000) (1024K)]
  0x0000021ebb8c35e0 WorkerThread "G1 Conc#0"                       [id=7496, stack(0x000000c677200000,0x000000c677300000) (1024K)]
  0x0000021f3e970440 WorkerThread "G1 Conc#1"                       [id=7880, stack(0x000000c676c00000,0x000000c676d00000) (1024K)]
  0x0000021f3e9712c0 WorkerThread "G1 Conc#2"                       [id=7684, stack(0x000000c676d00000,0x000000c676e00000) (1024K)]
  0x0000021edb5c5210 ConcurrentGCThread "G1 Refine#0"               [id=20600, stack(0x000000c677300000,0x000000c677400000) (1024K)]
  0x0000021edb5c5a30 ConcurrentGCThread "G1 Service"                [id=22556, stack(0x000000c677400000,0x000000c677500000) (1024K)]
Total: 21

Threads with active compile tasks:
Total: 0

VM state: at safepoint (normal execution)

VM Mutex/Monitor currently owned by a thread:  ([mutex/lock_event])
[0x00007ffcf08e6478] Threads_lock - owner thread: 0x0000021edb71e8b0
[0x00007ffcf08e6578] Heap_lock - owner thread: 0x0000021ebb84f940

Heap address: 0x0000000701200000, size: 4078 MB, Compressed Oops mode: Zero based, Oop shift amount: 3

CDS archive(s) mapped at: [0x0000021edc000000-0x0000021edcc80000-0x0000021edcc80000), size 13107200, SharedBaseAddress: 0x0000021edc000000, ArchiveRelocationMode: 1.
Compressed class space mapped at: 0x0000021edd000000-0x0000021f1d000000, reserved size: 1073741824
Narrow klass base: 0x0000021edc000000, Narrow klass shift: 0, Narrow klass range: 0x100000000

GC Precious Log:
 CardTable entry size: 512
 Card Set container configuration: InlinePtr #cards 4 size 8 Array Of Cards #cards 16 size 48 Howl #buckets 8 coarsen threshold 3686 Howl Bitmap #cards 512 size 80 coarsen threshold 460 Card regions per heap region 1 cards per card region 4096
 CPUs: 16 total, 16 available
 Memory: 16305M
 Large Page Support: Disabled
 NUMA Support: Disabled
 Compressed Oops: Enabled (Zero based)
 Heap Region Size: 2M
 Heap Min Capacity: 8M
 Heap Initial Capacity: 256M
 Heap Max Capacity: 4078M
 Pre-touch: Disabled
 Parallel Workers: 13
 Concurrent Workers: 3
 Concurrent Refinement Workers: 13
 Periodic GC: Disabled

Heap:
 garbage-first heap   total 331776K, used 287860K [0x0000000701200000, 0x0000000800000000)
  region size 2048K, 11 young (22528K), 2 survivors (4096K)
 Metaspace       used 10682K, committed 10944K, reserved 1114112K
  class space    used 772K, committed 896K, reserved 1048576K

Heap Regions: E=young(eden), S=young(survivor), O=old, HS=humongous(starts), HC=humongous(continues), CS=collection set, F=free, TAMS=top-at-mark-start, PB=parsable bottom
|   0|0x0000000701200000, 0x0000000701400000, 0x0000000701400000|100%| O|  |TAMS 0x0000000701400000| PB 0x0000000701200000| Untracked 
|   1|0x0000000701400000, 0x0000000701600000, 0x0000000701600000|100%| O|  |TAMS 0x0000000701600000| PB 0x0000000701400000| Untracked 
|   2|0x0000000701600000, 0x0000000701800000, 0x0000000701800000|100%| O|  |TAMS 0x0000000701800000| PB 0x0000000701600000| Untracked 
|   3|0x0000000701800000, 0x0000000701a00000, 0x0000000701a00000|100%| O|  |TAMS 0x0000000701a00000| PB 0x0000000701800000| Untracked 
|   4|0x0000000701a00000, 0x0000000701c00000, 0x0000000701c00000|100%| O|  |TAMS 0x0000000701c00000| PB 0x0000000701a00000| Untracked 
|   5|0x0000000701c00000, 0x0000000701e00000, 0x0000000701e00000|100%| O|  |TAMS 0x0000000701e00000| PB 0x0000000701c00000| Untracked 
|   6|0x0000000701e00000, 0x0000000702000000, 0x0000000702000000|100%| O|  |TAMS 0x0000000702000000| PB 0x0000000701e00000| Untracked 
|   7|0x0000000702000000, 0x0000000702200000, 0x0000000702200000|100%| O|  |TAMS 0x0000000702200000| PB 0x0000000702000000| Untracked 
|   8|0x0000000702200000, 0x0000000702400000, 0x0000000702400000|100%| O|  |TAMS 0x0000000702400000| PB 0x0000000702200000| Untracked 
|   9|0x0000000702400000, 0x0000000702600000, 0x0000000702600000|100%| O|  |TAMS 0x0000000702600000| PB 0x0000000702400000| Untracked 
|  10|0x0000000702600000, 0x0000000702800000, 0x0000000702800000|100%| O|  |TAMS 0x0000000702800000| PB 0x0000000702600000| Untracked 
|  11|0x0000000702800000, 0x0000000702a00000, 0x0000000702a00000|100%| O|  |TAMS 0x0000000702a00000| PB 0x0000000702800000| Untracked 
|  12|0x0000000702a00000, 0x0000000702c00000, 0x0000000702c00000|100%| O|  |TAMS 0x0000000702c00000| PB 0x0000000702a00000| Untracked 
|  13|0x0000000702c00000, 0x0000000702e00000, 0x0000000702e00000|100%| O|  |TAMS 0x0000000702e00000| PB 0x0000000702c00000| Untracked 
|  14|0x0000000702e00000, 0x0000000703000000, 0x0000000703000000|100%| O|  |TAMS 0x0000000703000000| PB 0x0000000702e00000| Untracked 
|  15|0x0000000703000000, 0x0000000703200000, 0x0000000703200000|100%| O|  |TAMS 0x0000000703200000| PB 0x0000000703000000| Untracked 
|  16|0x0000000703200000, 0x0000000703400000, 0x0000000703400000|100%| O|  |TAMS 0x0000000703400000| PB 0x0000000703200000| Untracked 
|  17|0x0000000703400000, 0x0000000703600000, 0x0000000703600000|100%| O|  |TAMS 0x0000000703600000| PB 0x0000000703400000| Untracked 
|  18|0x0000000703600000, 0x0000000703800000, 0x0000000703800000|100%| O|  |TAMS 0x0000000703800000| PB 0x0000000703600000| Untracked 
|  19|0x0000000703800000, 0x0000000703a00000, 0x0000000703a00000|100%| O|  |TAMS 0x0000000703a00000| PB 0x0000000703800000| Untracked 
|  20|0x0000000703a00000, 0x0000000703c00000, 0x0000000703c00000|100%| O|  |TAMS 0x0000000703c00000| PB 0x0000000703a00000| Untracked 
|  21|0x0000000703c00000, 0x0000000703e00000, 0x0000000703e00000|100%| O|  |TAMS 0x0000000703e00000| PB 0x0000000703c00000| Untracked 
|  22|0x0000000703e00000, 0x0000000704000000, 0x0000000704000000|100%| O|  |TAMS 0x0000000704000000| PB 0x0000000703e00000| Untracked 
|  23|0x0000000704000000, 0x0000000704200000, 0x0000000704200000|100%| O|  |TAMS 0x0000000704200000| PB 0x0000000704000000| Untracked 
|  24|0x0000000704200000, 0x0000000704400000, 0x0000000704400000|100%| O|  |TAMS 0x0000000704400000| PB 0x0000000704200000| Untracked 
|  25|0x0000000704400000, 0x0000000704600000, 0x0000000704600000|100%| O|  |TAMS 0x0000000704600000| PB 0x0000000704400000| Untracked 
|  26|0x0000000704600000, 0x0000000704800000, 0x0000000704800000|100%| O|  |TAMS 0x0000000704800000| PB 0x0000000704600000| Untracked 
|  27|0x0000000704800000, 0x0000000704a00000, 0x0000000704a00000|100%| O|  |TAMS 0x0000000704a00000| PB 0x0000000704800000| Untracked 
|  28|0x0000000704a00000, 0x0000000704c00000, 0x0000000704c00000|100%| O|  |TAMS 0x0000000704c00000| PB 0x0000000704a00000| Untracked 
|  29|0x0000000704c00000, 0x0000000704e00000, 0x0000000704e00000|100%| O|  |TAMS 0x0000000704e00000| PB 0x0000000704c00000| Untracked 
|  30|0x0000000704e00000, 0x0000000705000000, 0x0000000705000000|100%| O|  |TAMS 0x0000000705000000| PB 0x0000000704e00000| Untracked 
|  31|0x0000000705000000, 0x0000000705200000, 0x0000000705200000|100%| O|  |TAMS 0x0000000705200000| PB 0x0000000705000000| Untracked 
|  32|0x0000000705200000, 0x0000000705400000, 0x0000000705400000|100%| O|  |TAMS 0x0000000705400000| PB 0x0000000705200000| Untracked 
|  33|0x0000000705400000, 0x0000000705600000, 0x0000000705600000|100%| O|  |TAMS 0x0000000705600000| PB 0x0000000705400000| Untracked 
|  34|0x0000000705600000, 0x0000000705800000, 0x0000000705800000|100%| O|  |TAMS 0x0000000705800000| PB 0x0000000705600000| Untracked 
|  35|0x0000000705800000, 0x0000000705a00000, 0x0000000705a00000|100%| O|  |TAMS 0x0000000705a00000| PB 0x0000000705800000| Untracked 
|  36|0x0000000705a00000, 0x0000000705c00000, 0x0000000705c00000|100%| O|  |TAMS 0x0000000705c00000| PB 0x0000000705a00000| Untracked 
|  37|0x0000000705c00000, 0x0000000705e00000, 0x0000000705e00000|100%| O|  |TAMS 0x0000000705e00000| PB 0x0000000705c00000| Untracked 
|  38|0x0000000705e00000, 0x0000000706000000, 0x0000000706000000|100%| O|  |TAMS 0x0000000706000000| PB 0x0000000705e00000| Untracked 
|  39|0x0000000706000000, 0x0000000706200000, 0x0000000706200000|100%| O|  |TAMS 0x0000000706200000| PB 0x0000000706000000| Untracked 
|  40|0x0000000706200000, 0x0000000706400000, 0x0000000706400000|100%| O|  |TAMS 0x0000000706400000| PB 0x0000000706200000| Untracked 
|  41|0x0000000706400000, 0x0000000706600000, 0x0000000706600000|100%| O|  |TAMS 0x0000000706600000| PB 0x0000000706400000| Untracked 
|  42|0x0000000706600000, 0x0000000706800000, 0x0000000706800000|100%| O|  |TAMS 0x0000000706800000| PB 0x0000000706600000| Untracked 
|  43|0x0000000706800000, 0x0000000706a00000, 0x0000000706a00000|100%| O|  |TAMS 0x0000000706a00000| PB 0x0000000706800000| Untracked 
|  44|0x0000000706a00000, 0x0000000706c00000, 0x0000000706c00000|100%| O|  |TAMS 0x0000000706c00000| PB 0x0000000706a00000| Untracked 
|  45|0x0000000706c00000, 0x0000000706e00000, 0x0000000706e00000|100%| O|  |TAMS 0x0000000706e00000| PB 0x0000000706c00000| Untracked 
|  46|0x0000000706e00000, 0x0000000707000000, 0x0000000707000000|100%| O|  |TAMS 0x0000000707000000| PB 0x0000000706e00000| Untracked 
|  47|0x0000000707000000, 0x0000000707200000, 0x0000000707200000|100%| O|  |TAMS 0x0000000707200000| PB 0x0000000707000000| Untracked 
|  48|0x0000000707200000, 0x0000000707400000, 0x0000000707400000|100%| O|  |TAMS 0x0000000707400000| PB 0x0000000707200000| Untracked 
|  49|0x0000000707400000, 0x0000000707600000, 0x0000000707600000|100%| O|  |TAMS 0x0000000707600000| PB 0x0000000707400000| Untracked 
|  50|0x0000000707600000, 0x0000000707800000, 0x0000000707800000|100%| O|  |TAMS 0x0000000707800000| PB 0x0000000707600000| Untracked 
|  51|0x0000000707800000, 0x0000000707a00000, 0x0000000707a00000|100%| O|  |TAMS 0x0000000707a00000| PB 0x0000000707800000| Untracked 
|  52|0x0000000707a00000, 0x0000000707c00000, 0x0000000707c00000|100%| O|  |TAMS 0x0000000707c00000| PB 0x0000000707a00000| Untracked 
|  53|0x0000000707c00000, 0x0000000707e00000, 0x0000000707e00000|100%| O|  |TAMS 0x0000000707e00000| PB 0x0000000707c00000| Untracked 
|  54|0x0000000707e00000, 0x0000000708000000, 0x0000000708000000|100%| O|  |TAMS 0x0000000708000000| PB 0x0000000707e00000| Untracked 
|  55|0x0000000708000000, 0x0000000708200000, 0x0000000708200000|100%| O|  |TAMS 0x0000000708200000| PB 0x0000000708000000| Untracked 
|  56|0x0000000708200000, 0x0000000708400000, 0x0000000708400000|100%| O|  |TAMS 0x0000000708400000| PB 0x0000000708200000| Untracked 
|  57|0x0000000708400000, 0x0000000708600000, 0x0000000708600000|100%| O|  |TAMS 0x0000000708600000| PB 0x0000000708400000| Untracked 
|  58|0x0000000708600000, 0x0000000708800000, 0x0000000708800000|100%| O|  |TAMS 0x0000000708800000| PB 0x0000000708600000| Untracked 
|  59|0x0000000708800000, 0x0000000708a00000, 0x0000000708a00000|100%| O|  |TAMS 0x0000000708a00000| PB 0x0000000708800000| Untracked 
|  60|0x0000000708a00000, 0x0000000708c00000, 0x0000000708c00000|100%| O|  |TAMS 0x0000000708c00000| PB 0x0000000708a00000| Untracked 
|  61|0x0000000708c00000, 0x0000000708e00000, 0x0000000708e00000|100%| O|  |TAMS 0x0000000708e00000| PB 0x0000000708c00000| Untracked 
|  62|0x0000000708e00000, 0x0000000709000000, 0x0000000709000000|100%| O|  |TAMS 0x0000000709000000| PB 0x0000000708e00000| Untracked 
|  63|0x0000000709000000, 0x0000000709200000, 0x0000000709200000|100%| O|  |TAMS 0x0000000709200000| PB 0x0000000709000000| Untracked 
|  64|0x0000000709200000, 0x0000000709400000, 0x0000000709400000|100%| O|  |TAMS 0x0000000709400000| PB 0x0000000709200000| Untracked 
|  65|0x0000000709400000, 0x0000000709600000, 0x0000000709600000|100%| O|  |TAMS 0x0000000709600000| PB 0x0000000709400000| Untracked 
|  66|0x0000000709600000, 0x0000000709800000, 0x0000000709800000|100%| O|  |TAMS 0x0000000709800000| PB 0x0000000709600000| Untracked 
|  67|0x0000000709800000, 0x0000000709a00000, 0x0000000709a00000|100%| O|  |TAMS 0x0000000709a00000| PB 0x0000000709800000| Untracked 
|  68|0x0000000709a00000, 0x0000000709c00000, 0x0000000709c00000|100%| O|  |TAMS 0x0000000709c00000| PB 0x0000000709a00000| Untracked 
|  69|0x0000000709c00000, 0x0000000709e00000, 0x0000000709e00000|100%| O|  |TAMS 0x0000000709e00000| PB 0x0000000709c00000| Untracked 
|  70|0x0000000709e00000, 0x000000070a000000, 0x000000070a000000|100%| O|  |TAMS 0x000000070a000000| PB 0x0000000709e00000| Untracked 
|  71|0x000000070a000000, 0x000000070a200000, 0x000000070a200000|100%| O|  |TAMS 0x000000070a200000| PB 0x000000070a000000| Untracked 
|  72|0x000000070a200000, 0x000000070a400000, 0x000000070a400000|100%| O|  |TAMS 0x000000070a400000| PB 0x000000070a200000| Untracked 
|  73|0x000000070a400000, 0x000000070a600000, 0x000000070a600000|100%| O|  |TAMS 0x000000070a600000| PB 0x000000070a400000| Untracked 
|  74|0x000000070a600000, 0x000000070a800000, 0x000000070a800000|100%| O|  |TAMS 0x000000070a800000| PB 0x000000070a600000| Untracked 
|  75|0x000000070a800000, 0x000000070aa00000, 0x000000070aa00000|100%| O|  |TAMS 0x000000070aa00000| PB 0x000000070a800000| Untracked 
|  76|0x000000070aa00000, 0x000000070ac00000, 0x000000070ac00000|100%| O|  |TAMS 0x000000070ac00000| PB 0x000000070aa00000| Untracked 
|  77|0x000000070ac00000, 0x000000070ae00000, 0x000000070ae00000|100%| O|  |TAMS 0x000000070ae00000| PB 0x000000070ac00000| Untracked 
|  78|0x000000070ae00000, 0x000000070b000000, 0x000000070b000000|100%| O|  |TAMS 0x000000070b000000| PB 0x000000070ae00000| Untracked 
|  79|0x000000070b000000, 0x000000070b200000, 0x000000070b200000|100%| O|  |TAMS 0x000000070b200000| PB 0x000000070b000000| Untracked 
|  80|0x000000070b200000, 0x000000070b400000, 0x000000070b400000|100%| O|  |TAMS 0x000000070b400000| PB 0x000000070b200000| Untracked 
|  81|0x000000070b400000, 0x000000070b600000, 0x000000070b600000|100%| O|  |TAMS 0x000000070b600000| PB 0x000000070b400000| Untracked 
|  82|0x000000070b600000, 0x000000070b800000, 0x000000070b800000|100%| O|  |TAMS 0x000000070b800000| PB 0x000000070b600000| Untracked 
|  83|0x000000070b800000, 0x000000070ba00000, 0x000000070ba00000|100%| O|  |TAMS 0x000000070ba00000| PB 0x000000070b800000| Untracked 
|  84|0x000000070ba00000, 0x000000070bc00000, 0x000000070bc00000|100%| O|  |TAMS 0x000000070bc00000| PB 0x000000070ba00000| Untracked 
|  85|0x000000070bc00000, 0x000000070be00000, 0x000000070be00000|100%| O|  |TAMS 0x000000070be00000| PB 0x000000070bc00000| Untracked 
|  86|0x000000070be00000, 0x000000070c000000, 0x000000070c000000|100%| O|  |TAMS 0x000000070c000000| PB 0x000000070be00000| Untracked 
|  87|0x000000070c000000, 0x000000070c200000, 0x000000070c200000|100%| O|  |TAMS 0x000000070c200000| PB 0x000000070c000000| Untracked 
|  88|0x000000070c200000, 0x000000070c400000, 0x000000070c400000|100%| O|  |TAMS 0x000000070c400000| PB 0x000000070c200000| Untracked 
|  89|0x000000070c400000, 0x000000070c600000, 0x000000070c600000|100%| O|  |TAMS 0x000000070c600000| PB 0x000000070c400000| Untracked 
|  90|0x000000070c600000, 0x000000070c800000, 0x000000070c800000|100%| O|  |TAMS 0x000000070c800000| PB 0x000000070c600000| Untracked 
|  91|0x000000070c800000, 0x000000070ca00000, 0x000000070ca00000|100%| O|  |TAMS 0x000000070ca00000| PB 0x000000070c800000| Untracked 
|  92|0x000000070ca00000, 0x000000070cc00000, 0x000000070cc00000|100%| O|  |TAMS 0x000000070cc00000| PB 0x000000070ca00000| Untracked 
|  93|0x000000070cc00000, 0x000000070ce00000, 0x000000070ce00000|100%| O|  |TAMS 0x000000070ce00000| PB 0x000000070cc00000| Untracked 
|  94|0x000000070ce00000, 0x000000070d000000, 0x000000070d000000|100%| O|  |TAMS 0x000000070d000000| PB 0x000000070ce00000| Untracked 
|  95|0x000000070d000000, 0x000000070d200000, 0x000000070d200000|100%| O|  |TAMS 0x000000070d200000| PB 0x000000070d000000| Untracked 
|  96|0x000000070d200000, 0x000000070d400000, 0x000000070d400000|100%| O|  |TAMS 0x000000070d400000| PB 0x000000070d200000| Untracked 
|  97|0x000000070d400000, 0x000000070d600000, 0x000000070d600000|100%| O|  |TAMS 0x000000070d600000| PB 0x000000070d400000| Untracked 
|  98|0x000000070d600000, 0x000000070d800000, 0x000000070d800000|100%| O|  |TAMS 0x000000070d800000| PB 0x000000070d600000| Untracked 
|  99|0x000000070d800000, 0x000000070da00000, 0x000000070da00000|100%| O|  |TAMS 0x000000070da00000| PB 0x000000070d800000| Untracked 
| 100|0x000000070da00000, 0x000000070dc00000, 0x000000070dc00000|100%| O|  |TAMS 0x000000070dc00000| PB 0x000000070da00000| Untracked 
| 101|0x000000070dc00000, 0x000000070de00000, 0x000000070de00000|100%| O|  |TAMS 0x000000070de00000| PB 0x000000070dc00000| Untracked 
| 102|0x000000070de00000, 0x000000070e000000, 0x000000070e000000|100%| O|  |TAMS 0x000000070e000000| PB 0x000000070de00000| Untracked 
| 103|0x000000070e000000, 0x000000070e200000, 0x000000070e200000|100%| O|  |TAMS 0x000000070e200000| PB 0x000000070e000000| Untracked 
| 104|0x000000070e200000, 0x000000070e400000, 0x000000070e400000|100%| O|  |TAMS 0x000000070e400000| PB 0x000000070e200000| Untracked 
| 105|0x000000070e400000, 0x000000070e600000, 0x000000070e600000|100%| O|  |TAMS 0x000000070e600000| PB 0x000000070e400000| Untracked 
| 106|0x000000070e600000, 0x000000070e800000, 0x000000070e800000|100%| O|  |TAMS 0x000000070e800000| PB 0x000000070e600000| Untracked 
| 107|0x000000070e800000, 0x000000070ea00000, 0x000000070ea00000|100%| O|  |TAMS 0x000000070ea00000| PB 0x000000070e800000| Untracked 
| 108|0x000000070ea00000, 0x000000070ec00000, 0x000000070ec00000|100%| O|  |TAMS 0x000000070ec00000| PB 0x000000070ea00000| Untracked 
| 109|0x000000070ec00000, 0x000000070ee00000, 0x000000070ee00000|100%| O|  |TAMS 0x000000070ee00000| PB 0x000000070ec00000| Untracked 
| 110|0x000000070ee00000, 0x000000070f000000, 0x000000070f000000|100%| O|  |TAMS 0x000000070f000000| PB 0x000000070ee00000| Untracked 
| 111|0x000000070f000000, 0x000000070f200000, 0x000000070f200000|100%| O|  |TAMS 0x000000070f200000| PB 0x000000070f000000| Untracked 
| 112|0x000000070f200000, 0x000000070f400000, 0x000000070f400000|100%| O|  |TAMS 0x000000070f400000| PB 0x000000070f200000| Untracked 
| 113|0x000000070f400000, 0x000000070f600000, 0x000000070f600000|100%| O|  |TAMS 0x000000070f600000| PB 0x000000070f400000| Untracked 
| 114|0x000000070f600000, 0x000000070f800000, 0x000000070f800000|100%| O|  |TAMS 0x000000070f800000| PB 0x000000070f600000| Untracked 
| 115|0x000000070f800000, 0x000000070fa00000, 0x000000070fa00000|100%| O|  |TAMS 0x000000070fa00000| PB 0x000000070f800000| Untracked 
| 116|0x000000070fa00000, 0x000000070fc00000, 0x000000070fc00000|100%| O|  |TAMS 0x000000070fc00000| PB 0x000000070fa00000| Untracked 
| 117|0x000000070fc00000, 0x000000070fe00000, 0x000000070fe00000|100%| O|  |TAMS 0x000000070fe00000| PB 0x000000070fc00000| Untracked 
| 118|0x000000070fe00000, 0x0000000710000000, 0x0000000710000000|100%| O|  |TAMS 0x0000000710000000| PB 0x000000070fe00000| Untracked 
| 119|0x0000000710000000, 0x0000000710200000, 0x0000000710200000|100%| O|  |TAMS 0x0000000710200000| PB 0x0000000710000000| Untracked 
| 120|0x0000000710200000, 0x0000000710400000, 0x0000000710400000|100%| O|  |TAMS 0x0000000710400000| PB 0x0000000710200000| Untracked 
| 121|0x0000000710400000, 0x0000000710600000, 0x0000000710600000|100%| O|  |TAMS 0x0000000710600000| PB 0x0000000710400000| Untracked 
| 122|0x0000000710600000, 0x0000000710800000, 0x0000000710800000|100%| O|  |TAMS 0x0000000710800000| PB 0x0000000710600000| Untracked 
| 123|0x0000000710800000, 0x0000000710a00000, 0x0000000710a00000|100%| O|  |TAMS 0x0000000710a00000| PB 0x0000000710800000| Untracked 
| 124|0x0000000710a00000, 0x0000000710c00000, 0x0000000710c00000|100%| O|  |TAMS 0x0000000710c00000| PB 0x0000000710a00000| Untracked 
| 125|0x0000000710c00000, 0x0000000710e00000, 0x0000000710e00000|100%| O|  |TAMS 0x0000000710e00000| PB 0x0000000710c00000| Untracked 
| 126|0x0000000710e00000, 0x0000000711000000, 0x0000000711000000|100%| O|  |TAMS 0x0000000711000000| PB 0x0000000710e00000| Untracked 
| 127|0x0000000711000000, 0x0000000711200000, 0x0000000711200000|100%| O|  |TAMS 0x0000000711200000| PB 0x0000000711000000| Untracked 
| 128|0x0000000711200000, 0x0000000711400000, 0x0000000711400000|100%| O|  |TAMS 0x0000000711400000| PB 0x0000000711200000| Untracked 
| 129|0x0000000711400000, 0x0000000711600000, 0x0000000711600000|100%| O|  |TAMS 0x000000071151d1a0| PB 0x0000000711400000| Untracked 
| 130|0x0000000711600000, 0x0000000711800000, 0x0000000711800000|100%| O|  |TAMS 0x0000000711600000| PB 0x0000000711600000| Untracked 
| 131|0x0000000711800000, 0x0000000711a00000, 0x0000000711a00000|100%| O|  |TAMS 0x0000000711800000| PB 0x0000000711800000| Untracked 
| 132|0x0000000711a00000, 0x0000000711c00000, 0x0000000711c00000|100%| O|  |TAMS 0x0000000711a00000| PB 0x0000000711a00000| Untracked 
| 133|0x0000000711c00000, 0x0000000711e00000, 0x0000000711e00000|100%| O|  |TAMS 0x0000000711c00000| PB 0x0000000711c00000| Untracked 
| 134|0x0000000711e00000, 0x0000000711fd7bc0, 0x0000000712000000| 92%| O|  |TAMS 0x0000000711e00000| PB 0x0000000711e00000| Untracked 
| 135|0x0000000712000000, 0x0000000712000000, 0x0000000712200000|  0%| F|  |TAMS 0x0000000712000000| PB 0x0000000712000000| Untracked 
| 136|0x0000000712200000, 0x0000000712200000, 0x0000000712400000|  0%| F|  |TAMS 0x0000000712200000| PB 0x0000000712200000| Untracked 
| 137|0x0000000712400000, 0x0000000712400000, 0x0000000712600000|  0%| F|  |TAMS 0x0000000712400000| PB 0x0000000712400000| Untracked 
| 138|0x0000000712600000, 0x0000000712600000, 0x0000000712800000|  0%| F|  |TAMS 0x0000000712600000| PB 0x0000000712600000| Untracked 
| 139|0x0000000712800000, 0x0000000712800000, 0x0000000712a00000|  0%| F|  |TAMS 0x0000000712800000| PB 0x0000000712800000| Untracked 
| 140|0x0000000712a00000, 0x0000000712a00000, 0x0000000712c00000|  0%| F|  |TAMS 0x0000000712a00000| PB 0x0000000712a00000| Untracked 
| 141|0x0000000712c00000, 0x0000000712c00000, 0x0000000712e00000|  0%| F|  |TAMS 0x0000000712c00000| PB 0x0000000712c00000| Untracked 
| 142|0x0000000712e00000, 0x0000000712e00000, 0x0000000713000000|  0%| F|  |TAMS 0x0000000712e00000| PB 0x0000000712e00000| Untracked 
| 143|0x0000000713000000, 0x0000000713000000, 0x0000000713200000|  0%| F|  |TAMS 0x0000000713000000| PB 0x0000000713000000| Untracked 
| 144|0x0000000713200000, 0x0000000713200000, 0x0000000713400000|  0%| F|  |TAMS 0x0000000713200000| PB 0x0000000713200000| Untracked 
| 145|0x0000000713400000, 0x0000000713400000, 0x0000000713600000|  0%| F|  |TAMS 0x0000000713400000| PB 0x0000000713400000| Untracked 
| 146|0x0000000713600000, 0x0000000713600000, 0x0000000713800000|  0%| F|  |TAMS 0x0000000713600000| PB 0x0000000713600000| Untracked 
| 147|0x0000000713800000, 0x0000000713800000, 0x0000000713a00000|  0%| F|  |TAMS 0x0000000713800000| PB 0x0000000713800000| Untracked 
| 148|0x0000000713a00000, 0x0000000713c00000, 0x0000000713c00000|100%| E|CS|TAMS 0x0000000713a00000| PB 0x0000000713a00000| Complete 
| 149|0x0000000713c00000, 0x0000000713e00000, 0x0000000713e00000|100%| E|CS|TAMS 0x0000000713c00000| PB 0x0000000713c00000| Complete 
| 150|0x0000000713e00000, 0x0000000713e00000, 0x0000000714000000|  0%| F|  |TAMS 0x0000000713e00000| PB 0x0000000713e00000| Untracked 
| 151|0x0000000714000000, 0x0000000714200000, 0x0000000714200000|100%| S|  |TAMS 0x0000000714000000| PB 0x0000000714000000| Complete 
| 152|0x0000000714200000, 0x0000000714400000, 0x0000000714400000|100%| S|  |TAMS 0x0000000714200000| PB 0x0000000714200000| Complete 
| 153|0x0000000714400000, 0x0000000714600000, 0x0000000714600000|100%| E|CS|TAMS 0x0000000714400000| PB 0x0000000714400000| Complete 
| 154|0x0000000714600000, 0x0000000714800000, 0x0000000714800000|100%| E|CS|TAMS 0x0000000714600000| PB 0x0000000714600000| Complete 
| 155|0x0000000714800000, 0x0000000714a00000, 0x0000000714a00000|100%| E|CS|TAMS 0x0000000714800000| PB 0x0000000714800000| Complete 
| 156|0x0000000714a00000, 0x0000000714c00000, 0x0000000714c00000|100%| E|CS|TAMS 0x0000000714a00000| PB 0x0000000714a00000| Complete 
| 157|0x0000000714c00000, 0x0000000714e00000, 0x0000000714e00000|100%| E|CS|TAMS 0x0000000714c00000| PB 0x0000000714c00000| Complete 
| 158|0x0000000714e00000, 0x0000000715000000, 0x0000000715000000|100%| E|CS|TAMS 0x0000000714e00000| PB 0x0000000714e00000| Complete 
| 159|0x0000000715000000, 0x0000000715200000, 0x0000000715200000|100%| E|CS|TAMS 0x0000000715000000| PB 0x0000000715000000| Complete 
| 160|0x0000000715200000, 0x0000000715400000, 0x0000000715400000|100%| E|CS|TAMS 0x0000000715200000| PB 0x0000000715200000| Complete 
| 161|0x0000000715400000, 0x0000000715600000, 0x0000000715600000|100%| E|CS|TAMS 0x0000000715400000| PB 0x0000000715400000| Complete 

Card table byte_map: [0x0000021ed3fc0000,0x0000021ed47c0000] _byte_map_base: 0x0000021ed07b7000

Marking Bits: (CMBitMap*) 0x0000021ebb8b05f0
 Bits: [0x0000021ed47c0000, 0x0000021ed8778000)

Polling page: 0x0000021eb96c0000

Metaspace:

Usage:
  Non-class:      9.68 MB used.
      Class:    772.38 KB used.
       Both:     10.43 MB used.

Virtual space:
  Non-class space:       64.00 MB reserved,       9.81 MB ( 15%) committed,  1 nodes.
      Class space:        1.00 GB reserved,     896.00 KB ( <1%) committed,  1 nodes.
             Both:        1.06 GB reserved,      10.69 MB ( <1%) committed. 

Chunk freelists:
   Non-Class:  5.14 MB
       Class:  15.17 MB
        Both:  20.31 MB

MaxMetaspaceSize: unlimited
CompressedClassSpaceSize: 1.00 GB
Initial GC threshold: 21.00 MB
Current GC threshold: 21.00 MB
CDS: on
 - commit_granule_bytes: 65536.
 - commit_granule_words: 8192.
 - virtual_space_node_default_size: 8388608.
 - enlarge_chunks_in_place: 1.
 - use_allocation_guard: 0.


Internal statistics:

num_allocs_failed_limit: 0.
num_arena_births: 160.
num_arena_deaths: 0.
num_vsnodes_births: 2.
num_vsnodes_deaths: 0.
num_space_committed: 169.
num_space_uncommitted: 0.
num_chunks_returned_to_freelist: 0.
num_chunks_taken_from_freelist: 470.
num_chunk_merges: 0.
num_chunk_splits: 337.
num_chunks_enlarged: 250.
num_inconsistent_stats: 0.

CodeHeap 'non-profiled nmethods': size=119168Kb used=781Kb max_used=860Kb free=118386Kb
 bounds [0x0000021ecbae0000, 0x0000021ecbd50000, 0x0000021ed2f40000]
CodeHeap 'profiled nmethods': size=119104Kb used=2565Kb max_used=3329Kb free=116539Kb
 bounds [0x0000021ec3f40000, 0x0000021ec4290000, 0x0000021ecb390000]
CodeHeap 'non-nmethods': size=7488Kb used=2221Kb max_used=3939Kb free=5266Kb
 bounds [0x0000021ecb390000, 0x0000021ecb770000, 0x0000021ecbae0000]
 total_blobs=2787 nmethods=1616 adapters=1076
 compilation: enabled
              stopped_count=0, restarted_count=0
 full_count=0

Compilation events (20 events):
Event: 4.258 Thread 0x0000021edb748540 1884       4       org.lwjgl.opengl.GL::checkCapabilities (22 bytes)
Event: 4.258 Thread 0x0000021edb748540 nmethod 1884 0x0000021ecbbb0510 code [0x0000021ecbbb06a0, 0x0000021ecbbb0728]
Event: 4.266 Thread 0x0000021edb748540 1885       4       org.lwjgl.system.Checks::check (16 bytes)
Event: 4.266 Thread 0x0000021edb748540 nmethod 1885 0x0000021ecbbb0810 code [0x0000021ecbbb09a0, 0x0000021ecbbb0a40]
Event: 14.798 Thread 0x0000021edb74ab50 1886 % !   3       jade.Window::loop @ 24 (210 bytes)
Event: 14.799 Thread 0x0000021edb74ab50 nmethod 1886% 0x0000021ec427a090 code [0x0000021ec427a500, 0x0000021ec427b9e8]
Event: 14.983 Thread 0x0000021edb74ab50 1887   !   3       jade.Window::loop (210 bytes)
Event: 14.984 Thread 0x0000021edb74ab50 nmethod 1887 0x0000021ec427c410 code [0x0000021ec427c880, 0x0000021ec427dc58]
Event: 22.326 Thread 0x0000021edb748540 1888 % !   4       jade.Window::loop @ 24 (210 bytes)
Event: 22.344 Thread 0x0000021edb748540 nmethod 1888% 0x0000021ecbbb0b10 code [0x0000021ecbbb0f20, 0x0000021ecbbb24a0]
Event: 30.926 Thread 0x0000021edb74ab50 1889 % !   3       java.lang.ref.Reference::processPendingReferences @ 27 (118 bytes)
Event: 30.926 Thread 0x0000021edb74ab50 nmethod 1889% 0x0000021ec427e610 code [0x0000021ec427e880, 0x0000021ec427f2a8]
Event: 30.927 Thread 0x0000021edb74ab50 1890   !   3       java.lang.ref.Reference::processPendingReferences (118 bytes)
Event: 30.927 Thread 0x0000021edb74ab50 nmethod 1890 0x0000021ec427f590 code [0x0000021ec427f7e0, 0x0000021ec4280198]
Event: 30.931 Thread 0x0000021edb748540 1891 % !   4       java.lang.ref.Reference::processPendingReferences @ 27 (118 bytes)
Event: 30.935 Thread 0x0000021edb748540 nmethod 1891% 0x0000021ecbbb3890 code [0x0000021ecbbb3aa0, 0x0000021ecbbb4540]
Event: 43.425 Thread 0x0000021edb748540 1892 % !   4       java.lang.ref.Reference::processPendingReferences @ 27 (118 bytes)
Event: 43.430 Thread 0x0000021edb748540 nmethod 1892% 0x0000021ecbbb4890 code [0x0000021ecbbb4ac0, 0x0000021ecbbb57d0]
Event: 57.166 Thread 0x0000021edb748540 1893   !   4       java.lang.ref.Reference::processPendingReferences (118 bytes)
Event: 57.171 Thread 0x0000021edb748540 nmethod 1893 0x0000021ecbbb5b10 code [0x0000021ecbbb5d80, 0x0000021ecbbb6c80]

GC Heap History (20 events):
Event: 258.656 GC heap after
{Heap after GC invocations=28 (full 0):
 garbage-first heap   total 290816K, used 209759K [0x0000000701200000, 0x0000000800000000)
  region size 2048K, 3 young (6144K), 3 survivors (6144K)
 Metaspace       used 10682K, committed 10944K, reserved 1114112K
  class space    used 772K, committed 896K, reserved 1048576K
}
Event: 266.825 GC heap before
{Heap before GC invocations=28 (full 0):
 garbage-first heap   total 290816K, used 234335K [0x0000000701200000, 0x0000000800000000)
  region size 2048K, 15 young (30720K), 3 survivors (6144K)
 Metaspace       used 10682K, committed 10944K, reserved 1114112K
  class space    used 772K, committed 896K, reserved 1048576K
}
Event: 266.856 GC heap after
{Heap after GC invocations=29 (full 0):
 garbage-first heap   total 290816K, used 225280K [0x0000000701200000, 0x0000000800000000)
  region size 2048K, 2 young (4096K), 2 survivors (4096K)
 Metaspace       used 10682K, committed 10944K, reserved 1114112K
  class space    used 772K, committed 896K, reserved 1048576K
}
Event: 271.319 GC heap before
{Heap before GC invocations=30 (full 0):
 garbage-first heap   total 331776K, used 210944K [0x0000000701200000, 0x0000000800000000)
  region size 2048K, 8 young (16384K), 2 survivors (4096K)
 Metaspace       used 10682K, committed 10944K, reserved 1114112K
  class space    used 772K, committed 896K, reserved 1048576K
}
Event: 271.336 GC heap after
{Heap after GC invocations=31 (full 0):
 garbage-first heap   total 331776K, used 204669K [0x0000000701200000, 0x0000000800000000)
  region size 2048K, 1 young (2048K), 1 survivors (2048K)
 Metaspace       used 10682K, committed 10944K, reserved 1114112K
  class space    used 772K, committed 896K, reserved 1048576K
}
Event: 287.916 GC heap before
{Heap before GC invocations=31 (full 0):
 garbage-first heap   total 331776K, used 251773K [0x0000000701200000, 0x0000000800000000)
  region size 2048K, 24 young (49152K), 1 survivors (2048K)
 Metaspace       used 10682K, committed 10944K, reserved 1114112K
  class space    used 772K, committed 896K, reserved 1048576K
}
Event: 287.979 GC heap after
{Heap after GC invocations=32 (full 0):
 garbage-first heap   total 331776K, used 209915K [0x0000000701200000, 0x0000000800000000)
  region size 2048K, 3 young (6144K), 3 survivors (6144K)
 Metaspace       used 10682K, committed 10944K, reserved 1114112K
  class space    used 772K, committed 896K, reserved 1048576K
}
Event: 302.140 GC heap before
{Heap before GC invocations=32 (full 0):
 garbage-first heap   total 331776K, used 250875K [0x0000000701200000, 0x0000000800000000)
  region size 2048K, 23 young (47104K), 3 survivors (6144K)
 Metaspace       used 10682K, committed 10944K, reserved 1114112K
  class space    used 772K, committed 896K, reserved 1048576K
}
Event: 302.190 GC heap after
{Heap after GC invocations=33 (full 0):
 garbage-first heap   total 331776K, used 206357K [0x0000000701200000, 0x0000000800000000)
  region size 2048K, 3 young (6144K), 3 survivors (6144K)
 Metaspace       used 10682K, committed 10944K, reserved 1114112K
  class space    used 772K, committed 896K, reserved 1048576K
}
Event: 317.007 GC heap before
{Heap before GC invocations=33 (full 0):
 garbage-first heap   total 331776K, used 249365K [0x0000000701200000, 0x0000000800000000)
  region size 2048K, 24 young (49152K), 3 survivors (6144K)
 Metaspace       used 10682K, committed 10944K, reserved 1114112K
  class space    used 772K, committed 896K, reserved 1048576K
}
Event: 317.064 GC heap after
{Heap after GC invocations=34 (full 0):
 garbage-first heap   total 331776K, used 204800K [0x0000000701200000, 0x0000000800000000)
  region size 2048K, 3 young (6144K), 3 survivors (6144K)
 Metaspace       used 10682K, committed 10944K, reserved 1114112K
  class space    used 772K, committed 896K, reserved 1048576K
}
Event: 332.454 GC heap before
{Heap before GC invocations=34 (full 0):
 garbage-first heap   total 331776K, used 247808K [0x0000000701200000, 0x0000000800000000)
  region size 2048K, 24 young (49152K), 3 survivors (6144K)
 Metaspace       used 10682K, committed 10944K, reserved 1114112K
  class space    used 772K, committed 896K, reserved 1048576K
}
Event: 332.509 GC heap after
{Heap after GC invocations=35 (full 0):
 garbage-first heap   total 331776K, used 205661K [0x0000000701200000, 0x0000000800000000)
  region size 2048K, 3 young (6144K), 3 survivors (6144K)
 Metaspace       used 10682K, committed 10944K, reserved 1114112K
  class space    used 772K, committed 896K, reserved 1048576K
}
Event: 346.620 GC heap before
{Heap before GC invocations=35 (full 0):
 garbage-first heap   total 331776K, used 246621K [0x0000000701200000, 0x0000000800000000)
  region size 2048K, 23 young (47104K), 3 survivors (6144K)
 Metaspace       used 10682K, committed 10944K, reserved 1114112K
  class space    used 772K, committed 896K, reserved 1048576K
}
Event: 346.676 GC heap after
{Heap after GC invocations=36 (full 0):
 garbage-first heap   total 331776K, used 235520K [0x0000000701200000, 0x0000000800000000)
  region size 2048K, 3 young (6144K), 3 survivors (6144K)
 Metaspace       used 10682K, committed 10944K, reserved 1114112K
  class space    used 772K, committed 896K, reserved 1048576K
}
Event: 357.511 GC heap before
{Heap before GC invocations=36 (full 0):
 garbage-first heap   total 331776K, used 266240K [0x0000000701200000, 0x0000000800000000)
  region size 2048K, 18 young (36864K), 3 survivors (6144K)
 Metaspace       used 10682K, committed 10944K, reserved 1114112K
  class space    used 772K, committed 896K, reserved 1048576K
}
Event: 357.551 GC heap after
{Heap after GC invocations=37 (full 0):
 garbage-first heap   total 331776K, used 254748K [0x0000000701200000, 0x0000000800000000)
  region size 2048K, 3 young (6144K), 3 survivors (6144K)
 Metaspace       used 10682K, committed 10944K, reserved 1114112K
  class space    used 772K, committed 896K, reserved 1048576K
}
Event: 366.230 GC heap before
{Heap before GC invocations=37 (full 0):
 garbage-first heap   total 331776K, used 279324K [0x0000000701200000, 0x0000000800000000)
  region size 2048K, 15 young (30720K), 3 survivors (6144K)
 Metaspace       used 10682K, committed 10944K, reserved 1114112K
  class space    used 772K, committed 896K, reserved 1048576K
}
Event: 366.263 GC heap after
{Heap after GC invocations=38 (full 0):
 garbage-first heap   total 331776K, used 269428K [0x0000000701200000, 0x0000000800000000)
  region size 2048K, 2 young (4096K), 2 survivors (4096K)
 Metaspace       used 10682K, committed 10944K, reserved 1114112K
  class space    used 772K, committed 896K, reserved 1048576K
}
Event: 372.869 GC heap before
{Heap before GC invocations=38 (full 0):
 garbage-first heap   total 331776K, used 287860K [0x0000000701200000, 0x0000000800000000)
  region size 2048K, 11 young (22528K), 2 survivors (4096K)
 Metaspace       used 10682K, committed 10944K, reserved 1114112K
  class space    used 772K, committed 896K, reserved 1048576K
}

Dll operation events (11 events):
Event: 0.005 Loaded shared library C:\Users\User\.jdks\ms-21.0.7\bin\java.dll
Event: 0.024 Loaded shared library C:\Users\User\.jdks\ms-21.0.7\bin\jsvml.dll
Event: 0.035 Loaded shared library C:\Users\User\.jdks\ms-21.0.7\bin\net.dll
Event: 0.037 Loaded shared library C:\Users\User\.jdks\ms-21.0.7\bin\nio.dll
Event: 0.039 Loaded shared library C:\Users\User\.jdks\ms-21.0.7\bin\zip.dll
Event: 0.082 Loaded shared library C:\Users\User\.jdks\ms-21.0.7\bin\verify.dll
Event: 0.122 Loaded shared library C:\Users\User\.jdks\ms-21.0.7\bin\jimage.dll
Event: 0.137 Loaded shared library C:\Users\User\AppData\Local\Temp\lwjgl_User\3.3.3+5\x64\lwjgl.dll
Event: 0.492 Loaded shared library C:\Users\User\AppData\Local\Temp\lwjgl_User\3.3.3+5\x64\lwjgl_opengl.dll
Event: 0.975 Loaded shared library C:\Users\User\AppData\Local\Temp\lwjgl_User\3.3.3+5\x64\lwjgl_stb.dll
Event: 1.635 Loaded shared library C:\Users\User\.jdks\ms-21.0.7\bin\extnet.dll

Deoptimization events (20 events):
Event: 1.775 Thread 0x0000021ebb84f940 Uncommon trap: trap_request=0xffffff54 fr.pc=0x0000021ecbb82b90 relative=0x0000000000000070
Event: 1.775 Thread 0x0000021ebb84f940 Uncommon trap: reason=speculate_null_assert action=make_not_entrant pc=0x0000021ecbb82b90 method=sun.misc.Unsafe.getLong(Ljava/lang/Object;J)J @ 5 c2
Event: 1.775 Thread 0x0000021ebb84f940 DEOPT PACKING pc=0x0000021ecbb82b90 sp=0x000000c676ffeef0
Event: 1.775 Thread 0x0000021ebb84f940 DEOPT UNPACKING pc=0x0000021ecb3e46a2 sp=0x000000c676ffee78 mode 2
Event: 3.917 Thread 0x0000021ebb84f940 Uncommon trap: trap_request=0xffffff45 fr.pc=0x0000021ecbb90d68 relative=0x00000000000037c8
Event: 3.917 Thread 0x0000021ebb84f940 Uncommon trap: reason=unstable_if action=reinterpret pc=0x0000021ecbb90d68 method=java.nio.Bits.tryReserveMemory(JJ)Z @ 30 c2
Event: 3.917 Thread 0x0000021ebb84f940 DEOPT PACKING pc=0x0000021ecbb90d68 sp=0x000000c676fff190
Event: 3.917 Thread 0x0000021ebb84f940 DEOPT UNPACKING pc=0x0000021ecb3e46a2 sp=0x000000c676ffede0 mode 2
Event: 23.811 Thread 0x0000021ebb84f940 DEOPT PACKING pc=0x0000021ec427b83a sp=0x000000c676fff1f0
Event: 23.811 Thread 0x0000021ebb84f940 DEOPT UNPACKING pc=0x0000021ecb3e4e42 sp=0x000000c676ffe738 mode 0
Event: 30.937 Thread 0x0000021edb738380 DEOPT PACKING pc=0x0000021ec427f177 sp=0x000000c6777ff2e0
Event: 30.937 Thread 0x0000021edb738380 DEOPT UNPACKING pc=0x0000021ecb3e4e42 sp=0x000000c6777fe7a0 mode 0
Event: 30.939 Thread 0x0000021edb738380 Uncommon trap: trap_request=0xffffff45 fr.pc=0x0000021ecbbb44f0 relative=0x0000000000000a50
Event: 30.939 Thread 0x0000021edb738380 Uncommon trap: reason=unstable_if action=reinterpret pc=0x0000021ecbbb44f0 method=java.lang.ref.Reference.processPendingReferences()V @ 28 c2
Event: 30.939 Thread 0x0000021edb738380 DEOPT PACKING pc=0x0000021ecbbb44f0 sp=0x000000c6777ff300
Event: 30.939 Thread 0x0000021edb738380 DEOPT UNPACKING pc=0x0000021ecb3e46a2 sp=0x000000c6777ff2a8 mode 2
Event: 43.430 Thread 0x0000021edb738380 DEOPT PACKING pc=0x0000021ec4280069 sp=0x000000c6777ff300
Event: 43.430 Thread 0x0000021edb738380 DEOPT UNPACKING pc=0x0000021ecb3e4e42 sp=0x000000c6777fe7a0 mode 0
Event: 57.166 Thread 0x0000021edb738380 DEOPT PACKING pc=0x0000021ec4280069 sp=0x000000c6777ff300
Event: 57.166 Thread 0x0000021edb738380 DEOPT UNPACKING pc=0x0000021ecb3e4e42 sp=0x000000c6777fe7a0 mode 0

Classes loaded (20 events):
Event: 1.634 Loading class jdk/net/UnixDomainPrincipal
Event: 1.634 Loading class jdk/net/UnixDomainPrincipal done
Event: 1.634 Loading class jdk/net/ExtendedSocketOptions$PlatformSocketOptions
Event: 1.634 Loading class jdk/net/ExtendedSocketOptions$PlatformSocketOptions done
Event: 1.634 Loading class jdk/net/ExtendedSocketOptions$2
Event: 1.634 Loading class jdk/net/ExtendedSocketOptions$2 done
Event: 1.634 Loading class jdk/internal/util/OperatingSystem
Event: 1.634 Loading class jdk/internal/util/OperatingSystem done
Event: 1.634 Loading class jdk/net/WindowsSocketOptions
Event: 1.634 Loading class jdk/net/WindowsSocketOptions done
Event: 1.635 Loading class jdk/net/ExtendedSocketOptions$1
Event: 1.635 Loading class jdk/net/ExtendedSocketOptions$1 done
Event: 1.636 Loading class java/net/StandardProtocolFamily
Event: 1.636 Loading class java/net/StandardProtocolFamily done
Event: 1.636 Loading class sun/net/NetHooks
Event: 1.636 Loading class sun/net/NetHooks done
Event: 1.637 Loading class java/lang/Thread$ThreadNumbering
Event: 1.637 Loading class java/lang/Thread$ThreadNumbering done
Event: 1.638 Loading class java/net/Socket
Event: 1.639 Loading class java/net/Socket done

Classes unloaded (0 events):
No events

Classes redefined (0 events):
No events

Internal exceptions (20 events):
Event: 0.264 Thread 0x0000021ebb84f940 Exception <a 'sun/nio/fs/WindowsException'{0x0000000710361c18}> (0x0000000710361c18) 
thrown [s\src\hotspot\share\prims\jni.cpp, line 520]
Event: 0.274 Thread 0x0000021ebb84f940 Exception <a 'java/lang/NoSuchMethodError'{0x000000071037f768}: 'int java.lang.invoke.Invokers$Holder.invokeExact_MT(java.lang.Object, java.lang.Object)'> (0x000000071037f768) 
thrown [s\src\hotspot\share\interpreter\linkResolver.cpp, line 773]
Event: 0.458 Thread 0x0000021ebb84f940 Exception <a 'java/lang/NoSuchMethodError'{0x00000007103d9268}: 'void java.lang.invoke.DirectMethodHandle$Holder.invokeStaticInit(java.lang.Object, long, double, double)'> (0x00000007103d9268) 
thrown [s\src\hotspot\share\interpreter\linkResolver.cpp, line 773]
Event: 0.459 Thread 0x0000021ebb84f940 Exception <a 'java/lang/NoSuchMethodError'{0x00000007103e8260}: 'void java.lang.invoke.DirectMethodHandle$Holder.invokeStaticInit(java.lang.Object, long, int, int, int)'> (0x00000007103e8260) 
thrown [s\src\hotspot\share\interpreter\linkResolver.cpp, line 773]
Event: 0.464 Thread 0x0000021ebb84f940 Exception <a 'java/lang/NoSuchMethodError'{0x00000007100008d8}: 'void java.lang.invoke.DirectMethodHandle$Holder.invokeStaticInit(java.lang.Object, long, int, int, int, int)'> (0x00000007100008d8) 
thrown [s\src\hotspot\share\interpreter\linkResolver.cpp, line 773]
Event: 0.488 Thread 0x0000021ebb84f940 Exception <a 'java/lang/NoSuchMethodError'{0x0000000710023b88}: 'void java.lang.System.load(java.lang.String, java.lang.Class)'> (0x0000000710023b88) 
thrown [s\src\hotspot\share\interpreter\linkResolver.cpp, line 773]
Event: 0.488 Thread 0x0000021ebb84f940 Exception <a 'java/lang/NoSuchMethodError'{0x00000007100265f8}: 'void java.lang.System.loadLibrary(java.lang.String, java.lang.Class)'> (0x00000007100265f8) 
thrown [s\src\hotspot\share\interpreter\linkResolver.cpp, line 773]
Event: 0.491 Thread 0x0000021ebb84f940 Exception <a 'sun/nio/fs/WindowsException'{0x0000000710035fd8}> (0x0000000710035fd8) 
thrown [s\src\hotspot\share\prims\jni.cpp, line 520]
Event: 0.491 Thread 0x0000021ebb84f940 Exception <a 'sun/nio/fs/WindowsException'{0x0000000710036368}> (0x0000000710036368) 
thrown [s\src\hotspot\share\prims\jni.cpp, line 520]
Event: 0.495 Thread 0x0000021ebb84f940 Exception <a 'sun/nio/fs/WindowsException'{0x0000000710048200}> (0x0000000710048200) 
thrown [s\src\hotspot\share\prims\jni.cpp, line 520]
Event: 0.495 Thread 0x0000021ebb84f940 Exception <a 'sun/nio/fs/WindowsException'{0x00000007100484d0}> (0x00000007100484d0) 
thrown [s\src\hotspot\share\prims\jni.cpp, line 520]
Event: 0.679 Thread 0x0000021ebb84f940 Exception <a 'sun/nio/fs/WindowsException'{0x0000000710175b00}> (0x0000000710175b00) 
thrown [s\src\hotspot\share\prims\jni.cpp, line 520]
Event: 0.679 Thread 0x0000021ebb84f940 Exception <a 'sun/nio/fs/WindowsException'{0x0000000710175e70}> (0x0000000710175e70) 
thrown [s\src\hotspot\share\prims\jni.cpp, line 520]
Event: 0.732 Thread 0x0000021ebb84f940 Exception <a 'java/lang/NoSuchMethodError'{0x000000070fe14be0}: 'java.lang.Object java.lang.invoke.DirectMethodHandle$Holder.newInvokeSpecial(java.lang.Object, long)'> (0x000000070fe14be0) 
thrown [s\src\hotspot\share\interpreter\linkResolver.cpp, line 773]
Event: 0.957 Thread 0x0000021ebb84f940 Exception <a 'java/lang/NoSuchMethodError'{0x000000070ffff138}: 'void java.lang.invoke.DirectMethodHandle$Holder.invokeStatic(java.lang.Object, java.lang.Object, java.lang.Object, java.lang.Object)'> (0x000000070ffff138) 
thrown [s\src\hotspot\share\interpreter\linkResolver.cpp, line 773]
Event: 0.969 Thread 0x0000021ebb84f940 Exception <a 'java/lang/NoSuchMethodError'{0x000000070fc918c8}: 'void java.lang.System.load(java.lang.String, java.lang.Class)'> (0x000000070fc918c8) 
thrown [s\src\hotspot\share\interpreter\linkResolver.cpp, line 773]
Event: 0.970 Thread 0x0000021ebb84f940 Exception <a 'java/lang/NoSuchMethodError'{0x000000070fc94338}: 'void java.lang.System.loadLibrary(java.lang.String, java.lang.Class)'> (0x000000070fc94338) 
thrown [s\src\hotspot\share\interpreter\linkResolver.cpp, line 773]
Event: 0.974 Thread 0x0000021ebb84f940 Exception <a 'sun/nio/fs/WindowsException'{0x000000070fca3100}> (0x000000070fca3100) 
thrown [s\src\hotspot\share\prims\jni.cpp, line 520]
Event: 0.974 Thread 0x0000021ebb84f940 Exception <a 'sun/nio/fs/WindowsException'{0x000000070fca3470}> (0x000000070fca3470) 
thrown [s\src\hotspot\share\prims\jni.cpp, line 520]
Event: 30.939 Thread 0x0000021edb738380 Implicit null exception at 0x0000021ecbbb3df4 to 0x0000021ecbbb44e4

ZGC Phase Switch (0 events):
No events

VM Operations (20 events):
Event: 300.914 Executing VM operation: HandshakeAllThreads (HandshakeForDeflation) done
Event: 300.914 Executing VM operation: RendezvousGCThreads
Event: 300.914 Executing VM operation: RendezvousGCThreads done
Event: 302.140 Executing VM operation: G1CollectForAllocation (G1 Evacuation Pause)
Event: 302.191 Executing VM operation: G1CollectForAllocation (G1 Evacuation Pause) done
Event: 317.007 Executing VM operation: G1CollectForAllocation (G1 Evacuation Pause)
Event: 317.064 Executing VM operation: G1CollectForAllocation (G1 Evacuation Pause) done
Event: 332.454 Executing VM operation: G1CollectForAllocation (G1 Evacuation Pause)
Event: 332.509 Executing VM operation: G1CollectForAllocation (G1 Evacuation Pause) done
Event: 346.620 Executing VM operation: G1CollectForAllocation (G1 Evacuation Pause)
Event: 346.676 Executing VM operation: G1CollectForAllocation (G1 Evacuation Pause) done
Event: 357.511 Executing VM operation: G1CollectForAllocation (G1 Evacuation Pause)
Event: 357.551 Executing VM operation: G1CollectForAllocation (G1 Evacuation Pause) done
Event: 361.165 Executing VM operation: HandshakeAllThreads (HandshakeForDeflation)
Event: 361.165 Executing VM operation: HandshakeAllThreads (HandshakeForDeflation) done
Event: 361.165 Executing VM operation: RendezvousGCThreads
Event: 361.165 Executing VM operation: RendezvousGCThreads done
Event: 366.230 Executing VM operation: G1CollectForAllocation (G1 Evacuation Pause)
Event: 366.263 Executing VM operation: G1CollectForAllocation (G1 Evacuation Pause) done
Event: 372.869 Executing VM operation: G1CollectForAllocation (G1 Evacuation Pause)

Memory protections (0 events):
No events

Nmethod flushes (20 events):
Event: 126.059 Thread 0x0000021edb71e8b0 flushing  nmethod 0x0000021ec4106c90
Event: 126.059 Thread 0x0000021edb71e8b0 flushing  nmethod 0x0000021ec4110410
Event: 126.059 Thread 0x0000021edb71e8b0 flushing  nmethod 0x0000021ec4111990
Event: 126.059 Thread 0x0000021edb71e8b0 flushing  nmethod 0x0000021ec413e810
Event: 126.059 Thread 0x0000021edb71e8b0 flushing  nmethod 0x0000021ec41d6690
Event: 126.059 Thread 0x0000021edb71e8b0 flushing  nmethod 0x0000021ec41d7e10
Event: 126.059 Thread 0x0000021edb71e8b0 flushing  nmethod 0x0000021ec4208910
Event: 126.059 Thread 0x0000021edb71e8b0 flushing  nmethod 0x0000021ec4208d90
Event: 126.059 Thread 0x0000021edb71e8b0 flushing  nmethod 0x0000021ec4209a90
Event: 126.059 Thread 0x0000021edb71e8b0 flushing  nmethod 0x0000021ec420e290
Event: 126.059 Thread 0x0000021edb71e8b0 flushing  nmethod 0x0000021ec4270910
Event: 126.059 Thread 0x0000021edb71e8b0 flushing  nmethod 0x0000021ec4270f10
Event: 126.059 Thread 0x0000021edb71e8b0 flushing  nmethod 0x0000021ec4271690
Event: 126.059 Thread 0x0000021edb71e8b0 flushing  nmethod 0x0000021ec4271e10
Event: 126.059 Thread 0x0000021edb71e8b0 flushing  nmethod 0x0000021ec4272210
Event: 126.059 Thread 0x0000021edb71e8b0 flushing  nmethod 0x0000021ec4272d10
Event: 126.059 Thread 0x0000021edb71e8b0 flushing  nmethod 0x0000021ec4273610
Event: 126.059 Thread 0x0000021edb71e8b0 flushing  nmethod 0x0000021ec4274310
Event: 126.059 Thread 0x0000021edb71e8b0 flushing  nmethod 0x0000021ec4274b10
Event: 126.059 Thread 0x0000021edb71e8b0 flushing  nmethod 0x0000021ec4275010

Events (20 events):
Event: 1.626 Thread 0x0000021f2fe32890 Thread exited: 0x0000021f2fe32890
Event: 1.626 Thread 0x0000021f223f6a80 Thread exited: 0x0000021f223f6a80
Event: 1.627 Thread 0x0000021f2fe321f0 Thread exited: 0x0000021f2fe321f0
Event: 1.627 Thread 0x0000021edb836780 Thread exited: 0x0000021edb836780
Event: 1.627 Thread 0x0000021f2fe58d70 Thread exited: 0x0000021f2fe58d70
Event: 1.627 Thread 0x0000021f2ff39860 Thread exited: 0x0000021f2ff39860
Event: 1.627 Thread 0x0000021f22707dc0 Thread exited: 0x0000021f22707dc0
Event: 1.627 Thread 0x0000021f2fd08b30 Thread exited: 0x0000021f2fd08b30
Event: 1.637 Thread 0x0000021ebb84f940 Thread added: 0x0000021f2ff39860
Event: 2.102 Thread 0x0000021edb748540 Thread added: 0x0000021f2fde4b20
Event: 2.211 Thread 0x0000021f2fde4b20 Thread exited: 0x0000021f2fde4b20
Event: 2.764 Thread 0x0000021edb7e9120 Thread exited: 0x0000021edb7e9120
Event: 3.548 Thread 0x0000021edb748540 Thread added: 0x0000021edb7e9120
Event: 3.548 Thread 0x0000021edb748540 Thread added: 0x0000021f2fde4b20
Event: 3.800 Thread 0x0000021f2fde4b20 Thread exited: 0x0000021f2fde4b20
Event: 3.917 Thread 0x0000021edb7e9120 Thread exited: 0x0000021edb7e9120
Event: 4.047 Thread 0x0000021edb748540 Thread added: 0x0000021edb7e9120
Event: 4.047 Thread 0x0000021edb748540 Thread added: 0x0000021f3013ce00
Event: 9.276 Thread 0x0000021f3013ce00 Thread exited: 0x0000021f3013ce00
Event: 14.286 Thread 0x0000021edb7e9120 Thread exited: 0x0000021edb7e9120


Dynamic libraries:
0x00007ff7251b0000 - 0x00007ff7251be000 	C:\Users\User\.jdks\ms-21.0.7\bin\java.exe
0x00007ffd83840000 - 0x00007ffd83aa9000 	C:\WINDOWS\SYSTEM32\ntdll.dll
0x00007ffd83650000 - 0x00007ffd83719000 	C:\WINDOWS\System32\KERNEL32.DLL
0x00007ffd80a90000 - 0x00007ffd80e83000 	C:\WINDOWS\System32\KERNELBASE.dll
0x00007ffd81180000 - 0x00007ffd812cb000 	C:\WINDOWS\System32\ucrtbase.dll
0x00007ffd6b620000 - 0x00007ffd6b638000 	C:\Users\User\.jdks\ms-21.0.7\bin\jli.dll
0x00007ffd7bd30000 - 0x00007ffd7bd4d000 	C:\Users\User\.jdks\ms-21.0.7\bin\VCRUNTIME140.dll
0x00007ffd81de0000 - 0x00007ffd81fa4000 	C:\WINDOWS\System32\USER32.dll
0x00007ffd60e40000 - 0x00007ffd610d3000 	C:\WINDOWS\WinSxS\amd64_microsoft.windows.common-controls_6595b64144ccf1df_6.0.26100.5074_none_3e0d6f78e32fd63f\COMCTL32.dll
0x00007ffd80f30000 - 0x00007ffd80f57000 	C:\WINDOWS\System32\win32u.dll
0x00007ffd81610000 - 0x00007ffd8163b000 	C:\WINDOWS\System32\GDI32.dll
0x00007ffd82d20000 - 0x00007ffd82dc9000 	C:\WINDOWS\System32\msvcrt.dll
0x00007ffd814e0000 - 0x00007ffd8160d000 	C:\WINDOWS\System32\gdi32full.dll
0x00007ffd810d0000 - 0x00007ffd81173000 	C:\WINDOWS\System32\msvcp_win.dll
0x00007ffd81710000 - 0x00007ffd8173f000 	C:\WINDOWS\System32\IMM32.DLL
0x00007ffd65380000 - 0x00007ffd6538c000 	C:\Users\User\.jdks\ms-21.0.7\bin\vcruntime140_1.dll
0x00007ffd4e3c0000 - 0x00007ffd4e44d000 	C:\Users\User\.jdks\ms-21.0.7\bin\msvcp140.dll
0x00007ffcefc30000 - 0x00007ffcf09c8000 	C:\Users\User\.jdks\ms-21.0.7\bin\server\jvm.dll
0x00007ffd82130000 - 0x00007ffd821e4000 	C:\WINDOWS\System32\ADVAPI32.dll
0x00007ffd82e50000 - 0x00007ffd82ef6000 	C:\WINDOWS\System32\sechost.dll
0x00007ffd823c0000 - 0x00007ffd824d8000 	C:\WINDOWS\System32\RPCRT4.dll
0x00007ffd82b50000 - 0x00007ffd82bc4000 	C:\WINDOWS\System32\WS2_32.dll
0x00007ffd80780000 - 0x00007ffd807de000 	C:\WINDOWS\SYSTEM32\POWRPROF.dll
0x00007ffd754b0000 - 0x00007ffd754e5000 	C:\WINDOWS\SYSTEM32\WINMM.dll
0x00007ffd7a990000 - 0x00007ffd7a99b000 	C:\WINDOWS\SYSTEM32\VERSION.dll
0x00007ffd80680000 - 0x00007ffd80694000 	C:\WINDOWS\SYSTEM32\UMPDC.dll
0x00007ffd7f770000 - 0x00007ffd7f78b000 	C:\WINDOWS\SYSTEM32\kernel.appcore.dll
0x00007ffd65370000 - 0x00007ffd6537a000 	C:\Users\User\.jdks\ms-21.0.7\bin\jimage.dll
0x00007ffd699c0000 - 0x00007ffd69c02000 	C:\WINDOWS\SYSTEM32\DBGHELP.DLL
0x00007ffd81a60000 - 0x00007ffd81ddb000 	C:\WINDOWS\System32\combase.dll
0x00007ffd83720000 - 0x00007ffd837f7000 	C:\WINDOWS\System32\OLEAUT32.dll
0x00007ffd688a0000 - 0x00007ffd688dd000 	C:\WINDOWS\SYSTEM32\dbgcore.DLL
0x00007ffd80e90000 - 0x00007ffd80f29000 	C:\WINDOWS\System32\bcryptPrimitives.dll
0x00007ffd60840000 - 0x00007ffd60860000 	C:\Users\User\.jdks\ms-21.0.7\bin\java.dll
0x00007ffd82f00000 - 0x00007ffd8364d000 	C:\WINDOWS\System32\SHELL32.dll
0x00007ffd80f60000 - 0x00007ffd810cc000 	C:\WINDOWS\System32\wintypes.dll
0x00007ffd7e610000 - 0x00007ffd7ee69000 	C:\WINDOWS\SYSTEM32\windows.storage.dll
0x00007ffd81fb0000 - 0x00007ffd820a0000 	C:\WINDOWS\System32\SHCORE.dll
0x00007ffd82dd0000 - 0x00007ffd82e32000 	C:\WINDOWS\System32\shlwapi.dll
0x00007ffd808f0000 - 0x00007ffd80919000 	C:\WINDOWS\SYSTEM32\profapi.dll
0x00007ffd3d390000 - 0x00007ffd3d466000 	C:\Users\User\.jdks\ms-21.0.7\bin\jsvml.dll
0x00007ffd64990000 - 0x00007ffd649a0000 	C:\Users\User\.jdks\ms-21.0.7\bin\net.dll
0x00007ffd7a070000 - 0x00007ffd7a18f000 	C:\WINDOWS\SYSTEM32\WINHTTP.dll
0x00007ffd7fcd0000 - 0x00007ffd7fd3b000 	C:\WINDOWS\system32\mswsock.dll
0x00007ffd5e700000 - 0x00007ffd5e716000 	C:\Users\User\.jdks\ms-21.0.7\bin\nio.dll
0x00007ffd5e720000 - 0x00007ffd5e738000 	C:\Users\User\.jdks\ms-21.0.7\bin\zip.dll
0x00007ffd60830000 - 0x00007ffd60840000 	C:\Users\User\.jdks\ms-21.0.7\bin\verify.dll
0x00007ffd7ba60000 - 0x00007ffd7badb000 	C:\Users\User\AppData\Local\Temp\lwjgl_User\3.3.3+5\x64\lwjgl.dll
0x00007ffd7b9d0000 - 0x00007ffd7ba52000 	C:\Users\User\AppData\Local\Temp\lwjgl_User\3.3.3+5\x64\glfw.dll
0x00007ffd68510000 - 0x00007ffd6855b000 	C:\WINDOWS\SYSTEM32\dinput8.dll
0x00007ffd684f0000 - 0x00007ffd68502000 	C:\WINDOWS\SYSTEM32\xinput1_4.dll
0x00007ffd805d0000 - 0x00007ffd80627000 	C:\WINDOWS\SYSTEM32\cfgmgr32.dll
0x00007ffd805a0000 - 0x00007ffd805cd000 	C:\WINDOWS\SYSTEM32\DEVOBJ.dll
0x00007ffd7df90000 - 0x00007ffd7dfbb000 	C:\WINDOWS\SYSTEM32\dwmapi.dll
0x00007ffd6c670000 - 0x00007ffd6c84a000 	C:\WINDOWS\SYSTEM32\inputhost.dll
0x00007ffd7d810000 - 0x00007ffd7d935000 	C:\WINDOWS\SYSTEM32\CoreMessaging.dll
0x00007ffd7dce0000 - 0x00007ffd7dd88000 	C:\WINDOWS\system32\uxtheme.dll
0x00007ffd82970000 - 0x00007ffd82ac8000 	C:\WINDOWS\System32\MSCTF.dll
0x00007ffd7ff00000 - 0x00007ffd7ff0c000 	C:\WINDOWS\SYSTEM32\CRYPTBASE.DLL
0x00007ffcef1a0000 - 0x00007ffcef2ac000 	C:\WINDOWS\SYSTEM32\opengl32.dll
0x00007ffcef170000 - 0x00007ffcef19d000 	C:\WINDOWS\SYSTEM32\GLU32.dll
0x00007ffd7dde0000 - 0x00007ffd7de24000 	C:\WINDOWS\SYSTEM32\dxcore.dll
0x00007ffd73a40000 - 0x00007ffd73a5a000 	C:\WINDOWS\SYSTEM32\windows.staterepositorycore.dll
0x00007ffcec8d0000 - 0x00007ffcef166000 	C:\WINDOWS\System32\DriverStore\FileRepository\nv_dispi.inf_amd64_2c61c4d89b199ea8\nvoglv64.dll
0x00007ffd824e0000 - 0x00007ffd82967000 	C:\WINDOWS\System32\SETUPAPI.dll
0x00007ffd82220000 - 0x00007ffd823b8000 	C:\WINDOWS\System32\ole32.dll
0x00007ffd7dc80000 - 0x00007ffd7dcaa000 	C:\WINDOWS\SYSTEM32\WTSAPI32.dll
0x00007ffd812d0000 - 0x00007ffd81447000 	C:\WINDOWS\System32\CRYPT32.dll
0x00007ffd7fa10000 - 0x00007ffd7fa59000 	C:\WINDOWS\SYSTEM32\SspiCli.dll
0x00007ffd80100000 - 0x00007ffd80113000 	C:\WINDOWS\SYSTEM32\msasn1.dll
0x00007ffd7a7e0000 - 0x00007ffd7a81b000 	C:\WINDOWS\SYSTEM32\cryptnet.dll
0x00007ffd7ffa0000 - 0x00007ffd80004000 	C:\WINDOWS\SYSTEM32\wldp.dll
0x00007ffd7a610000 - 0x00007ffd7a785000 	C:\WINDOWS\SYSTEM32\drvstore.dll
0x00007ffd81450000 - 0x00007ffd814ce000 	C:\WINDOWS\System32\WINTRUST.dll
0x00007ffd7f890000 - 0x00007ffd7f8c6000 	C:\WINDOWS\SYSTEM32\ntmarta.dll
0x00007ffd821f0000 - 0x00007ffd82210000 	C:\WINDOWS\System32\imagehlp.dll
0x00007ffd800a0000 - 0x00007ffd800bb000 	C:\WINDOWS\System32\CRYPTSP.dll
0x00007ffd7f6d0000 - 0x00007ffd7f70b000 	C:\WINDOWS\system32\rsaenh.dll
0x00007ffd808c0000 - 0x00007ffd808e6000 	C:\WINDOWS\System32\bcrypt.dll
0x00007ffd764e0000 - 0x00007ffd79f92000 	C:\WINDOWS\System32\DriverStore\FileRepository\nv_dispi.inf_amd64_2c61c4d89b199ea8\nvgpucomp64.dll
0x00007ffd490e0000 - 0x00007ffd493e6000 	C:\WINDOWS\system32\nvspcap64.dll
0x00007ffd80330000 - 0x00007ffd80393000 	C:\WINDOWS\SYSTEM32\WINSTA.dll
0x00007ffd6cc60000 - 0x00007ffd6cda9000 	C:\WINDOWS\SYSTEM32\textinputframework.dll
0x00007ffd7afb0000 - 0x00007ffd7b293000 	C:\WINDOWS\SYSTEM32\CoreUIComponents.dll
0x00007ffd68490000 - 0x00007ffd684ee000 	C:\Users\User\AppData\Local\Temp\lwjgl_User\3.3.3+5\x64\lwjgl_opengl.dll
0x00007ffd5fa10000 - 0x00007ffd5fbd7000 	C:\Users\User\AppData\Local\Temp\lwjgl_User\3.3.3+5\x64\OpenAL.dll
0x00007ffd82bd0000 - 0x00007ffd82c81000 	C:\WINDOWS\System32\clbcatq.dll
0x00007ffd73d50000 - 0x00007ffd73de9000 	C:\WINDOWS\System32\MMDevApi.dll
0x00007ffd60250000 - 0x00007ffd6040b000 	C:\WINDOWS\SYSTEM32\AUDIOSES.DLL
0x00007ffd7e300000 - 0x00007ffd7e314000 	C:\WINDOWS\SYSTEM32\resourcepolicyclient.dll
0x00007ffd5f540000 - 0x00007ffd5f5c2000 	C:\Users\User\AppData\Local\Temp\lwjgl_User\3.3.3+5\x64\lwjgl_stb.dll
0x00007ffd56340000 - 0x00007ffd56349000 	C:\Users\User\.jdks\ms-21.0.7\bin\extnet.dll

dbghelp: loaded successfully - version: 4.0.5 - missing functions: none
symbol engine: initialized successfully - sym options: 0x614 - pdb path: .;C:\Users\User\.jdks\ms-21.0.7\bin;C:\WINDOWS\SYSTEM32;C:\WINDOWS\WinSxS\amd64_microsoft.windows.common-controls_6595b64144ccf1df_6.0.26100.5074_none_3e0d6f78e32fd63f;C:\Users\User\.jdks\ms-21.0.7\bin\server;C:\Users\User\AppData\Local\Temp\lwjgl_User\3.3.3+5\x64;C:\WINDOWS\System32\DriverStore\FileRepository\nv_dispi.inf_amd64_2c61c4d89b199ea8

VM Arguments:
jvm_args: -Dfile.encoding=UTF-8 -Duser.country=US -Duser.language=en -Duser.variant 
java_command: Main
java_class_path (initial): C:\Users\User\.gradle\.tmp\gradle-javaexec-classpath15004851016629079755.jar
Launcher Type: SUN_STANDARD

[Global flags]
     intx CICompilerCount                          = 12                                        {product} {ergonomic}
     uint ConcGCThreads                            = 3                                         {product} {ergonomic}
     uint G1ConcRefinementThreads                  = 13                                        {product} {ergonomic}
   size_t G1HeapRegionSize                         = 2097152                                   {product} {ergonomic}
    uintx GCDrainStackTargetSize                   = 64                                        {product} {ergonomic}
   size_t InitialHeapSize                          = 268435456                                 {product} {ergonomic}
   size_t MarkStackSize                            = 4194304                                   {product} {ergonomic}
   size_t MaxHeapSize                              = 4276092928                                {product} {ergonomic}
   size_t MaxNewSize                               = 2564816896                                {product} {ergonomic}
   size_t MinHeapDeltaBytes                        = 2097152                                   {product} {ergonomic}
   size_t MinHeapSize                              = 8388608                                   {product} {ergonomic}
    uintx NonNMethodCodeHeapSize                   = 7602480                                {pd product} {ergonomic}
    uintx NonProfiledCodeHeapSize                  = 122027880                              {pd product} {ergonomic}
    uintx ProfiledCodeHeapSize                     = 122027880                              {pd product} {ergonomic}
    uintx ReservedCodeCacheSize                    = 251658240                              {pd product} {ergonomic}
     bool SegmentedCodeCache                       = true                                      {product} {ergonomic}
   size_t SoftMaxHeapSize                          = 4276092928                             {manageable} {ergonomic}
     bool UseCompressedOops                        = true                           {product lp64_product} {ergonomic}
     bool UseG1GC                                  = true                                      {product} {ergonomic}
     bool UseLargePagesIndividualAllocation        = false                                  {pd product} {ergonomic}

Logging:
Log output configuration:
 #0: stdout all=warning uptime,level,tags foldmultilines=false
 #1: stderr all=off uptime,level,tags foldmultilines=false

Environment Variables:
PATH=C:\VulkanSDK\1.3.243.0\Bin;C:\Libraries\VulkanSDK\Bin;C:\Program Files\Common Files\Oracle\Java\javapath;C:\Program Files (x86)\Common Files\Oracle\Java\java8path;C:\Program Files (x86)\Common Files\Oracle\Java\javapath;C:\WINDOWS\system32;C:\WINDOWS;C:\WINDOWS\System32\Wbem;C:\WINDOWS\System32\WindowsPowerShell\v1.0\;C:\WINDOWS\System32\OpenSSH\;C:\Program Files\NVIDIA Corporation\NVIDIA App\NvDLISR;C:\Program Files (x86)\NVIDIA Corporation\PhysX\Common;C:\Program Files\Git\cmd;C:\Program Files\CMake\bin;C:\Program Files (x86)\Windows Kits\10\Windows Performance Toolkit\;C:\Program Files\Go\bin;C:\Program Files\Docker\Docker\resources\bin;C:\Program Files\nodejs\;C:\Users\User\.cargo\bin;C:\Users\User\AppData\Local\Programs\Python\Launcher\;C:\Users\User\AppData\Local\Programs\Eclipse Adoptium\jdk-8.0.452.9-hotspot\bin;C:\Users\User\AppData\Local\Microsoft\WindowsApps;C:\Users\User\AppData\Local\Programs\Microsoft VS Code\bin;C:\Ninja;C:\Users\User\go\bin;C:\Users\User\AppData\Local\GitHubDesktop\bin;C:\Users\User\AppData\Local\Packages\PythonSoftwareFoundation.Python.3.12_qbz5n2kfra8p0\LocalCache\local-packages\Python312\Scripts;C:\Users\User\AppData\Roaming\npm;C:\Program Files\nodejs;C:\MinGW\bin;C:\Users\User\Documents\Work\bin\Downloads\Archives\Contents\VC\Tools\MSVC\14.44.35207\bin\Hostx64\x64;C:\Users\User\Documents\Work\bin\;
USERNAME=User
OS=Windows_NT
PROCESSOR_IDENTIFIER=Intel64 Family 6 Model 165 Stepping 5, GenuineIntel
TMP=C:\Users\User\AppData\Local\Temp
TEMP=C:\Users\User\AppData\Local\Temp




Periodic native trim disabled

---------------  S Y S T E M  ---------------

OS:
 Windows 11 , 64 bit Build 26100 (10.0.26100.5074)
OS uptime: 0 days 1:46 hours
Hyper-V role detected

CPU: total 16 (initial active 16) (8 cores per cpu, 2 threads per core) family 6 model 165 stepping 5 microcode 0xfa, cx8, cmov, fxsr, ht, mmx, 3dnowpref, sse, sse2, sse3, ssse3, sse4.1, sse4.2, popcnt, lzcnt, tsc, tscinvbit, avx, avx2, aes, erms, clmul, bmi1, bmi2, adx, fma, vzeroupper, clflush, clflushopt, hv, rdtscp, f16c
Processor Information for the first 16 processors :
  Max Mhz: 3792, Current Mhz: 3792, Mhz Limit: 3792

Memory: 4k page, system-wide physical 16305M (6358M free)
TotalPageFile size 28593M (AvailPageFile size 14068M)
current process WorkingSet (physical memory assigned to process): 629M, peak: 1833M
current process commit charge ("private bytes"): 1583M, peak: 3108M

vm_info: OpenJDK 64-Bit Server VM (21.0.7+6-LTS) for windows-amd64 JRE (21.0.7+6-LTS), built on 2025-04-09T22:17:25Z by "MicrosoftCorporation" with unknown MS VC++:1939

END.
